Archive member included to satisfy reference by file (symbol)

/opt/st/stm32cubeide_1.2.0/plugins/com.st.stm32cube.ide.mcu.externaltools.gnu-tools-for-stm32.7-2018-q2-update.linux64_1.0.0.201904181610/tools/bin/../lib/gcc/arm-none-eabi/7.3.1/../../../../arm-none-eabi/lib/thumb/v7-m/libc_nano.a(lib_a-atoi.o)
                              ioLibrary_Driver/Internet/FTPClient/ftpc.o (atoi)
/opt/st/stm32cubeide_1.2.0/plugins/com.st.stm32cube.ide.mcu.externaltools.gnu-tools-for-stm32.7-2018-q2-update.linux64_1.0.0.201904181610/tools/bin/../lib/gcc/arm-none-eabi/7.3.1/../../../../arm-none-eabi/lib/thumb/v7-m/libc_nano.a(lib_a-errno.o)
                              Core/Src/syscalls.o (__errno)
/opt/st/stm32cubeide_1.2.0/plugins/com.st.stm32cube.ide.mcu.externaltools.gnu-tools-for-stm32.7-2018-q2-update.linux64_1.0.0.201904181610/tools/bin/../lib/gcc/arm-none-eabi/7.3.1/../../../../arm-none-eabi/lib/thumb/v7-m/libc_nano.a(lib_a-exit.o)
                              /opt/st/stm32cubeide_1.2.0/plugins/com.st.stm32cube.ide.mcu.externaltools.gnu-tools-for-stm32.7-2018-q2-update.linux64_1.0.0.201904181610/tools/bin/../lib/gcc/arm-none-eabi/7.3.1/../../../../arm-none-eabi/lib/thumb/v7-m/crt0.o (exit)
/opt/st/stm32cubeide_1.2.0/plugins/com.st.stm32cube.ide.mcu.externaltools.gnu-tools-for-stm32.7-2018-q2-update.linux64_1.0.0.201904181610/tools/bin/../lib/gcc/arm-none-eabi/7.3.1/../../../../arm-none-eabi/lib/thumb/v7-m/libc_nano.a(lib_a-impure.o)
                              /opt/st/stm32cubeide_1.2.0/plugins/com.st.stm32cube.ide.mcu.externaltools.gnu-tools-for-stm32.7-2018-q2-update.linux64_1.0.0.201904181610/tools/bin/../lib/gcc/arm-none-eabi/7.3.1/../../../../arm-none-eabi/lib/thumb/v7-m/libc_nano.a(lib_a-exit.o) (_global_impure_ptr)
/opt/st/stm32cubeide_1.2.0/plugins/com.st.stm32cube.ide.mcu.externaltools.gnu-tools-for-stm32.7-2018-q2-update.linux64_1.0.0.201904181610/tools/bin/../lib/gcc/arm-none-eabi/7.3.1/../../../../arm-none-eabi/lib/thumb/v7-m/libc_nano.a(lib_a-init.o)
                              /opt/st/stm32cubeide_1.2.0/plugins/com.st.stm32cube.ide.mcu.externaltools.gnu-tools-for-stm32.7-2018-q2-update.linux64_1.0.0.201904181610/tools/bin/../lib/gcc/arm-none-eabi/7.3.1/../../../../arm-none-eabi/lib/thumb/v7-m/crt0.o (__libc_init_array)
/opt/st/stm32cubeide_1.2.0/plugins/com.st.stm32cube.ide.mcu.externaltools.gnu-tools-for-stm32.7-2018-q2-update.linux64_1.0.0.201904181610/tools/bin/../lib/gcc/arm-none-eabi/7.3.1/../../../../arm-none-eabi/lib/thumb/v7-m/libc_nano.a(lib_a-locale.o)
                              ioLibrary_Driver/Internet/FTPServer/ftpd.o (__locale_ctype_ptr)
/opt/st/stm32cubeide_1.2.0/plugins/com.st.stm32cube.ide.mcu.externaltools.gnu-tools-for-stm32.7-2018-q2-update.linux64_1.0.0.201904181610/tools/bin/../lib/gcc/arm-none-eabi/7.3.1/../../../../arm-none-eabi/lib/thumb/v7-m/libc_nano.a(lib_a-malloc.o)
                              ioLibrary_Driver/Internet/httpServer/httpServer.o (malloc)
/opt/st/stm32cubeide_1.2.0/plugins/com.st.stm32cube.ide.mcu.externaltools.gnu-tools-for-stm32.7-2018-q2-update.linux64_1.0.0.201904181610/tools/bin/../lib/gcc/arm-none-eabi/7.3.1/../../../../arm-none-eabi/lib/thumb/v7-m/libc_nano.a(lib_a-mbtowc_r.o)
                              /opt/st/stm32cubeide_1.2.0/plugins/com.st.stm32cube.ide.mcu.externaltools.gnu-tools-for-stm32.7-2018-q2-update.linux64_1.0.0.201904181610/tools/bin/../lib/gcc/arm-none-eabi/7.3.1/../../../../arm-none-eabi/lib/thumb/v7-m/libc_nano.a(lib_a-locale.o) (__ascii_mbtowc)
/opt/st/stm32cubeide_1.2.0/plugins/com.st.stm32cube.ide.mcu.externaltools.gnu-tools-for-stm32.7-2018-q2-update.linux64_1.0.0.201904181610/tools/bin/../lib/gcc/arm-none-eabi/7.3.1/../../../../arm-none-eabi/lib/thumb/v7-m/libc_nano.a(lib_a-memcmp.o)
                              ioLibrary_Driver/Internet/MQTT/MQTTPacket/src/MQTTConnectServer.o (memcmp)
/opt/st/stm32cubeide_1.2.0/plugins/com.st.stm32cube.ide.mcu.externaltools.gnu-tools-for-stm32.7-2018-q2-update.linux64_1.0.0.201904181610/tools/bin/../lib/gcc/arm-none-eabi/7.3.1/../../../../arm-none-eabi/lib/thumb/v7-m/libc_nano.a(lib_a-memcpy-stub.o)
                              ioLibrary_Driver/Internet/FTPServer/ftpd.o (memcpy)
/opt/st/stm32cubeide_1.2.0/plugins/com.st.stm32cube.ide.mcu.externaltools.gnu-tools-for-stm32.7-2018-q2-update.linux64_1.0.0.201904181610/tools/bin/../lib/gcc/arm-none-eabi/7.3.1/../../../../arm-none-eabi/lib/thumb/v7-m/libc_nano.a(lib_a-memset.o)
                              /opt/st/stm32cubeide_1.2.0/plugins/com.st.stm32cube.ide.mcu.externaltools.gnu-tools-for-stm32.7-2018-q2-update.linux64_1.0.0.201904181610/tools/bin/../lib/gcc/arm-none-eabi/7.3.1/../../../../arm-none-eabi/lib/thumb/v7-m/crt0.o (memset)
/opt/st/stm32cubeide_1.2.0/plugins/com.st.stm32cube.ide.mcu.externaltools.gnu-tools-for-stm32.7-2018-q2-update.linux64_1.0.0.201904181610/tools/bin/../lib/gcc/arm-none-eabi/7.3.1/../../../../arm-none-eabi/lib/thumb/v7-m/libc_nano.a(lib_a-nano-freer.o)
[...]
Memory Configuration

Name             Origin             Length             Attributes
RAM              0x0000000020000000 0x0000000000005000 xrw
FLASH            0x0000000008000000 0x0000000000010000 xr
*default*        0x0000000000000000 0xffffffffffffffff

Linker script and memory map

LOAD /opt/st/stm32cubeide_1.2.0/plugins/com.st.stm32cube.ide.mcu.externaltools.gnu-tools-for-stm32.7-2018-q2-update.linux64_1.0.0.201904181610/tools/bin/../lib/gcc/arm-none-eabi/7.3.1/thumb/v7-m/crti.o
LOAD /opt/st/stm32cubeide_1.2.0/plugins/com.st.stm32cube.ide.mcu.externaltools.gnu-tools-for-stm32.7-2018-q2-update.linux64_1.0.0.201904181610/tools/bin/../lib/gcc/arm-none-eabi/7.3.1/thumb/v7-m/crtbegin.o
LOAD /opt/st/stm32cubeide_1.2.0/plugins/com.st.stm32cube.ide.mcu.externaltools.gnu-tools-for-stm32.7-2018-q2-update.linux64_1.0.0.201904181610/tools/bin/../lib/gcc/arm-none-eabi/7.3.1/../../../../arm-none-eabi/lib/thumb/v7-m/crt0.o
LOAD Core/Src/main.o
LOAD Core/Src/stm32f1xx_hal_msp.o
LOAD Core/Src/stm32f1xx_it.o
LOAD Core/Src/syscalls.o
LOAD Core/Src/sysmem.o
LOAD Core/Src/system_stm32f1xx.o
LOAD Core/Startup/startup_stm32f103c8tx.o
LOAD Drivers/STM32F1xx_HAL_Driver/Src/stm32f1xx_hal.o
LOAD Drivers/STM32F1xx_HAL_Driver/Src/stm32f1xx_hal_cortex.o
LOAD Drivers/STM32F1xx_HAL_Driver/Src/stm32f1xx_hal_dma.o
LOAD Drivers/STM32F1xx_HAL_Driver/Src/stm32f1xx_hal_exti.o
LOAD Drivers/STM32F1xx_HAL_Driver/Src/stm32f1xx_hal_flash.o
LOAD Drivers/STM32F1xx_HAL_Driver/Src/stm32f1xx_hal_flash_ex.o
LOAD Drivers/STM32F1xx_HAL_Driver/Src/stm32f1xx_hal_gpio.o
LOAD Drivers/STM32F1xx_HAL_Driver/Src/stm32f1xx_hal_gpio_ex.o
LOAD Drivers/STM32F1xx_HAL_Driver/Src/stm32f1xx_hal_pwr.o
LOAD Drivers/STM32F1xx_HAL_Driver/Src/stm32f1xx_hal_rcc.o
LOAD Drivers/STM32F1xx_HAL_Driver/Src/stm32f1xx_hal_rcc_ex.o
LOAD Drivers/STM32F1xx_HAL_Driver/Src/stm32f1xx_hal_spi.o
LOAD Drivers/STM32F1xx_HAL_Driver/Src/stm32f1xx_hal_tim.o
LOAD Drivers/STM32F1xx_HAL_Driver/Src/stm32f1xx_hal_tim_ex.o
LOAD Drivers/STM32F1xx_HAL_Driver/Src/stm32f1xx_hal_uart.o
LOAD ioLibrary_Driver/Application/loopback/loopback.o
LOAD ioLibrary_Driver/Application/multicast/multicast.o
LOAD ioLibrary_Driver/Ethernet/W5100/w5100.o
LOAD ioLibrary_Driver/Ethernet/W5100S/w5100s.o
LOAD ioLibrary_Driver/Ethernet/W5200/w5200.o
LOAD ioLibrary_Driver/Ethernet/W5300/w5300.o
LOAD ioLibrary_Driver/Ethernet/W5500/w5500.o
LOAD ioLibrary_Driver/Ethernet/socket.o
LOAD ioLibrary_Driver/Ethernet/wizchip_conf.o
LOAD ioLibrary_Driver/Internet/DHCP/dhcp.o
LOAD ioLibrary_Driver/Internet/DNS/dns.o
LOAD ioLibrary_Driver/Internet/FTPClient/ftpc.o
LOAD ioLibrary_Driver/Internet/FTPServer/ftpd.o
LOAD ioLibrary_Driver/Internet/MQTT/MQTTClient.o
LOAD ioLibrary_Driver/Internet/MQTT/mqtt_interface.o
LOAD ioLibrary_Driver/Internet/MQTT/MQTTPacket/src/MQTTConnectClient.o
LOAD ioLibrary_Driver/Internet/MQTT/MQTTPacket/src/MQTTConnectServer.o
LOAD ioLibrary_Driver/Internet/MQTT/MQTTPacket/src/MQTTDeserializePublish.o
LOAD ioLibrary_Driver/Internet/MQTT/MQTTPacket/src/MQTTFormat.o
LOAD ioLibrary_Driver/Internet/MQTT/MQTTPacket/src/MQTTPacket.o
LOAD ioLibrary_Driver/Internet/MQTT/MQTTPacket/src/MQTTSerializePublish.o
LOAD ioLibrary_Driver/Internet/MQTT/MQTTPacket/src/MQTTSubscribeClient.o
LOAD ioLibrary_Driver/Internet/MQTT/MQTTPacket/src/MQTTSubscribeServer.o
LOAD ioLibrary_Driver/Internet/MQTT/MQTTPacket/src/MQTTUnsubscribeClient.o
LOAD ioLibrary_Driver/Internet/MQTT/MQTTPacket/src/MQTTUnsubscribeServer.o
LOAD ioLibrary_Driver/Internet/SNMP/snmp.o
LOAD ioLibrary_Driver/Internet/SNMP/snmp_custom.o
LOAD ioLibrary_Driver/Internet/SNTP/sntp.o
LOAD ioLibrary_Driver/Internet/TFTP/netutil.o
LOAD ioLibrary_Driver/Internet/TFTP/tftp.o
LOAD ioLibrary_Driver/Internet/httpServer/httpParser.o
LOAD ioLibrary_Driver/Internet/httpServer/httpServer.o
LOAD ioLibrary_Driver/Internet/httpServer/httpUtil.o
START GROUP
LOAD /opt/st/stm32cubeide_1.2.0/plugins/com.st.stm32cube.ide.mcu.externaltools.gnu-tools-for-stm32.7-2018-q2-update.linux64_1.0.0.201904181610/tools/bin/../lib/gcc/arm-none-eabi/7.3.1/../../../../arm-none-eabi/lib/thumb/v7-m/libc_nano.a
LOAD /opt/st/stm32cubeide_1.2.0/plugins/com.st.stm32cube.ide.mcu.externaltools.gnu-tools-for-stm32.7-2018-q2-update.linux64_1.0.0.201904181610/tools/bin/../lib/gcc/arm-none-eabi/7.3.1/../../../../arm-none-eabi/lib/thumb/v7-m/libm.a
END GROUP
START GROUP
LOAD /opt/st/stm32cubeide_1.2.0/plugins/com.st.stm32cube.ide.mcu.externaltools.gnu-tools-for-stm32.7-2018-q2-update.linux64_1.0.0.201904181610/tools/bin/../lib/gcc/arm-none-eabi/7.3.1/thumb/v7-m/libgcc.a
LOAD /opt/st/stm32cubeide_1.2.0/plugins/com.st.stm32cube.ide.mcu.externaltools.gnu-tools-for-stm32.7-2018-q2-update.linux64_1.0.0.201904181610/tools/bin/../lib/gcc/arm-none-eabi/7.3.1/../../../../arm-none-eabi/lib/thumb/v7-m/libc_nano.a
END GROUP
START GROUP
LOAD /opt/st/stm32cubeide_1.2.0/plugins/com.st.stm32cube.ide.mcu.externaltools.gnu-tools-for-stm32.7-2018-q2-update.linux64_1.0.0.201904181610/tools/bin/../lib/gcc/arm-none-eabi/7.3.1/thumb/v7-m/libgcc.a
LOAD /opt/st/stm32cubeide_1.2.0/plugins/com.st.stm32cube.ide.mcu.externaltools.gnu-tools-for-stm32.7-2018-q2-update.linux64_1.0.0.201904181610/tools/bin/../lib/gcc/arm-none-eabi/7.3.1/../../../../arm-none-eabi/lib/thumb/v7-m/libc_nano.a
LOAD /opt/st/stm32cubeide_1.2.0/plugins/com.st.stm32cube.ide.mcu.externaltools.gnu-tools-for-stm32.7-2018-q2-update.linux64_1.0.0.201904181610/tools/bin/../lib/gcc/arm-none-eabi/7.3.1/../../../../arm-none-eabi/lib/thumb/v7-m/libnosys.a
END GROUP
START GROUP
LOAD /opt/st/stm32cubeide_1.2.0/plugins/com.st.stm32cube.ide.mcu.externaltools.gnu-tools-for-stm32.7-2018-q2-update.linux64_1.0.0.201904181610/tools/bin/../lib/gcc/arm-none-eabi/7.3.1/thumb/v7-m/libgcc.a
LOAD /opt/st/stm32cubeide_1.2.0/plugins/com.st.stm32cube.ide.mcu.externaltools.gnu-tools-for-stm32.7-2018-q2-update.linux64_1.0.0.201904181610/tools/bin/../lib/gcc/arm-none-eabi/7.3.1/../../../../arm-none-eabi/lib/thumb/v7-m/libc_nano.a
LOAD /opt/st/stm32cubeide_1.2.0/plugins/com.st.stm32cube.ide.mcu.externaltools.gnu-tools-for-stm32.7-2018-q2-update.linux64_1.0.0.201904181610/tools/bin/../lib/gcc/arm-none-eabi/7.3.1/../../../../arm-none-eabi/lib/thumb/v7-m/libnosys.a
END GROUP
LOAD /opt/st/stm32cubeide_1.2.0/plugins/com.st.stm32cube.ide.mcu.externaltools.gnu-tools-for-stm32.7-2018-q2-update.linux64_1.0.0.201904181610/tools/bin/../lib/gcc/arm-none-eabi/7.3.1/thumb/v7-m/crtend.o
LOAD /opt/st/stm32cubeide_1.2.0/plugins/com.st.stm32cube.ide.mcu.externaltools.gnu-tools-for-stm32.7-2018-q2-update.linux64_1.0.0.201904181610/tools/bin/../lib/gcc/arm-none-eabi/7.3.1/thumb/v7-m/crtn.o
                0x0000000020005000                _estack = (ORIGIN (RAM) + LENGTH (RAM))
                0x0000000000000200                _Min_Heap_Size = 0x200
                0x0000000000000400                _Min_Stack_Size = 0x400

.isr_vector     0x0000000008000000      0x10c
                0x0000000008000000                . = ALIGN (0x4)
 *(.isr_vector)
 .isr_vector    0x0000000008000000      0x10c Core/Startup/startup_stm32f103c8tx.o
                0x0000000008000000                g_pfnVectors
                0x000000000800010c                . = ALIGN (0x4)

.text           0x000000000800010c     0x3f64
                0x000000000800010c                . = ALIGN (0x4)
 *(.text)
 .text          0x000000000800010c       0x40 /opt/st/stm32cubeide_1.2.0/plugins/com.st.stm32cube.ide.mcu.externaltools.gnu-tools-for-stm32.7-2018-q2-update.linux64_1.0.0.201904181610/tools/bin/../lib/gcc/arm-none-eabi/7.3.1/thumb/v7-m/crtbegin.o
 .text          0x000000000800014c       0x10 /opt/st/stm32cubeide_1.2.0/plugins/com.st.stm32cube.ide.mcu.externaltools.gnu-tools-for-stm32.7-2018-q2-update.linux64_1.0.0.201904181610/tools/bin/../lib/gcc/arm-none-eabi/7.3.1/../../../../arm-none-eabi/lib/thumb/v7-m/libc_nano.a(lib_a-strlen.o)
                0x000000000800014c                strlen
 *(.text*)
 .text.cs_sel   0x000000000800015c       0x18 Core/Src/main.o
                0x000000000800015c                cs_sel
 .text.cs_desel
                0x0000000008000174       0x18 Core/Src/main.o
                0x0000000008000174                cs_desel
 .text.spi_rb   0x000000000800018c       0x24 Core/Src/main.o
                0x000000000800018c                spi_rb
 .text.spi_wb   0x00000000080001b0       0x24 Core/Src/main.o
                0x00000000080001b0                spi_wb
 .text.main     0x00000000080001d4      0x388 Core/Src/main.o
                0x00000000080001d4                main
 .text.SystemClock_Config
                0x000000000800055c       0x88 Core/Src/main.o
                0x000000000800055c                SystemClock_Config
 .text.MX_SPI1_Init
                0x00000000080005e4       0x6c Core/Src/main.o
 .text.MX_USART1_UART_Init
                0x0000000008000650       0x54 Core/Src/main.o
 .text.MX_GPIO_Init
                0x00000000080006a4       0xc0 Core/Src/main.o
 .text.Error_Handler
                0x0000000008000764        0xc Core/Src/main.o
                0x0000000008000764                Error_Handler
 .text.HAL_MspInit
                0x0000000008000770       0x64 Core/Src/stm32f1xx_hal_msp.o
                0x0000000008000770                HAL_MspInit
 .text.HAL_SPI_MspInit
                0x00000000080007d4       0x94 Core/Src/stm32f1xx_hal_msp.o
                0x00000000080007d4                HAL_SPI_MspInit
 .text.HAL_UART_MspInit
                0x0000000008000868       0x98 Core/Src/stm32f1xx_hal_msp.o
                0x0000000008000868                HAL_UART_MspInit
 .text.NMI_Handler
                0x0000000008000900        0xc Core/Src/stm32f1xx_it.o
                0x0000000008000900                NMI_Handler
 .text.HardFault_Handler
                0x000000000800090c        0x6 Core/Src/stm32f1xx_it.o
                0x000000000800090c                HardFault_Handler
 .text.MemManage_Handler
                0x0000000008000912        0x6 Core/Src/stm32f1xx_it.o
                0x0000000008000912                MemManage_Handler
 .text.BusFault_Handler
                0x0000000008000918        0x6 Core/Src/stm32f1xx_it.o
                0x0000000008000918                BusFault_Handler
 .text.UsageFault_Handler
                0x000000000800091e        0x6 Core/Src/stm32f1xx_it.o
                0x000000000800091e                UsageFault_Handler
 .text.SVC_Handler
                0x0000000008000924        0xc Core/Src/stm32f1xx_it.o
                0x0000000008000924                SVC_Handler
 .text.DebugMon_Handler
                0x0000000008000930        0xc Core/Src/stm32f1xx_it.o
                0x0000000008000930                DebugMon_Handler
 .text.PendSV_Handler
                0x000000000800093c        0xc Core/Src/stm32f1xx_it.o
                0x000000000800093c                PendSV_Handler
 .text.SysTick_Handler
                0x0000000008000948        0xc Core/Src/stm32f1xx_it.o
                0x0000000008000948                SysTick_Handler
 .text._sbrk    0x0000000008000954       0x58 Core/Src/sysmem.o
                0x0000000008000954                _sbrk
 .text.SystemInit
                0x00000000080009ac       0x68 Core/Src/system_stm32f1xx.o
                0x00000000080009ac                SystemInit
 .text.Reset_Handler
                0x0000000008000a14       0x48 Core/Startup/startup_stm32f103c8tx.o
                0x0000000008000a14                Reset_Handler
 .text.Default_Handler
                0x0000000008000a5c        0x2 Core/Startup/startup_stm32f103c8tx.o
                0x0000000008000a5c                RTC_Alarm_IRQHandler
                0x0000000008000a5c                EXTI2_IRQHandler
                0x0000000008000a5c                TIM1_CC_IRQHandler
                0x0000000008000a5c                PVD_IRQHandler
                0x0000000008000a5c                EXTI3_IRQHandler
                0x0000000008000a5c                EXTI0_IRQHandler
                0x0000000008000a5c                I2C2_EV_IRQHandler
                0x0000000008000a5c                ADC1_2_IRQHandler
                0x0000000008000a5c                SPI1_IRQHandler
                0x0000000008000a5c                TAMPER_IRQHandler
                0x0000000008000a5c                DMA1_Channel4_IRQHandler
                0x0000000008000a5c                USART3_IRQHandler
                0x0000000008000a5c                RTC_IRQHandler
                0x0000000008000a5c                DMA1_Channel7_IRQHandler
                0x0000000008000a5c                CAN1_RX1_IRQHandler
                0x0000000008000a5c                TIM4_IRQHandler
                0x0000000008000a5c                I2C1_EV_IRQHandler
                0x0000000008000a5c                DMA1_Channel6_IRQHandler
                0x0000000008000a5c                TIM3_IRQHandler
                0x0000000008000a5c                RCC_IRQHandler
                0x0000000008000a5c                TIM1_TRG_COM_IRQHandler
                0x0000000008000a5c                DMA1_Channel1_IRQHandler
                0x0000000008000a5c                Default_Handler
                0x0000000008000a5c                EXTI15_10_IRQHandler
                0x0000000008000a5c                EXTI9_5_IRQHandler
                0x0000000008000a5c                SPI2_IRQHandler
                0x0000000008000a5c                DMA1_Channel5_IRQHandler
                0x0000000008000a5c                EXTI4_IRQHandler
                0x0000000008000a5c                USB_LP_CAN1_RX0_IRQHandler
                0x0000000008000a5c                USB_HP_CAN1_TX_IRQHandler
                0x0000000008000a5c                DMA1_Channel3_IRQHandler
                0x0000000008000a5c                TIM1_UP_IRQHandler
                0x0000000008000a5c                WWDG_IRQHandler
                0x0000000008000a5c                TIM2_IRQHandler
                0x0000000008000a5c                TIM1_BRK_IRQHandler
                0x0000000008000a5c                EXTI1_IRQHandler
                0x0000000008000a5c                USART2_IRQHandler
                0x0000000008000a5c                I2C2_ER_IRQHandler
                0x0000000008000a5c                DMA1_Channel2_IRQHandler
                0x0000000008000a5c                CAN1_SCE_IRQHandler
                0x0000000008000a5c                FLASH_IRQHandler
                0x0000000008000a5c                USART1_IRQHandler
                0x0000000008000a5c                I2C1_ER_IRQHandler
                0x0000000008000a5c                USBWakeUp_IRQHandler
 *fill*         0x0000000008000a5e        0x2 
 .text.HAL_Init
                0x0000000008000a60       0x2c Drivers/STM32F1xx_HAL_Driver/Src/stm32f1xx_hal.o
                0x0000000008000a60                HAL_Init
 .text.HAL_InitTick
                0x0000000008000a8c       0x60 Drivers/STM32F1xx_HAL_Driver/Src/stm32f1xx_hal.o
                0x0000000008000a8c                HAL_InitTick
 .text.HAL_IncTick
                0x0000000008000aec       0x24 Drivers/STM32F1xx_HAL_Driver/Src/stm32f1xx_hal.o
                0x0000000008000aec                HAL_IncTick
 .text.HAL_GetTick
                0x0000000008000b10       0x14 Drivers/STM32F1xx_HAL_Driver/Src/stm32f1xx_hal.o
                0x0000000008000b10                HAL_GetTick
 .text.HAL_Delay
                0x0000000008000b24       0x44 Drivers/STM32F1xx_HAL_Driver/Src/stm32f1xx_hal.o
                0x0000000008000b24                HAL_Delay
 .text.__NVIC_SetPriorityGrouping
                0x0000000008000b68       0x48 Drivers/STM32F1xx_HAL_Driver/Src/stm32f1xx_hal_cortex.o
 .text.__NVIC_GetPriorityGrouping
                0x0000000008000bb0       0x1c Drivers/STM32F1xx_HAL_Driver/Src/stm32f1xx_hal_cortex.o
 .text.__NVIC_SetPriority
                0x0000000008000bcc       0x54 Drivers/STM32F1xx_HAL_Driver/Src/stm32f1xx_hal_cortex.o
 .text.NVIC_EncodePriority
                0x0000000008000c20       0x64 Drivers/STM32F1xx_HAL_Driver/Src/stm32f1xx_hal_cortex.o
 .text.SysTick_Config
                0x0000000008000c84       0x44 Drivers/STM32F1xx_HAL_Driver/Src/stm32f1xx_hal_cortex.o
 .text.HAL_NVIC_SetPriorityGrouping
                0x0000000008000cc8       0x16 Drivers/STM32F1xx_HAL_Driver/Src/stm32f1xx_hal_cortex.o
                0x0000000008000cc8                HAL_NVIC_SetPriorityGrouping
 .text.HAL_NVIC_SetPriority
                0x0000000008000cde       0x38 Drivers/STM32F1xx_HAL_Driver/Src/stm32f1xx_hal_cortex.o
                0x0000000008000cde                HAL_NVIC_SetPriority
 .text.HAL_SYSTICK_Config
                0x0000000008000d16       0x18 Drivers/STM32F1xx_HAL_Driver/Src/stm32f1xx_hal_cortex.o
                0x0000000008000d16                HAL_SYSTICK_Config
 *fill*         0x0000000008000d2e        0x2 
 .text.HAL_GPIO_Init
                0x0000000008000d30      0x2b4 Drivers/STM32F1xx_HAL_Driver/Src/stm32f1xx_hal_gpio.o
                0x0000000008000d30                HAL_GPIO_Init
 .text.HAL_GPIO_WritePin
                0x0000000008000fe4       0x30 Drivers/STM32F1xx_HAL_Driver/Src/stm32f1xx_hal_gpio.o
                0x0000000008000fe4                HAL_GPIO_WritePin
 .text.HAL_RCC_OscConfig
                0x0000000008001014      0x500 Drivers/STM32F1xx_HAL_Driver/Src/stm32f1xx_hal_rcc.o
                0x0000000008001014                HAL_RCC_OscConfig
 .text.HAL_RCC_ClockConfig
                0x0000000008001514      0x1d4 Drivers/STM32F1xx_HAL_Driver/Src/stm32f1xx_hal_rcc.o
                0x0000000008001514                HAL_RCC_ClockConfig
 .text.HAL_RCC_GetSysClockFreq
                0x00000000080016e8       0xc4 Drivers/STM32F1xx_HAL_Driver/Src/stm32f1xx_hal_rcc.o
                0x00000000080016e8                HAL_RCC_GetSysClockFreq
 .text.HAL_RCC_GetHCLKFreq
                0x00000000080017ac       0x14 Drivers/STM32F1xx_HAL_Driver/Src/stm32f1xx_hal_rcc.o
                0x00000000080017ac                HAL_RCC_GetHCLKFreq
 .text.HAL_RCC_GetPCLK1Freq
                0x00000000080017c0       0x28 Drivers/STM32F1xx_HAL_Driver/Src/stm32f1xx_hal_rcc.o
                0x00000000080017c0                HAL_RCC_GetPCLK1Freq
 .text.HAL_RCC_GetPCLK2Freq
                0x00000000080017e8       0x28 Drivers/STM32F1xx_HAL_Driver/Src/stm32f1xx_hal_rcc.o
                0x00000000080017e8                HAL_RCC_GetPCLK2Freq
 .text.RCC_Delay
                0x0000000008001810       0x3c Drivers/STM32F1xx_HAL_Driver/Src/stm32f1xx_hal_rcc.o
 .text.HAL_SPI_Init
                0x000000000800184c       0xc2 Drivers/STM32F1xx_HAL_Driver/Src/stm32f1xx_hal_spi.o
                0x000000000800184c                HAL_SPI_Init
 .text.HAL_SPI_Transmit
                0x000000000800190e      0x268 Drivers/STM32F1xx_HAL_Driver/Src/stm32f1xx_hal_spi.o
                0x000000000800190e                HAL_SPI_Transmit
 .text.HAL_SPI_Receive
                0x0000000008001b76      0x212 Drivers/STM32F1xx_HAL_Driver/Src/stm32f1xx_hal_spi.o
                0x0000000008001b76                HAL_SPI_Receive
 .text.HAL_SPI_TransmitReceive
                0x0000000008001d88      0x344 Drivers/STM32F1xx_HAL_Driver/Src/stm32f1xx_hal_spi.o
                0x0000000008001d88                HAL_SPI_TransmitReceive
 .text.SPI_WaitFlagStateUntilTimeout
                0x00000000080020cc       0xd4 Drivers/STM32F1xx_HAL_Driver/Src/stm32f1xx_hal_spi.o
 .text.SPI_EndRxTransaction
                0x00000000080021a0       0xa4 Drivers/STM32F1xx_HAL_Driver/Src/stm32f1xx_hal_spi.o
 .text.SPI_EndRxTxTransaction
                0x0000000008002244       0x3c Drivers/STM32F1xx_HAL_Driver/Src/stm32f1xx_hal_spi.o
 .text.HAL_UART_Init
                0x0000000008002280       0x9a Drivers/STM32F1xx_HAL_Driver/Src/stm32f1xx_hal_uart.o
                0x0000000008002280                HAL_UART_Init
 .text.HAL_UART_Transmit
                0x000000000800231a      0x132 Drivers/STM32F1xx_HAL_Driver/Src/stm32f1xx_hal_uart.o
                0x000000000800231a                HAL_UART_Transmit
 .text.UART_WaitOnFlagUntilTimeout
                0x000000000800244c       0x94 Drivers/STM32F1xx_HAL_Driver/Src/stm32f1xx_hal_uart.o
 .text.UART_SetConfig
                0x00000000080024e0      0x1b4 Drivers/STM32F1xx_HAL_Driver/Src/stm32f1xx_hal_uart.o
 .text.WIZCHIP_READ
                0x0000000008002694       0x98 ioLibrary_Driver/Ethernet/W5500/w5500.o
                0x0000000008002694                WIZCHIP_READ
 .text.WIZCHIP_WRITE
                0x000000000800272c       0x9c ioLibrary_Driver/Ethernet/W5500/w5500.o
                0x000000000800272c                WIZCHIP_WRITE
 .text.WIZCHIP_READ_BUF
                0x00000000080027c8       0xc0 ioLibrary_Driver/Ethernet/W5500/w5500.o
                0x00000000080027c8                WIZCHIP_READ_BUF
 .text.WIZCHIP_WRITE_BUF
                0x0000000008002888       0xc0 ioLibrary_Driver/Ethernet/W5500/w5500.o
                0x0000000008002888                WIZCHIP_WRITE_BUF
 .text.getSn_TX_FSR
                0x0000000008002948       0x96 ioLibrary_Driver/Ethernet/W5500/w5500.o
                0x0000000008002948                getSn_TX_FSR
 .text.getSn_RX_RSR
                0x00000000080029de       0x96 ioLibrary_Driver/Ethernet/W5500/w5500.o
                0x00000000080029de                getSn_RX_RSR
 .text.wiz_send_data
                0x0000000008002a74       0xb8 ioLibrary_Driver/Ethernet/W5500/w5500.o
                0x0000000008002a74                wiz_send_data
 .text.socket   0x0000000008002b2c      0x22c ioLibrary_Driver/Ethernet/socket.o
                0x0000000008002b2c                socket
 .text.close    0x0000000008002d58       0xdc ioLibrary_Driver/Ethernet/socket.o
                0x0000000008002d58                close
 .text.listen   0x0000000008002e34       0xb2 ioLibrary_Driver/Ethernet/socket.o
                0x0000000008002e34                listen
 *fill*         0x0000000008002ee6        0x2 
 .text.disconnect
                0x0000000008002ee8       0xec ioLibrary_Driver/Ethernet/socket.o
                0x0000000008002ee8                disconnect
 .text.send     0x0000000008002fd4      0x1f4 ioLibrary_Driver/Ethernet/socket.o
                0x0000000008002fd4                send
 .text.getsockopt
                0x00000000080031c8      0x230 ioLibrary_Driver/Ethernet/socket.o
                0x00000000080031c8                getsockopt
 .text.wizchip_cris_enter
                0x00000000080033f8        0xc ioLibrary_Driver/Ethernet/wizchip_conf.o
                0x00000000080033f8                wizchip_cris_enter
 .text.wizchip_cris_exit
                0x0000000008003404        0xc ioLibrary_Driver/Ethernet/wizchip_conf.o
                0x0000000008003404                wizchip_cris_exit
 .text.wizchip_cs_select
                0x0000000008003410        0xc ioLibrary_Driver/Ethernet/wizchip_conf.o
                0x0000000008003410                wizchip_cs_select
 .text.wizchip_cs_deselect
                0x000000000800341c        0xc ioLibrary_Driver/Ethernet/wizchip_conf.o
                0x000000000800341c                wizchip_cs_deselect
 .text.wizchip_bus_readdata
                0x0000000008003428       0x18 ioLibrary_Driver/Ethernet/wizchip_conf.o
                0x0000000008003428                wizchip_bus_readdata
 .text.wizchip_bus_writedata
                0x0000000008003440       0x1c ioLibrary_Driver/Ethernet/wizchip_conf.o
                0x0000000008003440                wizchip_bus_writedata
 .text.wizchip_spi_readbyte
                0x000000000800345c        0xe ioLibrary_Driver/Ethernet/wizchip_conf.o
                0x000000000800345c                wizchip_spi_readbyte
 .text.wizchip_spi_writebyte
                0x000000000800346a       0x14 ioLibrary_Driver/Ethernet/wizchip_conf.o
                0x000000000800346a                wizchip_spi_writebyte
 *fill*         0x000000000800347e        0x2 
 .text.reg_wizchip_cs_cbfunc
                0x0000000008003480       0x48 ioLibrary_Driver/Ethernet/wizchip_conf.o
                0x0000000008003480                reg_wizchip_cs_cbfunc
 .text.reg_wizchip_spi_cbfunc
                0x00000000080034c8       0x54 ioLibrary_Driver/Ethernet/wizchip_conf.o
                0x00000000080034c8                reg_wizchip_spi_cbfunc
 .text.wizchip_sw_reset
                0x000000000800351c       0x98 ioLibrary_Driver/Ethernet/wizchip_conf.o
                0x000000000800351c                wizchip_sw_reset
 .text.wizchip_init
                0x00000000080035b4      0x118 ioLibrary_Driver/Ethernet/wizchip_conf.o
                0x00000000080035b4                wizchip_init
 .text.wizchip_setnetinfo
                0x00000000080036cc       0x80 ioLibrary_Driver/Ethernet/wizchip_conf.o
                0x00000000080036cc                wizchip_setnetinfo
 .text.wizchip_getnetinfo
                0x000000000800374c       0x80 ioLibrary_Driver/Ethernet/wizchip_conf.o
                0x000000000800374c                wizchip_getnetinfo
 .text.__errno  0x00000000080037cc        0xc /opt/st/stm32cubeide_1.2.0/plugins/com.st.stm32cube.ide.mcu.externaltools.gnu-tools-for-stm32.7-2018-q2-update.linux64_1.0.0.201904181610/tools/bin/../lib/gcc/arm-none-eabi/7.3.1/../../../../arm-none-eabi/lib/thumb/v7-m/libc_nano.a(lib_a-errno.o)
                0x00000000080037cc                __errno
 .text.__libc_init_array
                0x00000000080037d8       0x48 /opt/st/stm32cubeide_1.2.0/plugins/com.st.stm32cube.ide.mcu.externaltools.gnu-tools-for-stm32.7-2018-q2-update.linux64_1.0.0.201904181610/tools/bin/../lib/gcc/arm-none-eabi/7.3.1/../../../../arm-none-eabi/lib/thumb/v7-m/libc_nano.a(lib_a-init.o)
                0x00000000080037d8                __libc_init_array
 .text.memcpy   0x0000000008003820       0x16 /opt/st/stm32cubeide_1.2.0/plugins/com.st.stm32cube.ide.mcu.externaltools.gnu-tools-for-stm32.7-2018-q2-update.linux64_1.0.0.201904181610/tools/bin/../lib/gcc/arm-none-eabi/7.3.1/../../../../arm-none-eabi/lib/thumb/v7-m/libc_nano.a(lib_a-memcpy-stub.o)
                0x0000000008003820                memcpy
 .text.memset   0x0000000008003836       0x10 /opt/st/stm32cubeide_1.2.0/plugins/com.st.stm32cube.ide.mcu.externaltools.gnu-tools-for-stm32.7-2018-q2-update.linux64_1.0.0.201904181610/tools/bin/../lib/gcc/arm-none-eabi/7.3.1/../../../../arm-none-eabi/lib/thumb/v7-m/libc_nano.a(lib_a-memset.o)
                0x0000000008003836                memset
 *fill*         0x0000000008003846        0x2 
 .text._free_r  0x0000000008003848       0x98 /opt/st/stm32cubeide_1.2.0/plugins/com.st.stm32cube.ide.mcu.externaltools.gnu-tools-for-stm32.7-2018-q2-update.linux64_1.0.0.201904181610/tools/bin/../lib/gcc/arm-none-eabi/7.3.1/../../../../arm-none-eabi/lib/thumb/v7-m/libc_nano.a(lib_a-nano-freer.o)
                0x0000000008003848                _free_r
 .text._malloc_r
                0x00000000080038e0       0xb4 /opt/st/stm32cubeide_1.2.0/plugins/com.st.stm32cube.ide.mcu.externaltools.gnu-tools-for-stm32.7-2018-q2-update.linux64_1.0.0.201904181610/tools/bin/../lib/gcc/arm-none-eabi/7.3.1/../../../../arm-none-eabi/lib/thumb/v7-m/libc_nano.a(lib_a-nano-mallocr.o)
                0x00000000080038e0                _malloc_r
 .text._sbrk_r  0x0000000008003994       0x20 /opt/st/stm32cubeide_1.2.0/plugins/com.st.stm32cube.ide.mcu.externaltools.gnu-tools-for-stm32.7-2018-q2-update.linux64_1.0.0.201904181610/tools/bin/../lib/gcc/arm-none-eabi/7.3.1/../../../../arm-none-eabi/lib/thumb/v7-m/libc_nano.a(lib_a-sbrkr.o)
                0x0000000008003994                _sbrk_r
 .text.sprintf  0x00000000080039b4       0x40 /opt/st/stm32cubeide_1.2.0/plugins/com.st.stm32cube.ide.mcu.externaltools.gnu-tools-for-stm32.7-2018-q2-update.linux64_1.0.0.201904181610/tools/bin/../lib/gcc/arm-none-eabi/7.3.1/../../../../arm-none-eabi/lib/thumb/v7-m/libc_nano.a(lib_a-sprintf.o)
                0x00000000080039b4                sprintf
                0x00000000080039b4                siprintf
 .text.__malloc_lock
                0x00000000080039f4        0x2 /opt/st/stm32cubeide_1.2.0/plugins/com.st.stm32cube.ide.mcu.externaltools.gnu-tools-for-stm32.7-2018-q2-update.linux64_1.0.0.201904181610/tools/bin/../lib/gcc/arm-none-eabi/7.3.1/../../../../arm-none-eabi/lib/thumb/v7-m/libc_nano.a(lib_a-mlock.o)
                0x00000000080039f4                __malloc_lock
 .text.__malloc_unlock
                0x00000000080039f6        0x2 /opt/st/stm32cubeide_1.2.0/plugins/com.st.stm32cube.ide.mcu.externaltools.gnu-tools-for-stm32.7-2018-q2-update.linux64_1.0.0.201904181610/tools/bin/../lib/gcc/arm-none-eabi/7.3.1/../../../../arm-none-eabi/lib/thumb/v7-m/libc_nano.a(lib_a-mlock.o)
                0x00000000080039f6                __malloc_unlock
 .text.__ssputs_r
                0x00000000080039f8       0xb4 /opt/st/stm32cubeide_1.2.0/plugins/com.st.stm32cube.ide.mcu.externaltools.gnu-tools-for-stm32.7-2018-q2-update.linux64_1.0.0.201904181610/tools/bin/../lib/gcc/arm-none-eabi/7.3.1/../../../../arm-none-eabi/lib/thumb/v7-m/libc_nano.a(lib_a-nano-svfprintf.o)
                0x00000000080039f8                __ssputs_r
 .text._svfprintf_r
                0x0000000008003aac      0x1f0 /opt/st/stm32cubeide_1.2.0/plugins/com.st.stm32cube.ide.mcu.externaltools.gnu-tools-for-stm32.7-2018-q2-update.linux64_1.0.0.201904181610/tools/bin/../lib/gcc/arm-none-eabi/7.3.1/../../../../arm-none-eabi/lib/thumb/v7-m/libc_nano.a(lib_a-nano-svfprintf.o)
                0x0000000008003aac                _svfprintf_r
                0x0000000008003aac                _svfiprintf_r
 .text._printf_common
                0x0000000008003c9c       0xec /opt/st/stm32cubeide_1.2.0/plugins/com.st.stm32cube.ide.mcu.externaltools.gnu-tools-for-stm32.7-2018-q2-update.linux64_1.0.0.201904181610/tools/bin/../lib/gcc/arm-none-eabi/7.3.1/../../../../arm-none-eabi/lib/thumb/v7-m/libc_nano.a(lib_a-nano-vfprintf_i.o)
                0x0000000008003c9c                _printf_common
 .text._printf_i
                0x0000000008003d88      0x224 /opt/st/stm32cubeide_1.2.0/plugins/com.st.stm32cube.ide.mcu.externaltools.gnu-tools-for-stm32.7-2018-q2-update.linux64_1.0.0.201904181610/tools/bin/../lib/gcc/arm-none-eabi/7.3.1/../../../../arm-none-eabi/lib/thumb/v7-m/libc_nano.a(lib_a-nano-vfprintf_i.o)
                0x0000000008003d88                _printf_i
 .text.memchr   0x0000000008003fac       0x1c /opt/st/stm32cubeide_1.2.0/plugins/com.st.stm32cube.ide.mcu.externaltools.gnu-tools-for-stm32.7-2018-q2-update.linux64_1.0.0.201904181610/tools/bin/../lib/gcc/arm-none-eabi/7.3.1/../../../../arm-none-eabi/lib/thumb/v7-m/libc_nano.a(lib_a-memchr-stub.o)
                0x0000000008003fac                memchr
 .text.memmove  0x0000000008003fc8       0x32 /opt/st/stm32cubeide_1.2.0/plugins/com.st.stm32cube.ide.mcu.externaltools.gnu-tools-for-stm32.7-2018-q2-update.linux64_1.0.0.201904181610/tools/bin/../lib/gcc/arm-none-eabi/7.3.1/../../../../arm-none-eabi/lib/thumb/v7-m/libc_nano.a(lib_a-memmove.o)
                0x0000000008003fc8                memmove
 .text._realloc_r
                0x0000000008003ffa       0x4c /opt/st/stm32cubeide_1.2.0/plugins/com.st.stm32cube.ide.mcu.externaltools.gnu-tools-for-stm32.7-2018-q2-update.linux64_1.0.0.201904181610/tools/bin/../lib/gcc/arm-none-eabi/7.3.1/../../../../arm-none-eabi/lib/thumb/v7-m/libc_nano.a(lib_a-nano-reallocr.o)
                0x0000000008003ffa                _realloc_r
 .text._malloc_usable_size_r
                0x0000000008004046       0x10 /opt/st/stm32cubeide_1.2.0/plugins/com.st.stm32cube.ide.mcu.externaltools.gnu-tools-for-stm32.7-2018-q2-update.linux64_1.0.0.201904181610/tools/bin/../lib/gcc/arm-none-eabi/7.3.1/../../../../arm-none-eabi/lib/thumb/v7-m/libc_nano.a(lib_a-nano-msizer.o)
                0x0000000008004046                _malloc_usable_size_r
 *(.glue_7)
 .glue_7        0x0000000008004056        0x0 linker stubs
 *(.glue_7t)
 .glue_7t       0x0000000008004056        0x0 linker stubs
 *(.eh_frame)
 *fill*         0x0000000008004056        0x2 
 .eh_frame      0x0000000008004058        0x0 /opt/st/stm32cubeide_1.2.0/plugins/com.st.stm32cube.ide.mcu.externaltools.gnu-tools-for-stm32.7-2018-q2-update.linux64_1.0.0.201904181610/tools/bin/../lib/gcc/arm-none-eabi/7.3.1/thumb/v7-m/crtbegin.o
 *(.init)
 .init          0x0000000008004058        0x4 /opt/st/stm32cubeide_1.2.0/plugins/com.st.stm32cube.ide.mcu.externaltools.gnu-tools-for-stm32.7-2018-q2-update.linux64_1.0.0.201904181610/tools/bin/../lib/gcc/arm-none-eabi/7.3.1/thumb/v7-m/crti.o
                0x0000000008004058                _init
 .init          0x000000000800405c        0x8 /opt/st/stm32cubeide_1.2.0/plugins/com.st.stm32cube.ide.mcu.externaltools.gnu-tools-for-stm32.7-2018-q2-update.linux64_1.0.0.201904181610/tools/bin/../lib/gcc/arm-none-eabi/7.3.1/thumb/v7-m/crtn.o
 *(.fini)
 .fini          0x0000000008004064        0x4 /opt/st/stm32cubeide_1.2.0/plugins/com.st.stm32cube.ide.mcu.externaltools.gnu-tools-for-stm32.7-2018-q2-update.linux64_1.0.0.201904181610/tools/bin/../lib/gcc/arm-none-eabi/7.3.1/thumb/v7-m/crti.o
                0x0000000008004064                _fini
 .fini          0x0000000008004068        0x8 /opt/st/stm32cubeide_1.2.0/plugins/com.st.stm32cube.ide.mcu.externaltools.gnu-tools-for-stm32.7-2018-q2-update.linux64_1.0.0.201904181610/tools/bin/../lib/gcc/arm-none-eabi/7.3.1/thumb/v7-m/crtn.o
                0x0000000008004070                . = ALIGN (0x4)
                0x0000000008004070                _etext = .

.vfp11_veneer   0x0000000008004070        0x0
 .vfp11_veneer  0x0000000008004070        0x0 linker stubs

.v4_bx          0x0000000008004070        0x0
 .v4_bx         0x0000000008004070        0x0 linker stubs

.iplt           0x0000000008004070        0x0
 .iplt          0x0000000008004070        0x0 /opt/st/stm32cubeide_1.2.0/plugins/com.st.stm32cube.ide.mcu.externaltools.gnu-tools-for-stm32.7-2018-q2-update.linux64_1.0.0.201904181610/tools/bin/../lib/gcc/arm-none-eabi/7.3.1/thumb/v7-m/crtbegin.o

.rodata         0x0000000008004070      0x2c0
                0x0000000008004070                . = ALIGN (0x4)
 *(.rodata)
 .rodata        0x0000000008004070      0x200 Core/Src/main.o
 .rodata        0x0000000008004270       0x12 Drivers/STM32F1xx_HAL_Driver/Src/stm32f1xx_hal_rcc.o
 *(.rodata*)
 *fill*         0x0000000008004282        0x2 
 .rodata.AHBPrescTable
                0x0000000008004284       0x10 Core/Src/system_stm32f1xx.o
                0x0000000008004284                AHBPrescTable
 .rodata.APBPrescTable
                0x0000000008004294        0x8 Core/Src/system_stm32f1xx.o
                0x0000000008004294                APBPrescTable
 .rodata.__sf_fake_stderr
                0x000000000800429c       0x20 /opt/st/stm32cubeide_1.2.0/plugins/com.st.stm32cube.ide.mcu.externaltools.gnu-tools-for-stm32.7-2018-q2-update.linux64_1.0.0.201904181610/tools/bin/../lib/gcc/arm-none-eabi/7.3.1/../../../../arm-none-eabi/lib/thumb/v7-m/libc_nano.a(lib_a-findfp.o)
                0x000000000800429c                __sf_fake_stderr
 .rodata.__sf_fake_stdin
                0x00000000080042bc       0x20 /opt/st/stm32cubeide_1.2.0/plugins/com.st.stm32cube.ide.mcu.externaltools.gnu-tools-for-stm32.7-2018-q2-update.linux64_1.0.0.201904181610/tools/bin/../lib/gcc/arm-none-eabi/7.3.1/../../../../arm-none-eabi/lib/thumb/v7-m/libc_nano.a(lib_a-findfp.o)
                0x00000000080042bc                __sf_fake_stdin
 .rodata.__sf_fake_stdout
                0x00000000080042dc       0x20 /opt/st/stm32cubeide_1.2.0/plugins/com.st.stm32cube.ide.mcu.externaltools.gnu-tools-for-stm32.7-2018-q2-update.linux64_1.0.0.201904181610/tools/bin/../lib/gcc/arm-none-eabi/7.3.1/../../../../arm-none-eabi/lib/thumb/v7-m/libc_nano.a(lib_a-findfp.o)
                0x00000000080042dc                __sf_fake_stdout
 .rodata._svfprintf_r.str1.1
                0x00000000080042fc       0x11 /opt/st/stm32cubeide_1.2.0/plugins/com.st.stm32cube.ide.mcu.externaltools.gnu-tools-for-stm32.7-2018-q2-update.linux64_1.0.0.201904181610/tools/bin/../lib/gcc/arm-none-eabi/7.3.1/../../../../arm-none-eabi/lib/thumb/v7-m/libc_nano.a(lib_a-nano-svfprintf.o)
 .rodata._printf_i.str1.1
                0x000000000800430d       0x22 /opt/st/stm32cubeide_1.2.0/plugins/com.st.stm32cube.ide.mcu.externaltools.gnu-tools-for-stm32.7-2018-q2-update.linux64_1.0.0.201904181610/tools/bin/../lib/gcc/arm-none-eabi/7.3.1/../../../../arm-none-eabi/lib/thumb/v7-m/libc_nano.a(lib_a-nano-vfprintf_i.o)
                0x0000000008004330                . = ALIGN (0x4)
 *fill*         0x000000000800432f        0x1 

.rel.dyn        0x0000000008004330        0x0
 .rel.iplt      0x0000000008004330        0x0 /opt/st/stm32cubeide_1.2.0/plugins/com.st.stm32cube.ide.mcu.externaltools.gnu-tools-for-stm32.7-2018-q2-update.linux64_1.0.0.201904181610/tools/bin/../lib/gcc/arm-none-eabi/7.3.1/thumb/v7-m/crtbegin.o

.ARM.extab      0x0000000008004330        0x0
                0x0000000008004330                . = ALIGN (0x4)
 *(.ARM.extab* .gnu.linkonce.armextab.*)
                0x0000000008004330                . = ALIGN (0x4)

.ARM            0x0000000008004330        0x0
                0x0000000008004330                . = ALIGN (0x4)
                0x0000000008004330                __exidx_start = .
 *(.ARM.exidx*)
                0x0000000008004330                __exidx_end = .
                0x0000000008004330                . = ALIGN (0x4)

.preinit_array  0x0000000008004330        0x0
                0x0000000008004330                . = ALIGN (0x4)
                0x0000000008004330                PROVIDE (__preinit_array_start = .)
 *(.preinit_array*)
                0x0000000008004330                PROVIDE (__preinit_array_end = .)
                0x0000000008004330                . = ALIGN (0x4)

.init_array     0x0000000008004330        0x4
                0x0000000008004330                . = ALIGN (0x4)
                0x0000000008004330                PROVIDE (__init_array_start = .)
 *(SORT_BY_NAME(.init_array.*))
 *(.init_array*)
 .init_array    0x0000000008004330        0x4 /opt/st/stm32cubeide_1.2.0/plugins/com.st.stm32cube.ide.mcu.externaltools.gnu-tools-for-stm32.7-2018-q2-update.linux64_1.0.0.201904181610/tools/bin/../lib/gcc/arm-none-eabi/7.3.1/thumb/v7-m/crtbegin.o
                0x0000000008004334                PROVIDE (__init_array_end = .)
                0x0000000008004334                . = ALIGN (0x4)

.fini_array     0x0000000008004334        0x4
                0x0000000008004334                . = ALIGN (0x4)
                [!provide]                        PROVIDE (__fini_array_start = .)
 *(SORT_BY_NAME(.fini_array.*))
 *(.fini_array*)
 .fini_array    0x0000000008004334        0x4 /opt/st/stm32cubeide_1.2.0/plugins/com.st.stm32cube.ide.mcu.externaltools.gnu-tools-for-stm32.7-2018-q2-update.linux64_1.0.0.201904181610/tools/bin/../lib/gcc/arm-none-eabi/7.3.1/thumb/v7-m/crtbegin.o
                [!provide]                        PROVIDE (__fini_array_end = .)
                0x0000000008004338                . = ALIGN (0x4)
                0x0000000008004338                _sidata = LOADADDR (.data)

.data           0x0000000020000000       0x9c load address 0x0000000008004338
                0x0000000020000000                . = ALIGN (0x4)
                0x0000000020000000                _sdata = .
 *(.data)
 *(.data*)
 .data.SystemCoreClock
                0x0000000020000000        0x4 Core/Src/system_stm32f1xx.o
                0x0000000020000000                SystemCoreClock
 .data.uwTickPrio
                0x0000000020000004        0x4 Drivers/STM32F1xx_HAL_Driver/Src/stm32f1xx_hal.o
                0x0000000020000004                uwTickPrio
 .data.uwTickFreq
                0x0000000020000008        0x1 Drivers/STM32F1xx_HAL_Driver/Src/stm32f1xx_hal.o
                0x0000000020000008                uwTickFreq
 *fill*         0x0000000020000009        0x1 
 .data.sock_any_port
                0x000000002000000a        0x2 ioLibrary_Driver/Ethernet/socket.o
 .data.WIZCHIP  0x000000002000000c       0x2c ioLibrary_Driver/Ethernet/wizchip_conf.o
                0x000000002000000c                WIZCHIP
 .data._impure_ptr
                0x0000000020000038        0x4 /opt/st/stm32cubeide_1.2.0/plugins/com.st.stm32cube.ide.mcu.externaltools.gnu-tools-for-stm32.7-2018-q2-update.linux64_1.0.0.201904181610/tools/bin/../lib/gcc/arm-none-eabi/7.3.1/../../../../arm-none-eabi/lib/thumb/v7-m/libc_nano.a(lib_a-impure.o)
                0x0000000020000038                _impure_ptr
 .data.impure_data
                0x000000002000003c       0x60 /opt/st/stm32cubeide_1.2.0/plugins/com.st.stm32cube.ide.mcu.externaltools.gnu-tools-for-stm32.7-2018-q2-update.linux64_1.0.0.201904181610/tools/bin/../lib/gcc/arm-none-eabi/7.3.1/../../../../arm-none-eabi/lib/thumb/v7-m/libc_nano.a(lib_a-impure.o)
                0x000000002000009c                . = ALIGN (0x4)
                0x000000002000009c                _edata = .

.igot.plt       0x000000002000009c        0x0 load address 0x00000000080043d4
 .igot.plt      0x000000002000009c        0x0 /opt/st/stm32cubeide_1.2.0/plugins/com.st.stm32cube.ide.mcu.externaltools.gnu-tools-for-stm32.7-2018-q2-update.linux64_1.0.0.201904181610/tools/bin/../lib/gcc/arm-none-eabi/7.3.1/thumb/v7-m/crtbegin.o
                0x000000002000009c                . = ALIGN (0x4)

.bss            0x000000002000009c      0x128 load address 0x00000000080043d4
                0x000000002000009c                _sbss = .
                0x000000002000009c                __bss_start__ = _sbss
 *(.bss)
 .bss           0x000000002000009c       0x1c /opt/st/stm32cubeide_1.2.0/plugins/com.st.stm32cube.ide.mcu.externaltools.gnu-tools-for-stm32.7-2018-q2-update.linux64_1.0.0.201904181610/tools/bin/../lib/gcc/arm-none-eabi/7.3.1/thumb/v7-m/crtbegin.o
 *(.bss*)
 .bss.heap_end.5149
                0x00000000200000b8        0x4 Core/Src/sysmem.o
 .bss.sock_io_mode
                0x00000000200000bc        0x2 ioLibrary_Driver/Ethernet/socket.o
 .bss.sock_is_sending
                0x00000000200000be        0x2 ioLibrary_Driver/Ethernet/socket.o
 .bss.sock_remained_size
                0x00000000200000c0       0x10 ioLibrary_Driver/Ethernet/socket.o
 .bss.sock_pack_info
                0x00000000200000d0        0x8 ioLibrary_Driver/Ethernet/socket.o
                0x00000000200000d0                sock_pack_info
 .bss._DNS_     0x00000000200000d8        0x4 ioLibrary_Driver/Ethernet/wizchip_conf.o
 .bss._DHCP_    0x00000000200000dc        0x1 ioLibrary_Driver/Ethernet/wizchip_conf.o
 *fill*         0x00000000200000dd        0x3 
 .bss.__malloc_free_list
                0x00000000200000e0        0x4 /opt/st/stm32cubeide_1.2.0/plugins/com.st.stm32cube.ide.mcu.externaltools.gnu-tools-for-stm32.7-2018-q2-update.linux64_1.0.0.201904181610/tools/bin/../lib/gcc/arm-none-eabi/7.3.1/../../../../arm-none-eabi/lib/thumb/v7-m/libc_nano.a(lib_a-nano-mallocr.o)
                0x00000000200000e0                __malloc_free_list
 .bss.__malloc_sbrk_start
                0x00000000200000e4        0x4 /opt/st/stm32cubeide_1.2.0/plugins/com.st.stm32cube.ide.mcu.externaltools.gnu-tools-for-stm32.7-2018-q2-update.linux64_1.0.0.201904181610/tools/bin/../lib/gcc/arm-none-eabi/7.3.1/../../../../arm-none-eabi/lib/thumb/v7-m/libc_nano.a(lib_a-nano-mallocr.o)
                0x00000000200000e4                __malloc_sbrk_start
 *(COMMON)
 COMMON         0x00000000200000e8       0xd4 Core/Src/main.o
                0x00000000200000e8                msg
                0x0000000020000124                huart1
                0x0000000020000164                hspi1
 COMMON         0x00000000200001bc        0x4 Drivers/STM32F1xx_HAL_Driver/Src/stm32f1xx_hal.o
                0x00000000200001bc                uwTick
 COMMON         0x00000000200001c0        0x4 /opt/st/stm32cubeide_1.2.0/plugins/com.st.stm32cube.ide.mcu.externaltools.gnu-tools-for-stm32.7-2018-q2-update.linux64_1.0.0.201904181610/tools/bin/../lib/gcc/arm-none-eabi/7.3.1/../../../../arm-none-eabi/lib/thumb/v7-m/libc_nano.a(lib_a-reent.o)
                0x00000000200001c0                errno
                0x00000000200001c4                . = ALIGN (0x4)
                0x00000000200001c4                _ebss = .
                0x00000000200001c4                __bss_end__ = _ebss

._user_heap_stack
                0x00000000200001c4      0x604 load address 0x00000000080043d4
                0x00000000200001c8                . = ALIGN (0x8)
 *fill*         0x00000000200001c4        0x4 
                0x00000000200001c8                PROVIDE (end = .)
                [!provide]                        PROVIDE (_end = .)
                0x00000000200003c8                . = (. + _Min_Heap_Size)
 *fill*         0x00000000200001c8      0x200 
                0x00000000200007c8                . = (. + _Min_Stack_Size)
 *fill*         0x00000000200003c8      0x400 
                0x00000000200007c8                . = ALIGN (0x8)

/DISCARD/
 libc.a(*)
 libm.a(*)
 libgcc.a(*)

.ARM.attributes
                0x0000000000000000       0x29
 *(.ARM.attributes)
 .ARM.attributes
                0x0000000000000000       0x1d /opt/st/stm32cubeide_1.2.0/plugins/com.st.stm32cube.ide.mcu.externaltools.gnu-tools-for-stm32.7-2018-q2-update.linux64_1.0.0.201904181610/tools/bin/../lib/gcc/arm-none-eabi/7.3.1/thumb/v7-m/crti.o
 .ARM.attributes
                0x000000000000001d       0x2d /opt/st/stm32cubeide_1.2.0/plugins/com.st.stm32cube.ide.mcu.externaltools.gnu-tools-for-stm32.7-2018-q2-update.linux64_1.0.0.201904181610/tools/bin/../lib/gcc/arm-none-eabi/7.3.1/thumb/v7-m/crtbegin.o
 .ARM.attributes
                0x000000000000004a       0x33 Core/Src/main.o
 .ARM.attributes
                0x000000000000007d       0x33 Core/Src/stm32f1xx_hal_msp.o
 .ARM.attributes
                0x00000000000000b0       0x33 Core/Src/stm32f1xx_it.o
 .ARM.attributes
                0x00000000000000e3       0x33 Core/Src/sysmem.o
 .ARM.attributes
                0x0000000000000116       0x33 Core/Src/system_stm32f1xx.o
 .ARM.attributes
                0x0000000000000149       0x21 Core/Startup/startup_stm32f103c8tx.o
 .ARM.attributes
                0x000000000000016a       0x33 Drivers/STM32F1xx_HAL_Driver/Src/stm32f1xx_hal.o
 .ARM.attributes
                0x000000000000019d       0x33 Drivers/STM32F1xx_HAL_Driver/Src/stm32f1xx_hal_cortex.o
 .ARM.attributes
                0x00000000000001d0       0x33 Drivers/STM32F1xx_HAL_Driver/Src/stm32f1xx_hal_gpio.o
 .ARM.attributes
                0x0000000000000203       0x33 Drivers/STM32F1xx_HAL_Driver/Src/stm32f1xx_hal_rcc.o
 .ARM.attributes
                0x0000000000000236       0x33 Drivers/STM32F1xx_HAL_Driver/Src/stm32f1xx_hal_spi.o
 .ARM.attributes
                0x0000000000000269       0x33 Drivers/STM32F1xx_HAL_Driver/Src/stm32f1xx_hal_uart.o
 .ARM.attributes
                0x000000000000029c       0x33 ioLibrary_Driver/Ethernet/W5500/w5500.o
 .ARM.attributes
                0x00000000000002cf       0x33 ioLibrary_Driver/Ethernet/socket.o
 .ARM.attributes
                0x0000000000000302       0x33 ioLibrary_Driver/Ethernet/wizchip_conf.o
 .ARM.attributes
                0x0000000000000335       0x2d /opt/st/stm32cubeide_1.2.0/plugins/com.st.stm32cube.ide.mcu.externaltools.gnu-tools-for-stm32.7-2018-q2-update.linux64_1.0.0.201904181610/tools/bin/../lib/gcc/arm-none-eabi/7.3.1/../../../../arm-none-eabi/lib/thumb/v7-m/libc_nano.a(lib_a-errno.o)
 .ARM.attributes
                0x0000000000000362       0x2d /opt/st/stm32cubeide_1.2.0/plugins/com.st.stm32cube.ide.mcu.externaltools.gnu-tools-for-stm32.7-2018-q2-update.linux64_1.0.0.201904181610/tools/bin/../lib/gcc/arm-none-eabi/7.3.1/../../../../arm-none-eabi/lib/thumb/v7-m/libc_nano.a(lib_a-impure.o)
 .ARM.attributes
                0x000000000000038f       0x2d /opt/st/stm32cubeide_1.2.0/plugins/com.st.stm32cube.ide.mcu.externaltools.gnu-tools-for-stm32.7-2018-q2-update.linux64_1.0.0.201904181610/tools/bin/../lib/gcc/arm-none-eabi/7.3.1/../../../../arm-none-eabi/lib/thumb/v7-m/libc_nano.a(lib_a-init.o)
 .ARM.attributes
                0x00000000000003bc       0x2d /opt/st/stm32cubeide_1.2.0/plugins/com.st.stm32cube.ide.mcu.externaltools.gnu-tools-for-stm32.7-2018-q2-update.linux64_1.0.0.201904181610/tools/bin/../lib/gcc/arm-none-eabi/7.3.1/../../../../arm-none-eabi/lib/thumb/v7-m/libc_nano.a(lib_a-memcpy-stub.o)
 .ARM.attributes
                0x00000000000003e9       0x2d /opt/st/stm32cubeide_1.2.0/plugins/com.st.stm32cube.ide.mcu.externaltools.gnu-tools-for-stm32.7-2018-q2-update.linux64_1.0.0.201904181610/tools/bin/../lib/gcc/arm-none-eabi/7.3.1/../../../../arm-none-eabi/lib/thumb/v7-m/libc_nano.a(lib_a-memset.o)
 .ARM.attributes
                0x0000000000000416       0x2d /opt/st/stm32cubeide_1.2.0/plugins/com.st.stm32cube.ide.mcu.externaltools.gnu-tools-for-stm32.7-2018-q2-update.linux64_1.0.0.201904181610/tools/bin/../lib/gcc/arm-none-eabi/7.3.1/../../../../arm-none-eabi/lib/thumb/v7-m/libc_nano.a(lib_a-nano-freer.o)
 .ARM.attributes
                0x0000000000000443       0x2d /opt/st/stm32cubeide_1.2.0/plugins/com.st.stm32cube.ide.mcu.externaltools.gnu-tools-for-stm32.7-2018-q2-update.linux64_1.0.0.201904181610/tools/bin/../lib/gcc/arm-none-eabi/7.3.1/../../../../arm-none-eabi/lib/thumb/v7-m/libc_nano.a(lib_a-nano-mallocr.o)
 .ARM.attributes
                0x0000000000000470       0x2d /opt/st/stm32cubeide_1.2.0/plugins/com.st.stm32cube.ide.mcu.externaltools.gnu-tools-for-stm32.7-2018-q2-update.linux64_1.0.0.201904181610/tools/bin/../lib/gcc/arm-none-eabi/7.3.1/../../../../arm-none-eabi/lib/thumb/v7-m/libc_nano.a(lib_a-sbrkr.o)
 .ARM.attributes
                0x000000000000049d       0x2d /opt/st/stm32cubeide_1.2.0/plugins/com.st.stm32cube.ide.mcu.externaltools.gnu-tools-for-stm32.7-2018-q2-update.linux64_1.0.0.201904181610/tools/bin/../lib/gcc/arm-none-eabi/7.3.1/../../../../arm-none-eabi/lib/thumb/v7-m/libc_nano.a(lib_a-sprintf.o)
 .ARM.attributes
                0x00000000000004ca       0x17 /opt/st/stm32cubeide_1.2.0/plugins/com.st.stm32cube.ide.mcu.externaltools.gnu-tools-for-stm32.7-2018-q2-update.linux64_1.0.0.201904181610/tools/bin/../lib/gcc/arm-none-eabi/7.3.1/../../../../arm-none-eabi/lib/thumb/v7-m/libc_nano.a(lib_a-strlen.o)
 .ARM.attributes
                0x00000000000004e1       0x2d /opt/st/stm32cubeide_1.2.0/plugins/com.st.stm32cube.ide.mcu.externaltools.gnu-tools-for-stm32.7-2018-q2-update.linux64_1.0.0.201904181610/tools/bin/../lib/gcc/arm-none-eabi/7.3.1/../../../../arm-none-eabi/lib/thumb/v7-m/libc_nano.a(lib_a-findfp.o)
 .ARM.attributes
                0x000000000000050e       0x2d /opt/st/stm32cubeide_1.2.0/plugins/com.st.stm32cube.ide.mcu.externaltools.gnu-tools-for-stm32.7-2018-q2-update.linux64_1.0.0.201904181610/tools/bin/../lib/gcc/arm-none-eabi/7.3.1/../../../../arm-none-eabi/lib/thumb/v7-m/libc_nano.a(lib_a-mlock.o)
 .ARM.attributes
                0x000000000000053b       0x2d /opt/st/stm32cubeide_1.2.0/plugins/com.st.stm32cube.ide.mcu.externaltools.gnu-tools-for-stm32.7-2018-q2-update.linux64_1.0.0.201904181610/tools/bin/../lib/gcc/arm-none-eabi/7.3.1/../../../../arm-none-eabi/lib/thumb/v7-m/libc_nano.a(lib_a-nano-svfprintf.o)
 .ARM.attributes
                0x0000000000000568       0x2d /opt/st/stm32cubeide_1.2.0/plugins/com.st.stm32cube.ide.mcu.externaltools.gnu-tools-for-stm32.7-2018-q2-update.linux64_1.0.0.201904181610/tools/bin/../lib/gcc/arm-none-eabi/7.3.1/../../../../arm-none-eabi/lib/thumb/v7-m/libc_nano.a(lib_a-nano-vfprintf_i.o)
 .ARM.attributes
                0x0000000000000595       0x2d /opt/st/stm32cubeide_1.2.0/plugins/com.st.stm32cube.ide.mcu.externaltools.gnu-tools-for-stm32.7-2018-q2-update.linux64_1.0.0.201904181610/tools/bin/../lib/gcc/arm-none-eabi/7.3.1/../../../../arm-none-eabi/lib/thumb/v7-m/libc_nano.a(lib_a-reent.o)
 .ARM.attributes
                0x00000000000005c2       0x2d /opt/st/stm32cubeide_1.2.0/plugins/com.st.stm32cube.ide.mcu.externaltools.gnu-tools-for-stm32.7-2018-q2-update.linux64_1.0.0.201904181610/tools/bin/../lib/gcc/arm-none-eabi/7.3.1/../../../../arm-none-eabi/lib/thumb/v7-m/libc_nano.a(lib_a-memchr-stub.o)
 .ARM.attributes
                0x00000000000005ef       0x2d /opt/st/stm32cubeide_1.2.0/plugins/com.st.stm32cube.ide.mcu.externaltools.gnu-tools-for-stm32.7-2018-q2-update.linux64_1.0.0.201904181610/tools/bin/../lib/gcc/arm-none-eabi/7.3.1/../../../../arm-none-eabi/lib/thumb/v7-m/libc_nano.a(lib_a-memmove.o)
 .ARM.attributes
                0x000000000000061c       0x2d /opt/st/stm32cubeide_1.2.0/plugins/com.st.stm32cube.ide.mcu.externaltools.gnu-tools-for-stm32.7-2018-q2-update.linux64_1.0.0.201904181610/tools/bin/../lib/gcc/arm-none-eabi/7.3.1/../../../../arm-none-eabi/lib/thumb/v7-m/libc_nano.a(lib_a-nano-reallocr.o)
 .ARM.attributes
                0x0000000000000649       0x2d /opt/st/stm32cubeide_1.2.0/plugins/com.st.stm32cube.ide.mcu.externaltools.gnu-tools-for-stm32.7-2018-q2-update.linux64_1.0.0.201904181610/tools/bin/../lib/gcc/arm-none-eabi/7.3.1/../../../../arm-none-eabi/lib/thumb/v7-m/libc_nano.a(lib_a-nano-msizer.o)
 .ARM.attributes
                0x0000000000000676       0x1d /opt/st/stm32cubeide_1.2.0/plugins/com.st.stm32cube.ide.mcu.externaltools.gnu-tools-for-stm32.7-2018-q2-update.linux64_1.0.0.201904181610/tools/bin/../lib/gcc/arm-none-eabi/7.3.1/thumb/v7-m/crtn.o
OUTPUT(STM32_eth_server_v1.elf elf32-littlearm)

.debug_info     0x0000000000000000     0xa6d0
 .debug_info    0x0000000000000000     0x178d Core/Src/main.o
 .debug_info    0x000000000000178d     0x14ba Core/Src/stm32f1xx_hal_msp.o
 .debug_info    0x0000000000002c47      0xbd0 Core/Src/stm32f1xx_it.o
 .debug_info    0x0000000000003817      0x91c Core/Src/sysmem.o
 .debug_info    0x0000000000004133      0x433 Core/Src/system_stm32f1xx.o
 .debug_info    0x0000000000004566       0x22 Core/Startup/startup_stm32f103c8tx.o
 .debug_info    0x0000000000004588      0x6fe Drivers/STM32F1xx_HAL_Driver/Src/stm32f1xx_hal.o
 .debug_info    0x0000000000004c86      0xb46 Drivers/STM32F1xx_HAL_Driver/Src/stm32f1xx_hal_cortex.o
 .debug_info    0x00000000000057cc      0x681 Drivers/STM32F1xx_HAL_Driver/Src/stm32f1xx_hal_gpio.o
 .debug_info    0x0000000000005e4d      0x804 Drivers/STM32F1xx_HAL_Driver/Src/stm32f1xx_hal_rcc.o
 .debug_info    0x0000000000006651     0x153a Drivers/STM32F1xx_HAL_Driver/Src/stm32f1xx_hal_spi.o
 .debug_info    0x0000000000007b8b     0x11e3 Drivers/STM32F1xx_HAL_Driver/Src/stm32f1xx_hal_uart.o
 .debug_info    0x0000000000008d6e      0x539 ioLibrary_Driver/Ethernet/W5500/w5500.o
 .debug_info    0x00000000000092a7      0x800 ioLibrary_Driver/Ethernet/socket.o
 .debug_info    0x0000000000009aa7      0xc29 ioLibrary_Driver/Ethernet/wizchip_conf.o

.debug_abbrev   0x0000000000000000     0x1de0
 .debug_abbrev  0x0000000000000000      0x2f8 Core/Src/main.o
 .debug_abbrev  0x00000000000002f8      0x222 Core/Src/stm32f1xx_hal_msp.o
 .debug_abbrev  0x000000000000051a      0x1ee Core/Src/stm32f1xx_it.o
 .debug_abbrev  0x0000000000000708      0x1bb Core/Src/sysmem.o
 .debug_abbrev  0x00000000000008c3      0x134 Core/Src/system_stm32f1xx.o
 .debug_abbrev  0x00000000000009f7       0x12 Core/Startup/startup_stm32f103c8tx.o
 .debug_abbrev  0x0000000000000a09      0x1d8 Drivers/STM32F1xx_HAL_Driver/Src/stm32f1xx_hal.o
 .debug_abbrev  0x0000000000000be1      0x2d5 Drivers/STM32F1xx_HAL_Driver/Src/stm32f1xx_hal_cortex.o
 .debug_abbrev  0x0000000000000eb6      0x1c0 Drivers/STM32F1xx_HAL_Driver/Src/stm32f1xx_hal_gpio.o
 .debug_abbrev  0x0000000000001076      0x243 Drivers/STM32F1xx_HAL_Driver/Src/stm32f1xx_hal_rcc.o
 .debug_abbrev  0x00000000000012b9      0x240 Drivers/STM32F1xx_HAL_Driver/Src/stm32f1xx_hal_spi.o
 .debug_abbrev  0x00000000000014f9      0x242 Drivers/STM32F1xx_HAL_Driver/Src/stm32f1xx_hal_uart.o
 .debug_abbrev  0x000000000000173b      0x1e5 ioLibrary_Driver/Ethernet/W5500/w5500.o
 .debug_abbrev  0x0000000000001920      0x21e ioLibrary_Driver/Ethernet/socket.o
 .debug_abbrev  0x0000000000001b3e      0x2a2 ioLibrary_Driver/Ethernet/wizchip_conf.o

.debug_aranges  0x0000000000000000      0x9f8
 .debug_aranges
                0x0000000000000000       0x70 Core/Src/main.o
 .debug_aranges
                0x0000000000000070       0x40 Core/Src/stm32f1xx_hal_msp.o
 .debug_aranges
                0x00000000000000b0       0x60 Core/Src/stm32f1xx_it.o
 .debug_aranges
                0x0000000000000110       0x20 Core/Src/sysmem.o
 .debug_aranges
                0x0000000000000130       0x28 Core/Src/system_stm32f1xx.o
 .debug_aranges
                0x0000000000000158       0x28 Core/Startup/startup_stm32f103c8tx.o
 .debug_aranges
                0x0000000000000180       0xe0 Drivers/STM32F1xx_HAL_Driver/Src/stm32f1xx_hal.o
 .debug_aranges
                0x0000000000000260      0x100 Drivers/STM32F1xx_HAL_Driver/Src/stm32f1xx_hal_cortex.o
 .debug_aranges
                0x0000000000000360       0x58 Drivers/STM32F1xx_HAL_Driver/Src/stm32f1xx_hal_gpio.o
 .debug_aranges
                0x00000000000003b8       0x90 Drivers/STM32F1xx_HAL_Driver/Src/stm32f1xx_hal_rcc.o
 .debug_aranges
                0x0000000000000448      0x1d0 Drivers/STM32F1xx_HAL_Driver/Src/stm32f1xx_hal_spi.o
 .debug_aranges
                0x0000000000000618      0x1d0 Drivers/STM32F1xx_HAL_Driver/Src/stm32f1xx_hal_uart.o
 .debug_aranges
                0x00000000000007e8       0x60 ioLibrary_Driver/Ethernet/W5500/w5500.o
 .debug_aranges
                0x0000000000000848       0x78 ioLibrary_Driver/Ethernet/socket.o
 .debug_aranges
                0x00000000000008c0      0x138 ioLibrary_Driver/Ethernet/wizchip_conf.o

.debug_ranges   0x0000000000000000      0x928
 .debug_ranges  0x0000000000000000       0x60 Core/Src/main.o
 .debug_ranges  0x0000000000000060       0x30 Core/Src/stm32f1xx_hal_msp.o
 .debug_ranges  0x0000000000000090       0x50 Core/Src/stm32f1xx_it.o
 .debug_ranges  0x00000000000000e0       0x10 Core/Src/sysmem.o
 .debug_ranges  0x00000000000000f0       0x18 Core/Src/system_stm32f1xx.o
 .debug_ranges  0x0000000000000108       0x20 Core/Startup/startup_stm32f103c8tx.o
 .debug_ranges  0x0000000000000128       0xd0 Drivers/STM32F1xx_HAL_Driver/Src/stm32f1xx_hal.o
 .debug_ranges  0x00000000000001f8       0xf0 Drivers/STM32F1xx_HAL_Driver/Src/stm32f1xx_hal_cortex.o
 .debug_ranges  0x00000000000002e8       0x48 Drivers/STM32F1xx_HAL_Driver/Src/stm32f1xx_hal_gpio.o
 .debug_ranges  0x0000000000000330       0x80 Drivers/STM32F1xx_HAL_Driver/Src/stm32f1xx_hal_rcc.o
 .debug_ranges  0x00000000000003b0      0x1c0 Drivers/STM32F1xx_HAL_Driver/Src/stm32f1xx_hal_spi.o
 .debug_ranges  0x0000000000000570      0x1c0 Drivers/STM32F1xx_HAL_Driver/Src/stm32f1xx_hal_uart.o
 .debug_ranges  0x0000000000000730       0x50 ioLibrary_Driver/Ethernet/W5500/w5500.o
 .debug_ranges  0x0000000000000780       0x80 ioLibrary_Driver/Ethernet/socket.o
 .debug_ranges  0x0000000000000800      0x128 ioLibrary_Driver/Ethernet/wizchip_conf.o

.debug_macro    0x0000000000000000    0x14a5e
 .debug_macro   0x0000000000000000      0x3c7 Core/Src/main.o
 .debug_macro   0x00000000000003c7      0xa5a Core/Src/main.o
 .debug_macro   0x0000000000000e21      0x21b Core/Src/main.o
 .debug_macro   0x000000000000103c       0x2e Core/Src/main.o
 .debug_macro   0x000000000000106a       0x22 Core/Src/main.o
 .debug_macro   0x000000000000108c       0x22 Core/Src/main.o
 .debug_macro   0x00000000000010ae       0x8e Core/Src/main.o
 .debug_macro   0x000000000000113c       0x51 Core/Src/main.o
 .debug_macro   0x000000000000118d       0xef Core/Src/main.o
 .debug_macro   0x000000000000127c       0x6a Core/Src/main.o
 .debug_macro   0x00000000000012e6      0x1df Core/Src/main.o
 .debug_macro   0x00000000000014c5       0x1c Core/Src/main.o
 .debug_macro   0x00000000000014e1       0x22 Core/Src/main.o
 .debug_macro   0x0000000000001503       0xc3 Core/Src/main.o
 .debug_macro   0x00000000000015c6      0xd23 Core/Src/main.o
 .debug_macro   0x00000000000022e9     0xe09e Core/Src/main.o
 .debug_macro   0x0000000000010387       0x43 Core/Src/main.o
 .debug_macro   0x00000000000103ca      0x174 Core/Src/main.o
 .debug_macro   0x000000000001053e       0x5a Core/Src/main.o
 .debug_macro   0x0000000000010598      0x5be Core/Src/main.o
 .debug_macro   0x0000000000010b56      0x289 Core/Src/main.o
 .debug_macro   0x0000000000010ddf      0x1cb Core/Src/main.o
 .debug_macro   0x0000000000010faa      0x114 Core/Src/main.o
 .debug_macro   0x00000000000110be      0x1b2 Core/Src/main.o
 .debug_macro   0x0000000000011270       0x27 Core/Src/main.o
 .debug_macro   0x0000000000011297      0x136 Core/Src/main.o
 .debug_macro   0x00000000000113cd      0x1bc Core/Src/main.o
 .debug_macro   0x0000000000011589       0x34 Core/Src/main.o
 .debug_macro   0x00000000000115bd       0x3c Core/Src/main.o
 .debug_macro   0x00000000000115f9       0x57 Core/Src/main.o
 .debug_macro   0x0000000000011650       0x88 Core/Src/main.o
 .debug_macro   0x00000000000116d8      0x241 Core/Src/main.o
 .debug_macro   0x0000000000011919      0x141 Core/Src/main.o
 .debug_macro   0x0000000000011a5a      0x217 Core/Src/main.o
 .debug_macro   0x0000000000011c71      0x26b Core/Src/main.o
 .debug_macro   0x0000000000011edc       0x83 Core/Src/main.o
 .debug_macro   0x0000000000011f5f       0x6c Core/Src/main.o
 .debug_macro   0x0000000000011fcb      0x5e7 Core/Src/main.o
 .debug_macro   0x00000000000125b2       0x66 Core/Src/main.o
 .debug_macro   0x0000000000012618       0xd8 Core/Src/main.o
 .debug_macro   0x00000000000126f0       0x46 Core/Src/main.o
 .debug_macro   0x0000000000012736       0x18 Core/Src/main.o
 .debug_macro   0x000000000001274e       0x3c Core/Src/main.o
 .debug_macro   0x000000000001278a       0x34 Core/Src/main.o
 .debug_macro   0x00000000000127be       0x52 Core/Src/main.o
 .debug_macro   0x0000000000012810       0x1f Core/Src/main.o
 .debug_macro   0x000000000001282f       0x43 Core/Src/main.o
 .debug_macro   0x0000000000012872       0x20 Core/Src/main.o
 .debug_macro   0x0000000000012892      0x1a3 Core/Src/main.o
 .debug_macro   0x0000000000012a35      0x32a Core/Src/main.o
 .debug_macro   0x0000000000012d5f       0x10 Core/Src/main.o
 .debug_macro   0x0000000000012d6f       0x35 Core/Src/main.o
 .debug_macro   0x0000000000012da4       0x20 Core/Src/main.o
 .debug_macro   0x0000000000012dc4       0x1c Core/Src/main.o
 .debug_macro   0x0000000000012de0       0x10 Core/Src/main.o
 .debug_macro   0x0000000000012df0       0x10 Core/Src/main.o
 .debug_macro   0x0000000000012e00       0x1c Core/Src/main.o
 .debug_macro   0x0000000000012e1c       0x52 Core/Src/main.o
 .debug_macro   0x0000000000012e6e       0x40 Core/Src/main.o
 .debug_macro   0x0000000000012eae       0x10 Core/Src/main.o
 .debug_macro   0x0000000000012ebe       0x40 Core/Src/main.o
 .debug_macro   0x0000000000012efe       0xd7 Core/Src/main.o
 .debug_macro   0x0000000000012fd5       0x1c Core/Src/main.o
 .debug_macro   0x0000000000012ff1       0x3d Core/Src/main.o
 .debug_macro   0x000000000001302e       0x16 Core/Src/main.o
 .debug_macro   0x0000000000013044      0x145 Core/Src/main.o
 .debug_macro   0x0000000000013189       0x22 Core/Src/main.o
 .debug_macro   0x00000000000131ab      0x361 Core/Src/stm32f1xx_hal_msp.o
 .debug_macro   0x000000000001350c      0x36b Core/Src/stm32f1xx_it.o
 .debug_macro   0x0000000000013877      0x1ae Core/Src/sysmem.o
 .debug_macro   0x0000000000013a25      0x23b Core/Src/sysmem.o
 .debug_macro   0x0000000000013c60       0x16 Core/Src/sysmem.o
 .debug_macro   0x0000000000013c76      0x195 Core/Src/system_stm32f1xx.o
 .debug_macro   0x0000000000013e0b      0x1b3 Drivers/STM32F1xx_HAL_Driver/Src/stm32f1xx_hal.o
 .debug_macro   0x0000000000013fbe      0x18f Drivers/STM32F1xx_HAL_Driver/Src/stm32f1xx_hal_cortex.o
 .debug_macro   0x000000000001414d      0x1fa Drivers/STM32F1xx_HAL_Driver/Src/stm32f1xx_hal_gpio.o
 .debug_macro   0x0000000000014347      0x1a1 Drivers/STM32F1xx_HAL_Driver/Src/stm32f1xx_hal_rcc.o
 .debug_macro   0x00000000000144e8      0x197 Drivers/STM32F1xx_HAL_Driver/Src/stm32f1xx_hal_spi.o
 .debug_macro   0x000000000001467f      0x190 Drivers/STM32F1xx_HAL_Driver/Src/stm32f1xx_hal_uart.o
 .debug_macro   0x000000000001480f       0x9d ioLibrary_Driver/Ethernet/W5500/w5500.o
 .debug_macro   0x00000000000148ac       0xb8 ioLibrary_Driver/Ethernet/socket.o
 .debug_macro   0x0000000000014964       0x66 ioLibrary_Driver/Ethernet/socket.o
 .debug_macro   0x00000000000149ca       0x94 ioLibrary_Driver/Ethernet/wizchip_conf.o

.debug_line     0x0000000000000000     0x7ee5
 .debug_line    0x0000000000000000      0xa25 Core/Src/main.o
 .debug_line    0x0000000000000a25      0x97a Core/Src/stm32f1xx_hal_msp.o
 .debug_line    0x000000000000139f      0x9bb Core/Src/stm32f1xx_it.o
 .debug_line    0x0000000000001d5a      0x531 Core/Src/sysmem.o
 .debug_line    0x000000000000228b      0x629 Core/Src/system_stm32f1xx.o
 .debug_line    0x00000000000028b4       0x84 Core/Startup/startup_stm32f103c8tx.o
 .debug_line    0x0000000000002938      0x7d1 Drivers/STM32F1xx_HAL_Driver/Src/stm32f1xx_hal.o
 .debug_line    0x0000000000003109      0x8aa Drivers/STM32F1xx_HAL_Driver/Src/stm32f1xx_hal_cortex.o
 .debug_line    0x00000000000039b3      0x7d1 Drivers/STM32F1xx_HAL_Driver/Src/stm32f1xx_hal_gpio.o
 .debug_line    0x0000000000004184      0x893 Drivers/STM32F1xx_HAL_Driver/Src/stm32f1xx_hal_rcc.o
 .debug_line    0x0000000000004a17      0xf9f Drivers/STM32F1xx_HAL_Driver/Src/stm32f1xx_hal_spi.o
 .debug_line    0x00000000000059b6      0xedc Drivers/STM32F1xx_HAL_Driver/Src/stm32f1xx_hal_uart.o
 .debug_line    0x0000000000006892      0x55e ioLibrary_Driver/Ethernet/W5500/w5500.o
 .debug_line    0x0000000000006df0      0x8ae ioLibrary_Driver/Ethernet/socket.o
 .debug_line    0x000000000000769e      0x847 ioLibrary_Driver/Ethernet/wizchip_conf.o

.debug_str      0x0000000000000000    0x7037e
 .debug_str     0x0000000000000000    0x6d8fa Core/Src/main.o
                                      0x6dcc0 (size before relaxing)
 .debug_str     0x000000000006d8fa       0xab Core/Src/stm32f1xx_hal_msp.o
                                      0x6d344 (size before relaxing)
 .debug_str     0x000000000006d9a5       0xbd Core/Src/stm32f1xx_it.o
                                      0x6cdc2 (size before relaxing)
 .debug_str     0x000000000006da62      0x4d1 Core/Src/sysmem.o
                                       0x7ac5 (size before relaxing)
 .debug_str     0x000000000006df33       0xc2 Core/Src/system_stm32f1xx.o
                                      0x65cd1 (size before relaxing)
 .debug_str     0x000000000006dff5       0x36 Core/Startup/startup_stm32f103c8tx.o
                                         0x6a (size before relaxing)
 .debug_str     0x000000000006e02b      0x629 Drivers/STM32F1xx_HAL_Driver/Src/stm32f1xx_hal.o
                                      0x662e2 (size before relaxing)
 .debug_str     0x000000000006e654      0x2c8 Drivers/STM32F1xx_HAL_Driver/Src/stm32f1xx_hal_cortex.o
                                      0x662f0 (size before relaxing)
 .debug_str     0x000000000006e91c      0x324 Drivers/STM32F1xx_HAL_Driver/Src/stm32f1xx_hal_gpio.o
                                      0x6601b (size before relaxing)
 .debug_str     0x000000000006ec40      0x263 Drivers/STM32F1xx_HAL_Driver/Src/stm32f1xx_hal_rcc.o
                                      0x66054 (size before relaxing)
 .debug_str     0x000000000006eea3      0x534 Drivers/STM32F1xx_HAL_Driver/Src/stm32f1xx_hal_spi.o
                                      0x66542 (size before relaxing)
 .debug_str     0x000000000006f3d7      0x50d Drivers/STM32F1xx_HAL_Driver/Src/stm32f1xx_hal_uart.o
                                      0x66543 (size before relaxing)
 .debug_str     0x000000000006f8e4      0x149 ioLibrary_Driver/Ethernet/W5500/w5500.o
                                       0x6927 (size before relaxing)
 .debug_str     0x000000000006fa2d      0x34d ioLibrary_Driver/Ethernet/socket.o
                                       0x6f7f (size before relaxing)
 .debug_str     0x000000000006fd7a      0x604 ioLibrary_Driver/Ethernet/wizchip_conf.o
                                       0x719f (size before relaxing)

.comment        0x0000000000000000       0x7b
 .comment       0x0000000000000000       0x7b Core/Src/main.o
                                         0x7c (size before relaxing)
 .comment       0x000000000000007b       0x7c Core/Src/stm32f1xx_hal_msp.o
 .comment       0x000000000000007b       0x7c Core/Src/stm32f1xx_it.o
 .comment       0x000000000000007b       0x7c Core/Src/sysmem.o
 .comment       0x000000000000007b       0x7c Core/Src/system_stm32f1xx.o
 .comment       0x000000000000007b       0x7c Drivers/STM32F1xx_HAL_Driver/Src/stm32f1xx_hal.o
 .comment       0x000000000000007b       0x7c Drivers/STM32F1xx_HAL_Driver/Src/stm32f1xx_hal_cortex.o
 .comment       0x000000000000007b       0x7c Drivers/STM32F1xx_HAL_Driver/Src/stm32f1xx_hal_gpio.o
 .comment       0x000000000000007b       0x7c Drivers/STM32F1xx_HAL_Driver/Src/stm32f1xx_hal_rcc.o
 .comment       0x000000000000007b       0x7c Drivers/STM32F1xx_HAL_Driver/Src/stm32f1xx_hal_spi.o
 .comment       0x000000000000007b       0x7c Drivers/STM32F1xx_HAL_Driver/Src/stm32f1xx_hal_uart.o
 .comment       0x000000000000007b       0x7c ioLibrary_Driver/Ethernet/W5500/w5500.o
 .comment       0x000000000000007b       0x7c ioLibrary_Driver/Ethernet/socket.o
 .comment       0x000000000000007b       0x7c ioLibrary_Driver/Ethernet/wizchip_conf.o

.debug_frame    0x0000000000000000     0x2c34
 .debug_frame   0x0000000000000000      0x170 Core/Src/main.o
 .debug_frame   0x0000000000000170       0xc8 Core/Src/stm32f1xx_hal_msp.o
 .debug_frame   0x0000000000000238      0x10c Core/Src/stm32f1xx_it.o
 .debug_frame   0x0000000000000344       0x34 Core/Src/sysmem.o
 .debug_frame   0x0000000000000378       0x58 Core/Src/system_stm32f1xx.o
 .debug_frame   0x00000000000003d0      0x334 Drivers/STM32F1xx_HAL_Driver/Src/stm32f1xx_hal.o
 .debug_frame   0x0000000000000704      0x428 Drivers/STM32F1xx_HAL_Driver/Src/stm32f1xx_hal_cortex.o
 .debug_frame   0x0000000000000b2c      0x14c Drivers/STM32F1xx_HAL_Driver/Src/stm32f1xx_hal_gpio.o
 .debug_frame   0x0000000000000c78      0x21c Drivers/STM32F1xx_HAL_Driver/Src/stm32f1xx_hal_rcc.o
 .debug_frame   0x0000000000000e94      0x824 Drivers/STM32F1xx_HAL_Driver/Src/stm32f1xx_hal_spi.o
 .debug_frame   0x00000000000016b8      0x834 Drivers/STM32F1xx_HAL_Driver/Src/stm32f1xx_hal_uart.o
 .debug_frame   0x0000000000001eec      0x16c ioLibrary_Driver/Ethernet/W5500/w5500.o
 .debug_frame   0x0000000000002058      0x1d4 ioLibrary_Driver/Ethernet/socket.o
 .debug_frame   0x000000000000222c      0x534 ioLibrary_Driver/Ethernet/wizchip_conf.o
 .debug_frame   0x0000000000002760       0x20 /opt/st/stm32cubeide_1.2.0/plugins/com.st.stm32cube.ide.mcu.externaltools.gnu-tools-for-stm32.7-2018-q2-update.linux64_1.0.0.201904181610/tools/bin/../lib/gcc/arm-none-eabi/7.3.1/../../../../arm-none-eabi/lib/thumb/v7-m/libc_nano.a(lib_a-errno.o)
 .debug_frame   0x0000000000002780       0x2c /opt/st/stm32cubeide_1.2.0/plugins/com.st.stm32cube.ide.mcu.externaltools.gnu-tools-for-stm32.7-2018-q2-update.linux64_1.0.0.201904181610/tools/bin/../lib/gcc/arm-none-eabi/7.3.1/../../../../arm-none-eabi/lib/thumb/v7-m/libc_nano.a(lib_a-init.o)
 .debug_frame   0x00000000000027ac       0x28 /opt/st/stm32cubeide_1.2.0/plugins/com.st.stm32cube.ide.mcu.externaltools.gnu-tools-for-stm32.7-2018-q2-update.linux64_1.0.0.201904181610/tools/bin/../lib/gcc/arm-none-eabi/7.3.1/../../../../arm-none-eabi/lib/thumb/v7-m/libc_nano.a(lib_a-memcpy-stub.o)
 .debug_frame   0x00000000000027d4       0x20 /opt/st/stm32cubeide_1.2.0/plugins/com.st.stm32cube.ide.mcu.externaltools.gnu-tools-for-stm32.7-2018-q2-update.linux64_1.0.0.201904181610/tools/bin/../lib/gcc/arm-none-eabi/7.3.1/../../../../arm-none-eabi/lib/thumb/v7-m/libc_nano.a(lib_a-memset.o)
 .debug_frame   0x00000000000027f4       0x38 /opt/st/stm32cubeide_1.2.0/plugins/com.st.stm32cube.ide.mcu.externaltools.gnu-tools-for-stm32.7-2018-q2-update.linux64_1.0.0.201904181610/tools/bin/../lib/gcc/arm-none-eabi/7.3.1/../../../../arm-none-eabi/lib/thumb/v7-m/libc_nano.a(lib_a-nano-freer.o)
 .debug_frame   0x000000000000282c       0x2c /opt/st/stm32cubeide_1.2.0/plugins/com.st.stm32cube.ide.mcu.externaltools.gnu-tools-for-stm32.7-2018-q2-update.linux64_1.0.0.201904181610/tools/bin/../lib/gcc/arm-none-eabi/7.3.1/../../../../arm-none-eabi/lib/thumb/v7-m/libc_nano.a(lib_a-nano-mallocr.o)
 .debug_frame   0x0000000000002858       0x2c /opt/st/stm32cubeide_1.2.0/plugins/com.st.stm32cube.ide.mcu.externaltools.gnu-tools-for-stm32.7-2018-q2-update.linux64_1.0.0.201904181610/tools/bin/../lib/gcc/arm-none-eabi/7.3.1/../../../../arm-none-eabi/lib/thumb/v7-m/libc_nano.a(lib_a-sbrkr.o)
 .debug_frame   0x0000000000002884       0x6c /opt/st/stm32cubeide_1.2.0/plugins/com.st.stm32cube.ide.mcu.externaltools.gnu-tools-for-stm32.7-2018-q2-update.linux64_1.0.0.201904181610/tools/bin/../lib/gcc/arm-none-eabi/7.3.1/../../../../arm-none-eabi/lib/thumb/v7-m/libc_nano.a(lib_a-sprintf.o)
 .debug_frame   0x00000000000028f0      0x11c /opt/st/stm32cubeide_1.2.0/plugins/com.st.stm32cube.ide.mcu.externaltools.gnu-tools-for-stm32.7-2018-q2-update.linux64_1.0.0.201904181610/tools/bin/../lib/gcc/arm-none-eabi/7.3.1/../../../../arm-none-eabi/lib/thumb/v7-m/libc_nano.a(lib_a-findfp.o)
 .debug_frame   0x0000000000002a0c       0x30 /opt/st/stm32cubeide_1.2.0/plugins/com.st.stm32cube.ide.mcu.externaltools.gnu-tools-for-stm32.7-2018-q2-update.linux64_1.0.0.201904181610/tools/bin/../lib/gcc/arm-none-eabi/7.3.1/../../../../arm-none-eabi/lib/thumb/v7-m/libc_nano.a(lib_a-mlock.o)
 .debug_frame   0x0000000000002a3c       0x90 /opt/st/stm32cubeide_1.2.0/plugins/com.st.stm32cube.ide.mcu.externaltools.gnu-tools-for-stm32.7-2018-q2-update.linux64_1.0.0.201904181610/tools/bin/../lib/gcc/arm-none-eabi/7.3.1/../../../../arm-none-eabi/lib/thumb/v7-m/libc_nano.a(lib_a-nano-svfprintf.o)
 .debug_frame   0x0000000000002acc       0x60 /opt/st/stm32cubeide_1.2.0/plugins/com.st.stm32cube.ide.mcu.externaltools.gnu-tools-for-stm32.7-2018-q2-update.linux64_1.0.0.201904181610/tools/bin/../lib/gcc/arm-none-eabi/7.3.1/../../../../arm-none-eabi/lib/thumb/v7-m/libc_nano.a(lib_a-nano-vfprintf_i.o)
 .debug_frame   0x0000000000002b2c       0x5c /opt/st/stm32cubeide_1.2.0/plugins/com.st.stm32cube.ide.mcu.externaltools.gnu-tools-for-stm32.7-2018-q2-update.linux64_1.0.0.201904181610/tools/bin/../lib/gcc/arm-none-eabi/7.3.1/../../../../arm-none-eabi/lib/thumb/v7-m/libc_nano.a(lib_a-reent.o)
 .debug_frame   0x0000000000002b88       0x28 /opt/st/stm32cubeide_1.2.0/plugins/com.st.stm32cube.ide.mcu.externaltools.gnu-tools-for-stm32.7-2018-q2-update.linux64_1.0.0.201904181610/tools/bin/../lib/gcc/arm-none-eabi/7.3.1/../../../../arm-none-eabi/lib/thumb/v7-m/libc_nano.a(lib_a-memchr-stub.o)
 .debug_frame   0x0000000000002bb0       0x28 /opt/st/stm32cubeide_1.2.0/plugins/com.st.stm32cube.ide.mcu.externaltools.gnu-tools-for-stm32.7-2018-q2-update.linux64_1.0.0.201904181610/tools/bin/../lib/gcc/arm-none-eabi/7.3.1/../../../../arm-none-eabi/lib/thumb/v7-m/libc_nano.a(lib_a-memmove.o)
 .debug_frame   0x0000000000002bd8       0x3c /opt/st/stm32cubeide_1.2.0/plugins/com.st.stm32cube.ide.mcu.externaltools.gnu-tools-for-stm32.7-2018-q2-update.linux64_1.0.0.201904181610/tools/bin/../lib/gcc/arm-none-eabi/7.3.1/../../../../arm-none-eabi/lib/thumb/v7-m/libc_nano.a(lib_a-nano-reallocr.o)
 .debug_frame   0x0000000000002c14       0x20 /opt/st/stm32cubeide_1.2.0/plugins/com.st.stm32cube.ide.mcu.externaltools.gnu-tools-for-stm32.7-2018-q2-update.linux64_1.0.0.201904181610/tools/bin/../lib/gcc/arm-none-eabi/7.3.1/../../../../arm-none-eabi/lib/thumb/v7-m/libc_nano.a(lib_a-nano-msizer.o)
