22:39:20 **** Incremental Build of configuration Debug for project STM32_eth_client_v2 ****
make -j4 all 
arm-none-eabi-gcc "../Core/Src/joystick.c" -mcpu=cortex-m3 -std=gnu11 -g3 -DUSE_HAL_DRIVER -DSTM32F103xB -DDEBUG -c -I../Drivers/CMSIS/Device/ST/STM32F1xx/Include -I"/home/t440/Documentos/Git/STM32_eth_client_v2/ioLibrary_Driver/Ethernet/W5500" -I"/home/t440/Documentos/Git/STM32_eth_client_v2/ioLibrary_Driver/Ethernet" -I../Drivers/CMSIS/Include -I../Core/Inc -I../Drivers/STM32F1xx_HAL_Driver/Inc/Legacy -I../Drivers/STM32F1xx_HAL_Driver/Inc -O0 -ffunction-sections -fdata-sections -Wall -fstack-usage -MMD -MP -MF"Core/Src/joystick.d" -MT"Core/Src/joystick.o" --specs=nano.specs -mfloat-abi=soft -mthumb -o "Core/Src/joystick.o"
arm-none-eabi-gcc "../Core/Src/main.c" -mcpu=cortex-m3 -std=gnu11 -g3 -DUSE_HAL_DRIVER -DSTM32F103xB -DDEBUG -c -I../Drivers/CMSIS/Device/ST/STM32F1xx/Include -I"/home/t440/Documentos/Git/STM32_eth_client_v2/ioLibrary_Driver/Ethernet/W5500" -I"/home/t440/Documentos/Git/STM32_eth_client_v2/ioLibrary_Driver/Ethernet" -I../Drivers/CMSIS/Include -I../Core/Inc -I../Drivers/STM32F1xx_HAL_Driver/Inc/Legacy -I../Drivers/STM32F1xx_HAL_Driver/Inc -O0 -ffunction-sections -fdata-sections -Wall -fstack-usage -MMD -MP -MF"Core/Src/main.d" -MT"Core/Src/main.o" --specs=nano.specs -mfloat-abi=soft -mthumb -o "Core/Src/main.o"
arm-none-eabi-gcc "../Core/Src/stm32f1xx_hal_msp.c" -mcpu=cortex-m3 -std=gnu11 -g3 -DUSE_HAL_DRIVER -DSTM32F103xB -DDEBUG -c -I../Drivers/CMSIS/Device/ST/STM32F1xx/Include -I"/home/t440/Documentos/Git/STM32_eth_client_v2/ioLibrary_Driver/Ethernet/W5500" -I"/home/t440/Documentos/Git/STM32_eth_client_v2/ioLibrary_Driver/Ethernet" -I../Drivers/CMSIS/Include -I../Core/Inc -I../Drivers/STM32F1xx_HAL_Driver/Inc/Legacy -I../Drivers/STM32F1xx_HAL_Driver/Inc -O0 -ffunction-sections -fdata-sections -Wall -fstack-usage -MMD -MP -MF"Core/Src/stm32f1xx_hal_msp.d" -MT"Core/Src/stm32f1xx_hal_msp.o" --specs=nano.specs -mfloat-abi=soft -mthumb -o "Core/Src/stm32f1xx_hal_msp.o"
arm-none-eabi-gcc "../Core/Src/stm32f1xx_it.c" -mcpu=cortex-m3 -std=gnu11 -g3 -DUSE_HAL_DRIVER -DSTM32F103xB -DDEBUG -c -I../Drivers/CMSIS/Device/ST/STM32F1xx/Include -I"/home/t440/Documentos/Git/STM32_eth_client_v2/ioLibrary_Driver/Ethernet/W5500" -I"/home/t440/Documentos/Git/STM32_eth_client_v2/ioLibrary_Driver/Ethernet" -I../Drivers/CMSIS/Include -I../Core/Inc -I../Drivers/STM32F1xx_HAL_Driver/Inc/Legacy -I../Drivers/STM32F1xx_HAL_Driver/Inc -O0 -ffunction-sections -fdata-sections -Wall -fstack-usage -MMD -MP -MF"Core/Src/stm32f1xx_it.d" -MT"Core/Src/stm32f1xx_it.o" --specs=nano.specs -mfloat-abi=soft -mthumb -o "Core/Src/stm32f1xx_it.o"
../Core/Src/main.c: In function 'main':
../Core/Src/main.c:129:29: warning: passing argument 2 of 'HAL_ADC_Start_DMA' from incompatible pointer type [-Wincompatible-pointer-types]
   HAL_ADC_Start_DMA(&hadc1, VR, 2);  //inicia ADC mediante DMA
                             ^~
In file included from ../Core/Inc/stm32f1xx_hal_conf.h:273:0,
                 from ../Drivers/STM32F1xx_HAL_Driver/Inc/stm32f1xx_hal.h:30,
                 from ../Core/Inc/main.h:31,
                 from ../Core/Src/main.c:22:
../Drivers/STM32F1xx_HAL_Driver/Inc/stm32f1xx_hal_adc.h:929:25: note: expected 'uint32_t * {aka long unsigned int *}' but argument is of type 'uint16_t * {aka short unsigned int *}'
 HAL_StatusTypeDef       HAL_ADC_Start_DMA(ADC_HandleTypeDef* hadc, uint32_t* pData, uint32_t Length);
                         ^~~~~~~~~~~~~~~~~
arm-none-eabi-gcc -o "STM32_eth_client_v2.elf" @"objects.list"   -mcpu=cortex-m3 -T"/home/t440/Documentos/Git/STM32_eth_client_v2/STM32F103C8TX_FLASH.ld" --specs=nosys.specs -Wl,-Map="STM32_eth_client_v2.map" -Wl,--gc-sections -static --specs=nano.specs -mfloat-abi=soft -mthumb -Wl,--start-group -lc -lm -Wl,--end-group
Finished building target: STM32_eth_client_v2.elf
 
arm-none-eabi-objdump -h -S  STM32_eth_client_v2.elf  > "STM32_eth_client_v2.list"
arm-none-eabi-objcopy  -O binary  STM32_eth_client_v2.elf  "STM32_eth_client_v2.bin"
arm-none-eabi-size   STM32_eth_client_v2.elf 
   text	   data	    bss	    dec	    hex	filename
   9756	     20	   1900	  11676	   2d9c	STM32_eth_client_v2.elf
Finished building: default.size.stdout
Finished building: STM32_eth_client_v2.bin
 
 
Finished building: STM32_eth_client_v2.list
 
