09:56:52 **** Build of configuration Debug for project STM32_eth_client_v1 ****
make -j4 all 
arm-none-eabi-gcc "../ioLibrary_Driver/Internet/httpServer/httpParser.c" -mcpu=cortex-m3 -std=gnu11 -g3 -DUSE_HAL_DRIVER -DSTM32F103xB -DDEBUG -c -I../Drivers/CMSIS/Device/ST/STM32F1xx/Include -I../Drivers/CMSIS/Include -I../Core/Inc -I"/home/t440/Documentos/Git/STM32_eth_client_v1/ioLibrary_Driver/Ethernet/W5500" -I../Drivers/STM32F1xx_HAL_Driver/Inc/Legacy -I../Drivers/STM32F1xx_HAL_Driver/Inc -I"/home/t440/Documentos/Git/STM32_eth_client_v1/ioLibrary_Driver/Ethernet" -O0 -ffunction-sections -fdata-sections -Wall -fstack-usage -MMD -MP -MF"ioLibrary_Driver/Internet/httpServer/httpParser.d" -MT"ioLibrary_Driver/Internet/httpServer/httpParser.o" --specs=nano.specs -mfloat-abi=soft -mthumb -o "ioLibrary_Driver/Internet/httpServer/httpParser.o"
arm-none-eabi-gcc "../ioLibrary_Driver/Internet/httpServer/httpServer.c" -mcpu=cortex-m3 -std=gnu11 -g3 -DUSE_HAL_DRIVER -DSTM32F103xB -DDEBUG -c -I../Drivers/CMSIS/Device/ST/STM32F1xx/Include -I../Drivers/CMSIS/Include -I../Core/Inc -I"/home/t440/Documentos/Git/STM32_eth_client_v1/ioLibrary_Driver/Ethernet/W5500" -I../Drivers/STM32F1xx_HAL_Driver/Inc/Legacy -I../Drivers/STM32F1xx_HAL_Driver/Inc -I"/home/t440/Documentos/Git/STM32_eth_client_v1/ioLibrary_Driver/Ethernet" -O0 -ffunction-sections -fdata-sections -Wall -fstack-usage -MMD -MP -MF"ioLibrary_Driver/Internet/httpServer/httpServer.d" -MT"ioLibrary_Driver/Internet/httpServer/httpServer.o" --specs=nano.specs -mfloat-abi=soft -mthumb -o "ioLibrary_Driver/Internet/httpServer/httpServer.o"
arm-none-eabi-gcc "../ioLibrary_Driver/Internet/httpServer/httpUtil.c" -mcpu=cortex-m3 -std=gnu11 -g3 -DUSE_HAL_DRIVER -DSTM32F103xB -DDEBUG -c -I../Drivers/CMSIS/Device/ST/STM32F1xx/Include -I../Drivers/CMSIS/Include -I../Core/Inc -I"/home/t440/Documentos/Git/STM32_eth_client_v1/ioLibrary_Driver/Ethernet/W5500" -I../Drivers/STM32F1xx_HAL_Driver/Inc/Legacy -I../Drivers/STM32F1xx_HAL_Driver/Inc -I"/home/t440/Documentos/Git/STM32_eth_client_v1/ioLibrary_Driver/Ethernet" -O0 -ffunction-sections -fdata-sections -Wall -fstack-usage -MMD -MP -MF"ioLibrary_Driver/Internet/httpServer/httpUtil.d" -MT"ioLibrary_Driver/Internet/httpServer/httpUtil.o" --specs=nano.specs -mfloat-abi=soft -mthumb -o "ioLibrary_Driver/Internet/httpServer/httpUtil.o"
arm-none-eabi-gcc "../ioLibrary_Driver/Internet/TFTP/netutil.c" -mcpu=cortex-m3 -std=gnu11 -g3 -DUSE_HAL_DRIVER -DSTM32F103xB -DDEBUG -c -I../Drivers/CMSIS/Device/ST/STM32F1xx/Include -I../Drivers/CMSIS/Include -I../Core/Inc -I"/home/t440/Documentos/Git/STM32_eth_client_v1/ioLibrary_Driver/Ethernet/W5500" -I../Drivers/STM32F1xx_HAL_Driver/Inc/Legacy -I../Drivers/STM32F1xx_HAL_Driver/Inc -I"/home/t440/Documentos/Git/STM32_eth_client_v1/ioLibrary_Driver/Ethernet" -O0 -ffunction-sections -fdata-sections -Wall -fstack-usage -MMD -MP -MF"ioLibrary_Driver/Internet/TFTP/netutil.d" -MT"ioLibrary_Driver/Internet/TFTP/netutil.o" --specs=nano.specs -mfloat-abi=soft -mthumb -o "ioLibrary_Driver/Internet/TFTP/netutil.o"
../ioLibrary_Driver/Internet/TFTP/netutil.c: In function 'inet_ntoa':
../ioLibrary_Driver/Internet/TFTP/netutil.c:16:28: warning: format '%d' expects argument of type 'int', but argument 3 has type 'long int' [-Wformat=]
  sprintf((char*)addr_str,"%d.%d.%d.%d",(int32_t)(addr>>24 & 0xFF),(int32_t)(addr>>16 & 0xFF),(int32_t)(addr>>8 & 0xFF),(int32_t)(addr & 0xFF));
                           ~^           ~~~~~~~~~~~~~~~~~~~~~~~~~~
                           %ld
../ioLibrary_Driver/Internet/TFTP/netutil.c:16:31: warning: format '%d' expects argument of type 'int', but argument 4 has type 'long int' [-Wformat=]
  sprintf((char*)addr_str,"%d.%d.%d.%d",(int32_t)(addr>>24 & 0xFF),(int32_t)(addr>>16 & 0xFF),(int32_t)(addr>>8 & 0xFF),(int32_t)(addr & 0xFF));
                              ~^                                   ~~~~~~~~~~~~~~~~~~~~~~~~~~
                              %ld
../ioLibrary_Driver/Internet/TFTP/netutil.c:16:34: warning: format '%d' expects argument of type 'int', but argument 5 has type 'long int' [-Wformat=]
  sprintf((char*)addr_str,"%d.%d.%d.%d",(int32_t)(addr>>24 & 0xFF),(int32_t)(addr>>16 & 0xFF),(int32_t)(addr>>8 & 0xFF),(int32_t)(addr & 0xFF));
                                 ~^                                                           ~~~~~~~~~~~~~~~~~~~~~~~~~
                                 %ld
../ioLibrary_Driver/Internet/TFTP/netutil.c:16:37: warning: format '%d' expects argument of type 'int', but argument 6 has type 'long int' [-Wformat=]
  sprintf((char*)addr_str,"%d.%d.%d.%d",(int32_t)(addr>>24 & 0xFF),(int32_t)(addr>>16 & 0xFF),(int32_t)(addr>>8 & 0xFF),(int32_t)(addr & 0xFF));
                                    ~^                                                                                  ~~~~~~~~~~~~~~~~~~~~~~
                                    %ld
../ioLibrary_Driver/Internet/TFTP/netutil.c: In function 'inet_ntoa_pad':
../ioLibrary_Driver/Internet/TFTP/netutil.c:31:30: warning: format '%d' expects argument of type 'int', but argument 3 has type 'long int' [-Wformat=]
  sprintf((char*)addr_str,"%03d.%03d.%03d.%03d",(int32_t)(addr>>24 & 0xFF),(int32_t)(addr>>16 & 0xFF),(int32_t)(addr>>8 & 0xFF),(int32_t)(addr & 0xFF));
                           ~~~^                 ~~~~~~~~~~~~~~~~~~~~~~~~~~
                           %03ld
../ioLibrary_Driver/Internet/TFTP/netutil.c:31:35: warning: format '%d' expects argument of type 'int', but argument 4 has type 'long int' [-Wformat=]
  sprintf((char*)addr_str,"%03d.%03d.%03d.%03d",(int32_t)(addr>>24 & 0xFF),(int32_t)(addr>>16 & 0xFF),(int32_t)(addr>>8 & 0xFF),(int32_t)(addr & 0xFF));
                                ~~~^                                       ~~~~~~~~~~~~~~~~~~~~~~~~~~
                                %03ld
../ioLibrary_Driver/Internet/TFTP/netutil.c:31:40: warning: format '%d' expects argument of type 'int', but argument 5 has type 'long int' [-Wformat=]
  sprintf((char*)addr_str,"%03d.%03d.%03d.%03d",(int32_t)(addr>>24 & 0xFF),(int32_t)(addr>>16 & 0xFF),(int32_t)(addr>>8 & 0xFF),(int32_t)(addr & 0xFF));
                                     ~~~^                                                             ~~~~~~~~~~~~~~~~~~~~~~~~~
                                     %03ld
../ioLibrary_Driver/Internet/TFTP/netutil.c:31:45: warning: format '%d' expects argument of type 'int', but argument 6 has type 'long int' [-Wformat=]
  sprintf((char*)addr_str,"%03d.%03d.%03d.%03d",(int32_t)(addr>>24 & 0xFF),(int32_t)(addr>>16 & 0xFF),(int32_t)(addr>>8 & 0xFF),(int32_t)(addr & 0xFF));
arm-none-eabi-gcc "../ioLibrary_Driver/Internet/TFTP/tftp.c" -mcpu=cortex-m3 -std=gnu11 -g3 -DUSE_HAL_DRIVER -DSTM32F103xB -DDEBUG -c -I../Drivers/CMSIS/Device/ST/STM32F1xx/Include -I../Drivers/CMSIS/Include -I../Core/Inc -I"/home/t440/Documentos/Git/STM32_eth_client_v1/ioLibrary_Driver/Ethernet/W5500" -I../Drivers/STM32F1xx_HAL_Driver/Inc/Legacy -I../Drivers/STM32F1xx_HAL_Driver/Inc -I"/home/t440/Documentos/Git/STM32_eth_client_v1/ioLibrary_Driver/Ethernet" -O0 -ffunction-sections -fdata-sections -Wall -fstack-usage -MMD -MP -MF"ioLibrary_Driver/Internet/TFTP/tftp.d" -MT"ioLibrary_Driver/Internet/TFTP/tftp.o" --specs=nano.specs -mfloat-abi=soft -mthumb -o "ioLibrary_Driver/Internet/TFTP/tftp.o"
                                          ~~~^                                                                                  ~~~~~~~~~~~~~~~~~~~~~~
                                          %03ld
arm-none-eabi-gcc "../ioLibrary_Driver/Internet/SNTP/sntp.c" -mcpu=cortex-m3 -std=gnu11 -g3 -DUSE_HAL_DRIVER -DSTM32F103xB -DDEBUG -c -I../Drivers/CMSIS/Device/ST/STM32F1xx/Include -I../Drivers/CMSIS/Include -I../Core/Inc -I"/home/t440/Documentos/Git/STM32_eth_client_v1/ioLibrary_Driver/Ethernet/W5500" -I../Drivers/STM32F1xx_HAL_Driver/Inc/Legacy -I../Drivers/STM32F1xx_HAL_Driver/Inc -I"/home/t440/Documentos/Git/STM32_eth_client_v1/ioLibrary_Driver/Ethernet" -O0 -ffunction-sections -fdata-sections -Wall -fstack-usage -MMD -MP -MF"ioLibrary_Driver/Internet/SNTP/sntp.d" -MT"ioLibrary_Driver/Internet/SNTP/sntp.o" --specs=nano.specs -mfloat-abi=soft -mthumb -o "ioLibrary_Driver/Internet/SNTP/sntp.o"
In file included from ../ioLibrary_Driver/Internet/TFTP/tftp.c:10:0:
../ioLibrary_Driver/Internet/TFTP/tftp.c: In function 'send_tftp_rrq':
../ioLibrary_Driver/Internet/TFTP/tftp.h:30:13: warning: implicit declaration of function 'printf' [-Wimplicit-function-declaration]
             printf(format, ##args); \
             ^
../ioLibrary_Driver/Internet/TFTP/tftp.c:266:2: note: in expansion of macro 'DBG_PRINT'
  DBG_PRINT(IPC_DBG, ">> TFTP RRQ : FileName(%s), Mode(%s)\r\n", filename, mode);
  ^~~~~~~~~
../ioLibrary_Driver/Internet/TFTP/tftp.h:30:13: warning: incompatible implicit declaration of built-in function 'printf'
             printf(format, ##args); \
             ^
../ioLibrary_Driver/Internet/TFTP/tftp.c:266:2: note: in expansion of macro 'DBG_PRINT'
  DBG_PRINT(IPC_DBG, ">> TFTP RRQ : FileName(%s), Mode(%s)\r\n", filename, mode);
  ^~~~~~~~~
../ioLibrary_Driver/Internet/TFTP/tftp.h:30:13: note: include '<stdio.h>' or provide a declaration of 'printf'
             printf(format, ##args); \
             ^
../ioLibrary_Driver/Internet/TFTP/tftp.c:266:2: note: in expansion of macro 'DBG_PRINT'
  DBG_PRINT(IPC_DBG, ">> TFTP RRQ : FileName(%s), Mode(%s)\r\n", filename, mode);
  ^~~~~~~~~
../ioLibrary_Driver/Internet/TFTP/tftp.c: In function 'send_tftp_ack':
../ioLibrary_Driver/Internet/TFTP/tftp.h:30:13: warning: incompatible implicit declaration of built-in function 'printf'
             printf(format, ##args); \
             ^
../ioLibrary_Driver/Internet/TFTP/tftp.c:340:2: note: in expansion of macro 'DBG_PRINT'
  DBG_PRINT(IPC_DBG, ">> TFTP ACK : Block Number(%d)\r\n", block_number);
  ^~~~~~~~~
../ioLibrary_Driver/Internet/TFTP/tftp.h:30:13: note: include '<stdio.h>' or provide a declaration of 'printf'
             printf(format, ##args); \
             ^
../ioLibrary_Driver/Internet/TFTP/tftp.c:340:2: note: in expansion of macro 'DBG_PRINT'
  DBG_PRINT(IPC_DBG, ">> TFTP ACK : Block Number(%d)\r\n", block_number);
  ^~~~~~~~~
../ioLibrary_Driver/Internet/TFTP/tftp.c: In function 'recv_tftp_data':
../ioLibrary_Driver/Internet/TFTP/tftp.h:30:13: warning: incompatible implicit declaration of built-in function 'printf'
             printf(format, ##args); \
             ^
../ioLibrary_Driver/Internet/TFTP/tftp.c:412:2: note: in expansion of macro 'DBG_PRINT'
  DBG_PRINT(IPC_DBG, "<< TFTP_DATA : opcode(%d), block_num(%d)\r\n", data->opcode, data->block_num);
  ^~~~~~~~~
../ioLibrary_Driver/Internet/TFTP/tftp.h:30:13: note: include '<stdio.h>' or provide a declaration of 'printf'
             printf(format, ##args); \
             ^
../ioLibrary_Driver/Internet/TFTP/tftp.c:412:2: note: in expansion of macro 'DBG_PRINT'
arm-none-eabi-gcc "../ioLibrary_Driver/Internet/SNMP/snmp.c" -mcpu=cortex-m3 -std=gnu11 -g3 -DUSE_HAL_DRIVER -DSTM32F103xB -DDEBUG -c -I../Drivers/CMSIS/Device/ST/STM32F1xx/Include -I../Drivers/CMSIS/Include -I../Core/Inc -I"/home/t440/Documentos/Git/STM32_eth_client_v1/ioLibrary_Driver/Ethernet/W5500" -I../Drivers/STM32F1xx_HAL_Driver/Inc/Legacy -I../Drivers/STM32F1xx_HAL_Driver/Inc -I"/home/t440/Documentos/Git/STM32_eth_client_v1/ioLibrary_Driver/Ethernet" -O0 -ffunction-sections -fdata-sections -Wall -fstack-usage -MMD -MP -MF"ioLibrary_Driver/Internet/SNMP/snmp.d" -MT"ioLibrary_Driver/Internet/SNMP/snmp.o" --specs=nano.specs -mfloat-abi=soft -mthumb -o "ioLibrary_Driver/Internet/SNMP/snmp.o"
  DBG_PRINT(IPC_DBG, "<< TFTP_DATA : opcode(%d), block_num(%d)\r\n", data->opcode, data->block_num);
  ^~~~~~~~~
../ioLibrary_Driver/Internet/TFTP/tftp.c: In function 'recv_tftp_ack':
../ioLibrary_Driver/Internet/TFTP/tftp.h:30:13: warning: incompatible implicit declaration of built-in function 'printf'
             printf(format, ##args); \
             ^
../ioLibrary_Driver/Internet/TFTP/tftp.c:462:2: note: in expansion of macro 'DBG_PRINT'
  DBG_PRINT(IPC_DBG, "<< TFTP_ACK : \r\n");
  ^~~~~~~~~
../ioLibrary_Driver/Internet/TFTP/tftp.h:30:13: note: include '<stdio.h>' or provide a declaration of 'printf'
             printf(format, ##args); \
             ^
../ioLibrary_Driver/Internet/TFTP/tftp.c:462:2: note: in expansion of macro 'DBG_PRINT'
  DBG_PRINT(IPC_DBG, "<< TFTP_ACK : \r\n");
  ^~~~~~~~~
../ioLibrary_Driver/Internet/TFTP/tftp.c: In function 'recv_tftp_oack':
../ioLibrary_Driver/Internet/TFTP/tftp.h:30:13: warning: incompatible implicit declaration of built-in function 'printf'
             printf(format, ##args); \
             ^
../ioLibrary_Driver/Internet/TFTP/tftp.c:482:2: note: in expansion of macro 'DBG_PRINT'
  DBG_PRINT(IPC_DBG, "<< TFTP_OACK : \r\n");
  ^~~~~~~~~
arm-none-eabi-gcc "../ioLibrary_Driver/Internet/SNMP/snmp_custom.c" -mcpu=cortex-m3 -std=gnu11 -g3 -DUSE_HAL_DRIVER -DSTM32F103xB -DDEBUG -c -I../Drivers/CMSIS/Device/ST/STM32F1xx/Include -I../Drivers/CMSIS/Include -I../Core/Inc -I"/home/t440/Documentos/Git/STM32_eth_client_v1/ioLibrary_Driver/Ethernet/W5500" -I../Drivers/STM32F1xx_HAL_Driver/Inc/Legacy -I../Drivers/STM32F1xx_HAL_Driver/Inc -I"/home/t440/Documentos/Git/STM32_eth_client_v1/ioLibrary_Driver/Ethernet" -O0 -ffunction-sections -fdata-sections -Wall -fstack-usage -MMD -MP -MF"ioLibrary_Driver/Internet/SNMP/snmp_custom.d" -MT"ioLibrary_Driver/Internet/SNMP/snmp_custom.o" --specs=nano.specs -mfloat-abi=soft -mthumb -o "ioLibrary_Driver/Internet/SNMP/snmp_custom.o"
../ioLibrary_Driver/Internet/TFTP/tftp.h:30:13: note: include '<stdio.h>' or provide a declaration of 'printf'
             printf(format, ##args); \
             ^
../ioLibrary_Driver/Internet/TFTP/tftp.c:482:2: note: in expansion of macro 'DBG_PRINT'
  DBG_PRINT(IPC_DBG, "<< TFTP_OACK : \r\n");
  ^~~~~~~~~
../ioLibrary_Driver/Internet/TFTP/tftp.c: In function 'recv_tftp_error':
../ioLibrary_Driver/Internet/TFTP/tftp.h:30:13: warning: incompatible implicit declaration of built-in function 'printf'
             printf(format, ##args); \
             ^
../ioLibrary_Driver/Internet/TFTP/tftp.c:517:2: note: in expansion of macro 'DBG_PRINT'
  DBG_PRINT(IPC_DBG, "<< TFTP_ERROR : %d (%s)\r\n", data->error_code, data->error_msg);
  ^~~~~~~~~
../ioLibrary_Driver/Internet/TFTP/tftp.h:30:13: note: include '<stdio.h>' or provide a declaration of 'printf'
             printf(format, ##args); \
             ^
../ioLibrary_Driver/Internet/TFTP/tftp.c:517:2: note: in expansion of macro 'DBG_PRINT'
  DBG_PRINT(IPC_DBG, "<< TFTP_ERROR : %d (%s)\r\n", data->error_code, data->error_msg);
  ^~~~~~~~~
../ioLibrary_Driver/Internet/TFTP/tftp.h:30:13: warning: incompatible implicit declaration of built-in function 'printf'
             printf(format, ##args); \
             ^
../ioLibrary_Driver/Internet/TFTP/tftp.c:518:2: note: in expansion of macro 'DBG_PRINT'
  DBG_PRINT(ERROR_DBG, "[%s] Error Code : %d (%s)\r\n", __func__, data->error_code, data->error_msg);
  ^~~~~~~~~
../ioLibrary_Driver/Internet/TFTP/tftp.h:30:13: note: include '<stdio.h>' or provide a declaration of 'printf'
             printf(format, ##args); \
             ^
../ioLibrary_Driver/Internet/TFTP/tftp.c:518:2: note: in expansion of macro 'DBG_PRINT'
  DBG_PRINT(ERROR_DBG, "[%s] Error Code : %d (%s)\r\n", __func__, data->error_code, data->error_msg);
  ^~~~~~~~~
../ioLibrary_Driver/Internet/TFTP/tftp.c: In function 'recv_tftp_packet':
../ioLibrary_Driver/Internet/TFTP/tftp.h:30:13: warning: incompatible implicit declaration of built-in function 'printf'
             printf(format, ##args); \
             ^
../ioLibrary_Driver/Internet/TFTP/tftp.c:531:3: note: in expansion of macro 'DBG_PRINT'
   DBG_PRINT(ERROR_DBG, "[%s] Server IP faults\r\n", __func__);
   ^~~~~~~~~
../ioLibrary_Driver/Internet/TFTP/tftp.h:30:13: note: include '<stdio.h>' or provide a declaration of 'printf'
             printf(format, ##args); \
             ^
../ioLibrary_Driver/Internet/TFTP/tftp.c:531:3: note: in expansion of macro 'DBG_PRINT'
   DBG_PRINT(ERROR_DBG, "[%s] Server IP faults\r\n", __func__);
   ^~~~~~~~~
../ioLibrary_Driver/Internet/TFTP/tftp.h:30:13: warning: incompatible implicit declaration of built-in function 'printf'
             printf(format, ##args); \
             ^
../ioLibrary_Driver/Internet/TFTP/tftp.c:532:3: note: in expansion of macro 'DBG_PRINT'
   DBG_PRINT(ERROR_DBG, "from IP : %08x, Server IP : %08x\r\n", from_ip, get_server_ip());
   ^~~~~~~~~
../ioLibrary_Driver/Internet/TFTP/tftp.h:30:13: note: include '<stdio.h>' or provide a declaration of 'printf'
             printf(format, ##args); \
             ^
../ioLibrary_Driver/Internet/TFTP/tftp.c:532:3: note: in expansion of macro 'DBG_PRINT'
   DBG_PRINT(ERROR_DBG, "from IP : %08x, Server IP : %08x\r\n", from_ip, get_server_ip());
   ^~~~~~~~~
../ioLibrary_Driver/Internet/TFTP/tftp.c:532:24: warning: format '%x' expects argument of type 'unsigned int', but argument 2 has type 'uint32_t {aka long unsigned int}' [-Wformat=]
   DBG_PRINT(ERROR_DBG, "from IP : %08x, Server IP : %08x\r\n", from_ip, get_server_ip());
                        ^
../ioLibrary_Driver/Internet/TFTP/tftp.h:30:20: note: in definition of macro 'DBG_PRINT'
             printf(format, ##args); \
                    ^~~~~~
../ioLibrary_Driver/Internet/TFTP/tftp.c:532:24: warning: format '%x' expects argument of type 'unsigned int', but argument 3 has type 'uint32_t {aka long unsigned int}' [-Wformat=]
   DBG_PRINT(ERROR_DBG, "from IP : %08x, Server IP : %08x\r\n", from_ip, get_server_ip());
                        ^                                                ~~~~~~~~~~~~~~~
../ioLibrary_Driver/Internet/TFTP/tftp.h:30:20: note: in definition of macro 'DBG_PRINT'
             printf(format, ##args); \
                    ^~~~~~
../ioLibrary_Driver/Internet/TFTP/tftp.h:30:13: warning: incompatible implicit declaration of built-in function 'printf'
             printf(format, ##args); \
             ^
../ioLibrary_Driver/Internet/TFTP/tftp.c:543:3: note: in expansion of macro 'DBG_PRINT'
   DBG_PRINT(INFO_DBG, "[%s] Set Server Port : %d\r\n", __func__, from_port);
   ^~~~~~~~~
../ioLibrary_Driver/Internet/TFTP/tftp.h:30:13: note: include '<stdio.h>' or provide a declaration of 'printf'
             printf(format, ##args); \
             ^
../ioLibrary_Driver/Internet/TFTP/tftp.c:543:3: note: in expansion of macro 'DBG_PRINT'
arm-none-eabi-gcc "../ioLibrary_Driver/Internet/MQTT/MQTTPacket/src/MQTTConnectClient.c" -mcpu=cortex-m3 -std=gnu11 -g3 -DUSE_HAL_DRIVER -DSTM32F103xB -DDEBUG -c -I../Drivers/CMSIS/Device/ST/STM32F1xx/Include -I../Drivers/CMSIS/Include -I../Core/Inc -I"/home/t440/Documentos/Git/STM32_eth_client_v1/ioLibrary_Driver/Ethernet/W5500" -I../Drivers/STM32F1xx_HAL_Driver/Inc/Legacy -I../Drivers/STM32F1xx_HAL_Driver/Inc -I"/home/t440/Documentos/Git/STM32_eth_client_v1/ioLibrary_Driver/Ethernet" -O0 -ffunction-sections -fdata-sections -Wall -fstack-usage -MMD -MP -MF"ioLibrary_Driver/Internet/MQTT/MQTTPacket/src/MQTTConnectClient.d" -MT"ioLibrary_Driver/Internet/MQTT/MQTTPacket/src/MQTTConnectClient.o" --specs=nano.specs -mfloat-abi=soft -mthumb -o "ioLibrary_Driver/Internet/MQTT/MQTTPacket/src/MQTTConnectClient.o"
arm-none-eabi-gcc "../ioLibrary_Driver/Internet/MQTT/MQTTPacket/src/MQTTConnectServer.c" -mcpu=cortex-m3 -std=gnu11 -g3 -DUSE_HAL_DRIVER -DSTM32F103xB -DDEBUG -c -I../Drivers/CMSIS/Device/ST/STM32F1xx/Include -I../Drivers/CMSIS/Include -I../Core/Inc -I"/home/t440/Documentos/Git/STM32_eth_client_v1/ioLibrary_Driver/Ethernet/W5500" -I../Drivers/STM32F1xx_HAL_Driver/Inc/Legacy -I../Drivers/STM32F1xx_HAL_Driver/Inc -I"/home/t440/Documentos/Git/STM32_eth_client_v1/ioLibrary_Driver/Ethernet" -O0 -ffunction-sections -fdata-sections -Wall -fstack-usage -MMD -MP -MF"ioLibrary_Driver/Internet/MQTT/MQTTPacket/src/MQTTConnectServer.d" -MT"ioLibrary_Driver/Internet/MQTT/MQTTPacket/src/MQTTConnectServer.o" --specs=nano.specs -mfloat-abi=soft -mthumb -o "ioLibrary_Driver/Internet/MQTT/MQTTPacket/src/MQTTConnectServer.o"
   DBG_PRINT(INFO_DBG, "[%s] Set Server Port : %d\r\n", __func__, from_port);
   ^~~~~~~~~
../ioLibrary_Driver/Internet/TFTP/tftp.c: In function 'TFTP_run':
../ioLibrary_Driver/Internet/TFTP/tftp.h:30:13: warning: incompatible implicit declaration of built-in function 'printf'
             printf(format, ##args); \
             ^
../ioLibrary_Driver/Internet/TFTP/tftp.c:635:3: note: in expansion of macro 'DBG_PRINT'
   DBG_PRINT(ERROR_DBG, "[%s] recv_udp_packet error\r\n", __func__);
   ^~~~~~~~~
arm-none-eabi-gcc "../ioLibrary_Driver/Internet/MQTT/MQTTPacket/src/MQTTDeserializePublish.c" -mcpu=cortex-m3 -std=gnu11 -g3 -DUSE_HAL_DRIVER -DSTM32F103xB -DDEBUG -c -I../Drivers/CMSIS/Device/ST/STM32F1xx/Include -I../Drivers/CMSIS/Include -I../Core/Inc -I"/home/t440/Documentos/Git/STM32_eth_client_v1/ioLibrary_Driver/Ethernet/W5500" -I../Drivers/STM32F1xx_HAL_Driver/Inc/Legacy -I../Drivers/STM32F1xx_HAL_Driver/Inc -I"/home/t440/Documentos/Git/STM32_eth_client_v1/ioLibrary_Driver/Ethernet" -O0 -ffunction-sections -fdata-sections -Wall -fstack-usage -MMD -MP -MF"ioLibrary_Driver/Internet/MQTT/MQTTPacket/src/MQTTDeserializePublish.d" -MT"ioLibrary_Driver/Internet/MQTT/MQTTPacket/src/MQTTDeserializePublish.o" --specs=nano.specs -mfloat-abi=soft -mthumb -o "ioLibrary_Driver/Internet/MQTT/MQTTPacket/src/MQTTDeserializePublish.o"
../ioLibrary_Driver/Internet/TFTP/tftp.h:30:13: note: include '<stdio.h>' or provide a declaration of 'printf'
             printf(format, ##args); \
             ^
../ioLibrary_Driver/Internet/TFTP/tftp.c:635:3: note: in expansion of macro 'DBG_PRINT'
   DBG_PRINT(ERROR_DBG, "[%s] recv_udp_packet error\r\n", __func__);
   ^~~~~~~~~
../ioLibrary_Driver/Internet/TFTP/tftp.c: In function 'TFTP_read_request':
../ioLibrary_Driver/Internet/TFTP/tftp.h:30:13: warning: incompatible implicit declaration of built-in function 'printf'
             printf(format, ##args); \
             ^
../ioLibrary_Driver/Internet/TFTP/tftp.c:649:2: note: in expansion of macro 'DBG_PRINT'
  DBG_PRINT(INFO_DBG, "[%s] Set Tftp Server : %x\r\n", __func__, server_ip);
  ^~~~~~~~~
../ioLibrary_Driver/Internet/TFTP/tftp.h:30:13: note: include '<stdio.h>' or provide a declaration of 'printf'
             printf(format, ##args); \
             ^
../ioLibrary_Driver/Internet/TFTP/tftp.c:649:2: note: in expansion of macro 'DBG_PRINT'
  DBG_PRINT(INFO_DBG, "[%s] Set Tftp Server : %x\r\n", __func__, server_ip);
  ^~~~~~~~~
../ioLibrary_Driver/Internet/TFTP/tftp.c:649:22: warning: format '%x' expects argument of type 'unsigned int', but argument 3 has type 'uint32_t {aka long unsigned int}' [-Wformat=]
  DBG_PRINT(INFO_DBG, "[%s] Set Tftp Server : %x\r\n", __func__, server_ip);
                      ^
../ioLibrary_Driver/Internet/TFTP/tftp.h:30:20: note: in definition of macro 'DBG_PRINT'
             printf(format, ##args); \
                    ^~~~~~
../ioLibrary_Driver/Internet/SNMP/snmp.c: In function 'ipToByteArray':
../ioLibrary_Driver/Internet/SNMP/snmp.c:729:30: warning: format '%u' expects argument of type 'unsigned int *', but argument 3 has type 'uint32_t * {aka long unsigned int *}' [-Wformat=]
  sscanf((char const*)buff, "%u %u %u %u", &ip1, &ip2, &ip3, &ip4);
                             ~^            ~~~~
                             %lu
../ioLibrary_Driver/Internet/SNMP/snmp.c:729:33: warning: format '%u' expects argument of type 'unsigned int *', but argument 4 has type 'uint32_t * {aka long unsigned int *}' [-Wformat=]
  sscanf((char const*)buff, "%u %u %u %u", &ip1, &ip2, &ip3, &ip4);
                                ~^               ~~~~
                                %lu
../ioLibrary_Driver/Internet/SNMP/snmp.c:729:36: warning: format '%u' expects argument of type 'unsigned int *', but argument 5 has type 'uint32_t * {aka long unsigned int *}' [-Wformat=]
  sscanf((char const*)buff, "%u %u %u %u", &ip1, &ip2, &ip3, &ip4);
                                   ~^                  ~~~~
                                   %lu
../ioLibrary_Driver/Internet/SNMP/snmp.c:729:39: warning: format '%u' expects argument of type 'unsigned int *', but argument 6 has type 'uint32_t * {aka long unsigned int *}' [-Wformat=]
  sscanf((char const*)buff, "%u %u %u %u", &ip1, &ip2, &ip3, &ip4);
                                      ~^                     ~~~~
                                      %lu
arm-none-eabi-gcc "../ioLibrary_Driver/Internet/MQTT/MQTTPacket/src/MQTTFormat.c" -mcpu=cortex-m3 -std=gnu11 -g3 -DUSE_HAL_DRIVER -DSTM32F103xB -DDEBUG -c -I../Drivers/CMSIS/Device/ST/STM32F1xx/Include -I../Drivers/CMSIS/Include -I../Core/Inc -I"/home/t440/Documentos/Git/STM32_eth_client_v1/ioLibrary_Driver/Ethernet/W5500" -I../Drivers/STM32F1xx_HAL_Driver/Inc/Legacy -I../Drivers/STM32F1xx_HAL_Driver/Inc -I"/home/t440/Documentos/Git/STM32_eth_client_v1/ioLibrary_Driver/Ethernet" -O0 -ffunction-sections -fdata-sections -Wall -fstack-usage -MMD -MP -MF"ioLibrary_Driver/Internet/MQTT/MQTTPacket/src/MQTTFormat.d" -MT"ioLibrary_Driver/Internet/MQTT/MQTTPacket/src/MQTTFormat.o" --specs=nano.specs -mfloat-abi=soft -mthumb -o "ioLibrary_Driver/Internet/MQTT/MQTTPacket/src/MQTTFormat.o"
arm-none-eabi-gcc "../ioLibrary_Driver/Internet/MQTT/MQTTPacket/src/MQTTPacket.c" -mcpu=cortex-m3 -std=gnu11 -g3 -DUSE_HAL_DRIVER -DSTM32F103xB -DDEBUG -c -I../Drivers/CMSIS/Device/ST/STM32F1xx/Include -I../Drivers/CMSIS/Include -I../Core/Inc -I"/home/t440/Documentos/Git/STM32_eth_client_v1/ioLibrary_Driver/Ethernet/W5500" -I../Drivers/STM32F1xx_HAL_Driver/Inc/Legacy -I../Drivers/STM32F1xx_HAL_Driver/Inc -I"/home/t440/Documentos/Git/STM32_eth_client_v1/ioLibrary_Driver/Ethernet" -O0 -ffunction-sections -fdata-sections -Wall -fstack-usage -MMD -MP -MF"ioLibrary_Driver/Internet/MQTT/MQTTPacket/src/MQTTPacket.d" -MT"ioLibrary_Driver/Internet/MQTT/MQTTPacket/src/MQTTPacket.o" --specs=nano.specs -mfloat-abi=soft -mthumb -o "ioLibrary_Driver/Internet/MQTT/MQTTPacket/src/MQTTPacket.o"
arm-none-eabi-gcc "../ioLibrary_Driver/Internet/MQTT/MQTTPacket/src/MQTTSerializePublish.c" -mcpu=cortex-m3 -std=gnu11 -g3 -DUSE_HAL_DRIVER -DSTM32F103xB -DDEBUG -c -I../Drivers/CMSIS/Device/ST/STM32F1xx/Include -I../Drivers/CMSIS/Include -I../Core/Inc -I"/home/t440/Documentos/Git/STM32_eth_client_v1/ioLibrary_Driver/Ethernet/W5500" -I../Drivers/STM32F1xx_HAL_Driver/Inc/Legacy -I../Drivers/STM32F1xx_HAL_Driver/Inc -I"/home/t440/Documentos/Git/STM32_eth_client_v1/ioLibrary_Driver/Ethernet" -O0 -ffunction-sections -fdata-sections -Wall -fstack-usage -MMD -MP -MF"ioLibrary_Driver/Internet/MQTT/MQTTPacket/src/MQTTSerializePublish.d" -MT"ioLibrary_Driver/Internet/MQTT/MQTTPacket/src/MQTTSerializePublish.o" --specs=nano.specs -mfloat-abi=soft -mthumb -o "ioLibrary_Driver/Internet/MQTT/MQTTPacket/src/MQTTSerializePublish.o"
arm-none-eabi-gcc "../ioLibrary_Driver/Internet/MQTT/MQTTPacket/src/MQTTSubscribeClient.c" -mcpu=cortex-m3 -std=gnu11 -g3 -DUSE_HAL_DRIVER -DSTM32F103xB -DDEBUG -c -I../Drivers/CMSIS/Device/ST/STM32F1xx/Include -I../Drivers/CMSIS/Include -I../Core/Inc -I"/home/t440/Documentos/Git/STM32_eth_client_v1/ioLibrary_Driver/Ethernet/W5500" -I../Drivers/STM32F1xx_HAL_Driver/Inc/Legacy -I../Drivers/STM32F1xx_HAL_Driver/Inc -I"/home/t440/Documentos/Git/STM32_eth_client_v1/ioLibrary_Driver/Ethernet" -O0 -ffunction-sections -fdata-sections -Wall -fstack-usage -MMD -MP -MF"ioLibrary_Driver/Internet/MQTT/MQTTPacket/src/MQTTSubscribeClient.d" -MT"ioLibrary_Driver/Internet/MQTT/MQTTPacket/src/MQTTSubscribeClient.o" --specs=nano.specs -mfloat-abi=soft -mthumb -o "ioLibrary_Driver/Internet/MQTT/MQTTPacket/src/MQTTSubscribeClient.o"
arm-none-eabi-gcc "../ioLibrary_Driver/Internet/MQTT/MQTTPacket/src/MQTTSubscribeServer.c" -mcpu=cortex-m3 -std=gnu11 -g3 -DUSE_HAL_DRIVER -DSTM32F103xB -DDEBUG -c -I../Drivers/CMSIS/Device/ST/STM32F1xx/Include -I../Drivers/CMSIS/Include -I../Core/Inc -I"/home/t440/Documentos/Git/STM32_eth_client_v1/ioLibrary_Driver/Ethernet/W5500" -I../Drivers/STM32F1xx_HAL_Driver/Inc/Legacy -I../Drivers/STM32F1xx_HAL_Driver/Inc -I"/home/t440/Documentos/Git/STM32_eth_client_v1/ioLibrary_Driver/Ethernet" -O0 -ffunction-sections -fdata-sections -Wall -fstack-usage -MMD -MP -MF"ioLibrary_Driver/Internet/MQTT/MQTTPacket/src/MQTTSubscribeServer.d" -MT"ioLibrary_Driver/Internet/MQTT/MQTTPacket/src/MQTTSubscribeServer.o" --specs=nano.specs -mfloat-abi=soft -mthumb -o "ioLibrary_Driver/Internet/MQTT/MQTTPacket/src/MQTTSubscribeServer.o"
arm-none-eabi-gcc "../ioLibrary_Driver/Internet/MQTT/MQTTPacket/src/MQTTUnsubscribeClient.c" -mcpu=cortex-m3 -std=gnu11 -g3 -DUSE_HAL_DRIVER -DSTM32F103xB -DDEBUG -c -I../Drivers/CMSIS/Device/ST/STM32F1xx/Include -I../Drivers/CMSIS/Include -I../Core/Inc -I"/home/t440/Documentos/Git/STM32_eth_client_v1/ioLibrary_Driver/Ethernet/W5500" -I../Drivers/STM32F1xx_HAL_Driver/Inc/Legacy -I../Drivers/STM32F1xx_HAL_Driver/Inc -I"/home/t440/Documentos/Git/STM32_eth_client_v1/ioLibrary_Driver/Ethernet" -O0 -ffunction-sections -fdata-sections -Wall -fstack-usage -MMD -MP -MF"ioLibrary_Driver/Internet/MQTT/MQTTPacket/src/MQTTUnsubscribeClient.d" -MT"ioLibrary_Driver/Internet/MQTT/MQTTPacket/src/MQTTUnsubscribeClient.o" --specs=nano.specs -mfloat-abi=soft -mthumb -o "ioLibrary_Driver/Internet/MQTT/MQTTPacket/src/MQTTUnsubscribeClient.o"
arm-none-eabi-gcc "../ioLibrary_Driver/Internet/MQTT/MQTTPacket/src/MQTTUnsubscribeServer.c" -mcpu=cortex-m3 -std=gnu11 -g3 -DUSE_HAL_DRIVER -DSTM32F103xB -DDEBUG -c -I../Drivers/CMSIS/Device/ST/STM32F1xx/Include -I../Drivers/CMSIS/Include -I../Core/Inc -I"/home/t440/Documentos/Git/STM32_eth_client_v1/ioLibrary_Driver/Ethernet/W5500" -I../Drivers/STM32F1xx_HAL_Driver/Inc/Legacy -I../Drivers/STM32F1xx_HAL_Driver/Inc -I"/home/t440/Documentos/Git/STM32_eth_client_v1/ioLibrary_Driver/Ethernet" -O0 -ffunction-sections -fdata-sections -Wall -fstack-usage -MMD -MP -MF"ioLibrary_Driver/Internet/MQTT/MQTTPacket/src/MQTTUnsubscribeServer.d" -MT"ioLibrary_Driver/Internet/MQTT/MQTTPacket/src/MQTTUnsubscribeServer.o" --specs=nano.specs -mfloat-abi=soft -mthumb -o "ioLibrary_Driver/Internet/MQTT/MQTTPacket/src/MQTTUnsubscribeServer.o"
arm-none-eabi-gcc "../ioLibrary_Driver/Internet/MQTT/MQTTClient.c" -mcpu=cortex-m3 -std=gnu11 -g3 -DUSE_HAL_DRIVER -DSTM32F103xB -DDEBUG -c -I../Drivers/CMSIS/Device/ST/STM32F1xx/Include -I../Drivers/CMSIS/Include -I../Core/Inc -I"/home/t440/Documentos/Git/STM32_eth_client_v1/ioLibrary_Driver/Ethernet/W5500" -I../Drivers/STM32F1xx_HAL_Driver/Inc/Legacy -I../Drivers/STM32F1xx_HAL_Driver/Inc -I"/home/t440/Documentos/Git/STM32_eth_client_v1/ioLibrary_Driver/Ethernet" -O0 -ffunction-sections -fdata-sections -Wall -fstack-usage -MMD -MP -MF"ioLibrary_Driver/Internet/MQTT/MQTTClient.d" -MT"ioLibrary_Driver/Internet/MQTT/MQTTClient.o" --specs=nano.specs -mfloat-abi=soft -mthumb -o "ioLibrary_Driver/Internet/MQTT/MQTTClient.o"
arm-none-eabi-gcc "../ioLibrary_Driver/Internet/MQTT/mqtt_interface.c" -mcpu=cortex-m3 -std=gnu11 -g3 -DUSE_HAL_DRIVER -DSTM32F103xB -DDEBUG -c -I../Drivers/CMSIS/Device/ST/STM32F1xx/Include -I../Drivers/CMSIS/Include -I../Core/Inc -I"/home/t440/Documentos/Git/STM32_eth_client_v1/ioLibrary_Driver/Ethernet/W5500" -I../Drivers/STM32F1xx_HAL_Driver/Inc/Legacy -I../Drivers/STM32F1xx_HAL_Driver/Inc -I"/home/t440/Documentos/Git/STM32_eth_client_v1/ioLibrary_Driver/Ethernet" -O0 -ffunction-sections -fdata-sections -Wall -fstack-usage -MMD -MP -MF"ioLibrary_Driver/Internet/MQTT/mqtt_interface.d" -MT"ioLibrary_Driver/Internet/MQTT/mqtt_interface.o" --specs=nano.specs -mfloat-abi=soft -mthumb -o "ioLibrary_Driver/Internet/MQTT/mqtt_interface.o"
arm-none-eabi-gcc "../ioLibrary_Driver/Internet/FTPServer/ftpd.c" -mcpu=cortex-m3 -std=gnu11 -g3 -DUSE_HAL_DRIVER -DSTM32F103xB -DDEBUG -c -I../Drivers/CMSIS/Device/ST/STM32F1xx/Include -I../Drivers/CMSIS/Include -I../Core/Inc -I"/home/t440/Documentos/Git/STM32_eth_client_v1/ioLibrary_Driver/Ethernet/W5500" -I../Drivers/STM32F1xx_HAL_Driver/Inc/Legacy -I../Drivers/STM32F1xx_HAL_Driver/Inc -I"/home/t440/Documentos/Git/STM32_eth_client_v1/ioLibrary_Driver/Ethernet" -O0 -ffunction-sections -fdata-sections -Wall -fstack-usage -MMD -MP -MF"ioLibrary_Driver/Internet/FTPServer/ftpd.d" -MT"ioLibrary_Driver/Internet/FTPServer/ftpd.o" --specs=nano.specs -mfloat-abi=soft -mthumb -o "ioLibrary_Driver/Internet/FTPServer/ftpd.o"
arm-none-eabi-gcc "../ioLibrary_Driver/Internet/FTPClient/ftpc.c" -mcpu=cortex-m3 -std=gnu11 -g3 -DUSE_HAL_DRIVER -DSTM32F103xB -DDEBUG -c -I../Drivers/CMSIS/Device/ST/STM32F1xx/Include -I../Drivers/CMSIS/Include -I../Core/Inc -I"/home/t440/Documentos/Git/STM32_eth_client_v1/ioLibrary_Driver/Ethernet/W5500" -I../Drivers/STM32F1xx_HAL_Driver/Inc/Legacy -I../Drivers/STM32F1xx_HAL_Driver/Inc -I"/home/t440/Documentos/Git/STM32_eth_client_v1/ioLibrary_Driver/Ethernet" -O0 -ffunction-sections -fdata-sections -Wall -fstack-usage -MMD -MP -MF"ioLibrary_Driver/Internet/FTPClient/ftpc.d" -MT"ioLibrary_Driver/Internet/FTPClient/ftpc.o" --specs=nano.specs -mfloat-abi=soft -mthumb -o "ioLibrary_Driver/Internet/FTPClient/ftpc.o"
arm-none-eabi-gcc "../ioLibrary_Driver/Internet/DNS/dns.c" -mcpu=cortex-m3 -std=gnu11 -g3 -DUSE_HAL_DRIVER -DSTM32F103xB -DDEBUG -c -I../Drivers/CMSIS/Device/ST/STM32F1xx/Include -I../Drivers/CMSIS/Include -I../Core/Inc -I"/home/t440/Documentos/Git/STM32_eth_client_v1/ioLibrary_Driver/Ethernet/W5500" -I../Drivers/STM32F1xx_HAL_Driver/Inc/Legacy -I../Drivers/STM32F1xx_HAL_Driver/Inc -I"/home/t440/Documentos/Git/STM32_eth_client_v1/ioLibrary_Driver/Ethernet" -O0 -ffunction-sections -fdata-sections -Wall -fstack-usage -MMD -MP -MF"ioLibrary_Driver/Internet/DNS/dns.d" -MT"ioLibrary_Driver/Internet/DNS/dns.o" --specs=nano.specs -mfloat-abi=soft -mthumb -o "ioLibrary_Driver/Internet/DNS/dns.o"
In file included from ../ioLibrary_Driver/Internet/FTPServer/ftpd.c:18:0:
../ioLibrary_Driver/Internet/FTPServer/stdio_private.h:42:0: warning: "__SRD" redefined
 #define __SRD 0x0001  /* OK to read */
 
In file included from ../ioLibrary_Driver/Internet/FTPServer/ftpd.c:13:0:
/opt/st/stm32cubeide_1.2.0/plugins/com.st.stm32cube.ide.mcu.externaltools.gnu-tools-for-stm32.7-2018-q2-update.linux64_1.0.0.201904181610/tools/arm-none-eabi/include/stdio.h:83:0: note: this is the location of the previous definition
 #define __SRD 0x0004  /* OK to read */
 
In file included from ../ioLibrary_Driver/Internet/FTPServer/ftpd.c:18:0:
../ioLibrary_Driver/Internet/FTPServer/stdio_private.h:43:0: warning: "__SWR" redefined
 #define __SWR 0x0002  /* OK to write */
 
In file included from ../ioLibrary_Driver/Internet/FTPServer/ftpd.c:13:0:
/opt/st/stm32cubeide_1.2.0/plugins/com.st.stm32cube.ide.mcu.externaltools.gnu-tools-for-stm32.7-2018-q2-update.linux64_1.0.0.201904181610/tools/arm-none-eabi/include/stdio.h:84:0: note: this is the location of the previous definition
 #define __SWR 0x0008  /* OK to write */
 
In file included from ../ioLibrary_Driver/Internet/FTPServer/ftpd.c:18:0:
../ioLibrary_Driver/Internet/FTPServer/stdio_private.h:44:0: warning: "__SSTR" redefined
 #define __SSTR 0x0004  /* this is an sprintf/snprintf string */
 
In file included from ../ioLibrary_Driver/Internet/FTPServer/ftpd.c:13:0:
/opt/st/stm32cubeide_1.2.0/plugins/com.st.stm32cube.ide.mcu.externaltools.gnu-tools-for-stm32.7-2018-q2-update.linux64_1.0.0.201904181610/tools/arm-none-eabi/include/stdio.h:91:0: note: this is the location of the previous definition
 #define __SSTR 0x0200  /* this is an sprintf/snprintf string */
 
In file included from ../ioLibrary_Driver/Internet/FTPServer/ftpd.c:18:0:
../ioLibrary_Driver/Internet/FTPServer/stdio_private.h:46:0: warning: "__SERR" redefined
 #define __SERR 0x0010  /* found error */
 
In file included from ../ioLibrary_Driver/Internet/FTPServer/ftpd.c:13:0:
/opt/st/stm32cubeide_1.2.0/plugins/com.st.stm32cube.ide.mcu.externaltools.gnu-tools-for-stm32.7-2018-q2-update.linux64_1.0.0.201904181610/tools/arm-none-eabi/include/stdio.h:88:0: note: this is the location of the previous definition
 #define __SERR 0x0040  /* found error */
 
../ioLibrary_Driver/Internet/FTPServer/ftpd.c: In function 'ftpd_run':
../ioLibrary_Driver/Internet/FTPServer/ftpd.c:292:25: warning: pointer targets in passing argument 1 of 'sprintf' differ in signedness [-Wpointer-sign]
          size = sprintf(dbuf, "drwxr-xr-x 1 ftp ftp 0 Dec 31 2014 $Recycle.Bin\r\n-rwxr-xr-x 1 ftp ftp 512 Dec 31 2014 test.txt\r\n");
                         ^~~~
In file included from ../ioLibrary_Driver/Internet/FTPServer/ftpd.c:13:0:
/opt/st/stm32cubeide_1.2.0/plugins/com.st.stm32cube.ide.mcu.externaltools.gnu-tools-for-stm32.7-2018-q2-update.linux64_1.0.0.201904181610/tools/arm-none-eabi/include/stdio.h:244:5: note: expected 'char * restrict' but argument is of type 'uint8_t * {aka unsigned char *}'
 int sprintf (char *__restrict, const char *__restrict, ...)
     ^~~~~~~
../ioLibrary_Driver/Internet/FTPServer/ftpd.c:294:23: warning: pointer targets in passing argument 1 of 'strlen' differ in signedness [-Wpointer-sign]
         size = strlen(dbuf);
                       ^~~~
In file included from ../ioLibrary_Driver/Internet/FTPServer/ftpd.c:15:0:
/opt/st/stm32cubeide_1.2.0/plugins/com.st.stm32cube.ide.mcu.externaltools.gnu-tools-for-stm32.7-2018-q2-update.linux64_1.0.0.201904181610/tools/arm-none-eabi/include/string.h:41:9: note: expected 'const char *' but argument is of type 'uint8_t * {aka unsigned char *}'
 size_t  strlen (const char *);
         ^~~~~~
../ioLibrary_Driver/Internet/FTPServer/ftpd.c:298:24: warning: pointer targets in passing argument 1 of 'sprintf' differ in signedness [-Wpointer-sign]
         size = sprintf(dbuf, "226 Successfully transferred \"%s\"\r\n", ftp.workingdir);
                        ^~~~
In file included from ../ioLibrary_Driver/Internet/FTPServer/ftpd.c:13:0:
/opt/st/stm32cubeide_1.2.0/plugins/com.st.stm32cube.ide.mcu.externaltools.gnu-tools-for-stm32.7-2018-q2-update.linux64_1.0.0.201904181610/tools/arm-none-eabi/include/stdio.h:244:5: note: expected 'char * restrict' but argument is of type 'uint8_t * {aka unsigned char *}'
 int sprintf (char *__restrict, const char *__restrict, ...)
     ^~~~~~~
../ioLibrary_Driver/Internet/FTPServer/ftpd.c:351:26: warning: pointer targets in passing argument 1 of 'sprintf' differ in signedness [-Wpointer-sign]
       blocklen = sprintf(dbuf, "%s", ftp.filename);
                          ^~~~
In file included from ../ioLibrary_Driver/Internet/FTPServer/ftpd.c:13:0:
/opt/st/stm32cubeide_1.2.0/plugins/com.st.stm32cube.ide.mcu.externaltools.gnu-tools-for-stm32.7-2018-q2-update.linux64_1.0.0.201904181610/tools/arm-none-eabi/include/stdio.h:244:5: note: expected 'char * restrict' but argument is of type 'uint8_t * {aka unsigned char *}'
 int sprintf (char *__restrict, const char *__restrict, ...)
     ^~~~~~~
../ioLibrary_Driver/Internet/FTPServer/ftpd.c:362:24: warning: pointer targets in passing argument 1 of 'sprintf' differ in signedness [-Wpointer-sign]
         size = sprintf(dbuf, "226 Successfully transferred \"%s\"\r\n", ftp.filename);
                        ^~~~
In file included from ../ioLibrary_Driver/Internet/FTPServer/ftpd.c:13:0:
/opt/st/stm32cubeide_1.2.0/plugins/com.st.stm32cube.ide.mcu.externaltools.gnu-tools-for-stm32.7-2018-q2-update.linux64_1.0.0.201904181610/tools/arm-none-eabi/include/stdio.h:244:5: note: expected 'char * restrict' but argument is of type 'uint8_t * {aka unsigned char *}'
 int sprintf (char *__restrict, const char *__restrict, ...)
     ^~~~~~~
../ioLibrary_Driver/Internet/FTPServer/ftpd.c:465:24: warning: pointer targets in passing argument 1 of 'sprintf' differ in signedness [-Wpointer-sign]
         size = sprintf(dbuf, "226 Successfully transferred \"%s\"\r\n", ftp.filename);
                        ^~~~
In file included from ../ioLibrary_Driver/Internet/FTPServer/ftpd.c:13:0:
/opt/st/stm32cubeide_1.2.0/plugins/com.st.stm32cube.ide.mcu.externaltools.gnu-tools-for-stm32.7-2018-q2-update.linux64_1.0.0.201904181610/tools/arm-none-eabi/include/stdio.h:244:5: note: expected 'char * restrict' but argument is of type 'uint8_t * {aka unsigned char *}'
 int sprintf (char *__restrict, const char *__restrict, ...)
     ^~~~~~~
In file included from ../ioLibrary_Driver/Internet/FTPClient/ftpc.h:14:0,
                 from ../ioLibrary_Driver/Internet/FTPClient/ftpc.c:1:
../ioLibrary_Driver/Internet/FTPClient/stdio_private.h:43:0: warning: "__SRD" redefined
 #define __SRD 0x0001  /* OK to read */
 
In file included from ../ioLibrary_Driver/Internet/FTPClient/ftpc.h:9:0,
                 from ../ioLibrary_Driver/Internet/FTPClient/ftpc.c:1:
/opt/st/stm32cubeide_1.2.0/plugins/com.st.stm32cube.ide.mcu.externaltools.gnu-tools-for-stm32.7-2018-q2-update.linux64_1.0.0.201904181610/tools/arm-none-eabi/include/stdio.h:83:0: note: this is the location of the previous definition
 #define __SRD 0x0004  /* OK to read */
 
In file included from ../ioLibrary_Driver/Internet/FTPClient/ftpc.h:14:0,
                 from ../ioLibrary_Driver/Internet/FTPClient/ftpc.c:1:
../ioLibrary_Driver/Internet/FTPClient/stdio_private.h:44:0: warning: "__SWR" redefined
 #define __SWR 0x0002  /* OK to write */
 
In file included from ../ioLibrary_Driver/Internet/FTPClient/ftpc.h:9:0,
                 from ../ioLibrary_Driver/Internet/FTPClient/ftpc.c:1:
/opt/st/stm32cubeide_1.2.0/plugins/com.st.stm32cube.ide.mcu.externaltools.gnu-tools-for-stm32.7-2018-q2-update.linux64_1.0.0.201904181610/tools/arm-none-eabi/include/stdio.h:84:0: note: this is the location of the previous definition
arm-none-eabi-gcc "../ioLibrary_Driver/Internet/DHCP/dhcp.c" -mcpu=cortex-m3 -std=gnu11 -g3 -DUSE_HAL_DRIVER -DSTM32F103xB -DDEBUG -c -I../Drivers/CMSIS/Device/ST/STM32F1xx/Include -I../Drivers/CMSIS/Include -I../Core/Inc -I"/home/t440/Documentos/Git/STM32_eth_client_v1/ioLibrary_Driver/Ethernet/W5500" -I../Drivers/STM32F1xx_HAL_Driver/Inc/Legacy -I../Drivers/STM32F1xx_HAL_Driver/Inc -I"/home/t440/Documentos/Git/STM32_eth_client_v1/ioLibrary_Driver/Ethernet" -O0 -ffunction-sections -fdata-sections -Wall -fstack-usage -MMD -MP -MF"ioLibrary_Driver/Internet/DHCP/dhcp.d" -MT"ioLibrary_Driver/Internet/DHCP/dhcp.o" --specs=nano.specs -mfloat-abi=soft -mthumb -o "ioLibrary_Driver/Internet/DHCP/dhcp.o"
 #define __SWR 0x0008  /* OK to write */
 
In file included from ../ioLibrary_Driver/Internet/FTPClient/ftpc.h:14:0,
                 from ../ioLibrary_Driver/Internet/FTPClient/ftpc.c:1:
../ioLibrary_Driver/Internet/FTPClient/stdio_private.h:45:0: warning: "__SSTR" redefined
 #define __SSTR 0x0004  /* this is an sprintf/snprintf string */
 
In file included from ../ioLibrary_Driver/Internet/FTPClient/ftpc.h:9:0,
                 from ../ioLibrary_Driver/Internet/FTPClient/ftpc.c:1:
/opt/st/stm32cubeide_1.2.0/plugins/com.st.stm32cube.ide.mcu.externaltools.gnu-tools-for-stm32.7-2018-q2-update.linux64_1.0.0.201904181610/tools/arm-none-eabi/include/stdio.h:91:0: note: this is the location of the previous definition
 #define __SSTR 0x0200  /* this is an sprintf/snprintf string */
 
In file included from ../ioLibrary_Driver/Internet/FTPClient/ftpc.h:14:0,
                 from ../ioLibrary_Driver/Internet/FTPClient/ftpc.c:1:
arm-none-eabi-gcc "../ioLibrary_Driver/Ethernet/W5500/w5500.c" -mcpu=cortex-m3 -std=gnu11 -g3 -DUSE_HAL_DRIVER -DSTM32F103xB -DDEBUG -c -I../Drivers/CMSIS/Device/ST/STM32F1xx/Include -I../Drivers/CMSIS/Include -I../Core/Inc -I"/home/t440/Documentos/Git/STM32_eth_client_v1/ioLibrary_Driver/Ethernet/W5500" -I../Drivers/STM32F1xx_HAL_Driver/Inc/Legacy -I../Drivers/STM32F1xx_HAL_Driver/Inc -I"/home/t440/Documentos/Git/STM32_eth_client_v1/ioLibrary_Driver/Ethernet" -O0 -ffunction-sections -fdata-sections -Wall -fstack-usage -MMD -MP -MF"ioLibrary_Driver/Ethernet/W5500/w5500.d" -MT"ioLibrary_Driver/Ethernet/W5500/w5500.o" --specs=nano.specs -mfloat-abi=soft -mthumb -o "ioLibrary_Driver/Ethernet/W5500/w5500.o"
../ioLibrary_Driver/Internet/FTPClient/stdio_private.h:47:0: warning: "__SERR" redefined
 #define __SERR 0x0010  /* found error */
 
In file included from ../ioLibrary_Driver/Internet/FTPClient/ftpc.h:9:0,
                 from ../ioLibrary_Driver/Internet/FTPClient/ftpc.c:1:
/opt/st/stm32cubeide_1.2.0/plugins/com.st.stm32cube.ide.mcu.externaltools.gnu-tools-for-stm32.7-2018-q2-update.linux64_1.0.0.201904181610/tools/arm-none-eabi/include/stdio.h:88:0: note: this is the location of the previous definition
 #define __SERR 0x0040  /* found error */
 
In file included from ../ioLibrary_Driver/Internet/FTPClient/ftpc.c:1:0:
../ioLibrary_Driver/Internet/FTPClient/ftpc.h:31:17: warning: extra tokens at end of #ifndef directive
 #ifndef ftp_getc()
                 ^
../ioLibrary_Driver/Internet/FTPClient/ftpc.c: In function 'proc_ftpc':
../ioLibrary_Driver/Internet/FTPClient/ftpc.c:478:12: warning: pointer targets in passing argument 1 of 'sprintf' differ in signedness [-Wpointer-sign]
    sprintf(dat,"USER %s\r\n", User_Keyboard_MSG());
            ^~~
In file included from ../ioLibrary_Driver/Internet/FTPClient/ftpc.h:9:0,
                 from ../ioLibrary_Driver/Internet/FTPClient/ftpc.c:1:
/opt/st/stm32cubeide_1.2.0/plugins/com.st.stm32cube.ide.mcu.externaltools.gnu-tools-for-stm32.7-2018-q2-update.linux64_1.0.0.201904181610/tools/arm-none-eabi/include/stdio.h:244:5: note: expected 'char * restrict' but argument is of type 'uint8_t * {aka unsigned char *}'
 int sprintf (char *__restrict, const char *__restrict, ...)
     ^~~~~~~
../ioLibrary_Driver/Internet/FTPClient/ftpc.c:480:43: warning: pointer targets in passing argument 1 of 'strlen' differ in signedness [-Wpointer-sign]
    send(CTRL_SOCK, (uint8_t *)dat, strlen(dat));
                                           ^~~
In file included from ../ioLibrary_Driver/Internet/FTPClient/ftpc.h:11:0,
                 from ../ioLibrary_Driver/Internet/FTPClient/ftpc.c:1:
/opt/st/stm32cubeide_1.2.0/plugins/com.st.stm32cube.ide.mcu.externaltools.gnu-tools-for-stm32.7-2018-q2-update.linux64_1.0.0.201904181610/tools/arm-none-eabi/include/string.h:41:9: note: expected 'const char *' but argument is of type 'uint8_t * {aka unsigned char *}'
 size_t  strlen (const char *);
         ^~~~~~
../ioLibrary_Driver/Internet/FTPClient/ftpc.c:485:12: warning: pointer targets in passing argument 1 of 'sprintf' differ in signedness [-Wpointer-sign]
    sprintf(dat,"PASS %s\r\n", User_Keyboard_MSG());
            ^~~
In file included from ../ioLibrary_Driver/Internet/FTPClient/ftpc.h:9:0,
                 from ../ioLibrary_Driver/Internet/FTPClient/ftpc.c:1:
/opt/st/stm32cubeide_1.2.0/plugins/com.st.stm32cube.ide.mcu.externaltools.gnu-tools-for-stm32.7-2018-q2-update.linux64_1.0.0.201904181610/tools/arm-none-eabi/include/stdio.h:244:5: note: expected 'char * restrict' but argument is of type 'uint8_t * {aka unsigned char *}'
arm-none-eabi-gcc "../ioLibrary_Driver/Ethernet/W5300/w5300.c" -mcpu=cortex-m3 -std=gnu11 -g3 -DUSE_HAL_DRIVER -DSTM32F103xB -DDEBUG -c -I../Drivers/CMSIS/Device/ST/STM32F1xx/Include -I../Drivers/CMSIS/Include -I../Core/Inc -I"/home/t440/Documentos/Git/STM32_eth_client_v1/ioLibrary_Driver/Ethernet/W5500" -I../Drivers/STM32F1xx_HAL_Driver/Inc/Legacy -I../Drivers/STM32F1xx_HAL_Driver/Inc -I"/home/t440/Documentos/Git/STM32_eth_client_v1/ioLibrary_Driver/Ethernet" -O0 -ffunction-sections -fdata-sections -Wall -fstack-usage -MMD -MP -MF"ioLibrary_Driver/Ethernet/W5300/w5300.d" -MT"ioLibrary_Driver/Ethernet/W5300/w5300.o" --specs=nano.specs -mfloat-abi=soft -mthumb -o "ioLibrary_Driver/Ethernet/W5300/w5300.o"
 int sprintf (char *__restrict, const char *__restrict, ...)
     ^~~~~~~
../ioLibrary_Driver/Internet/FTPClient/ftpc.c:487:43: warning: pointer targets in passing argument 1 of 'strlen' differ in signedness [-Wpointer-sign]
    send(CTRL_SOCK, (uint8_t *)dat, strlen(dat));
                                           ^~~
In file included from ../ioLibrary_Driver/Internet/FTPClient/ftpc.h:11:0,
                 from ../ioLibrary_Driver/Internet/FTPClient/ftpc.c:1:
arm-none-eabi-gcc "../ioLibrary_Driver/Ethernet/W5200/w5200.c" -mcpu=cortex-m3 -std=gnu11 -g3 -DUSE_HAL_DRIVER -DSTM32F103xB -DDEBUG -c -I../Drivers/CMSIS/Device/ST/STM32F1xx/Include -I../Drivers/CMSIS/Include -I../Core/Inc -I"/home/t440/Documentos/Git/STM32_eth_client_v1/ioLibrary_Driver/Ethernet/W5500" -I../Drivers/STM32F1xx_HAL_Driver/Inc/Legacy -I../Drivers/STM32F1xx_HAL_Driver/Inc -I"/home/t440/Documentos/Git/STM32_eth_client_v1/ioLibrary_Driver/Ethernet" -O0 -ffunction-sections -fdata-sections -Wall -fstack-usage -MMD -MP -MF"ioLibrary_Driver/Ethernet/W5200/w5200.d" -MT"ioLibrary_Driver/Ethernet/W5200/w5200.o" --specs=nano.specs -mfloat-abi=soft -mthumb -o "ioLibrary_Driver/Ethernet/W5200/w5200.o"
/opt/st/stm32cubeide_1.2.0/plugins/com.st.stm32cube.ide.mcu.externaltools.gnu-tools-for-stm32.7-2018-q2-update.linux64_1.0.0.201904181610/tools/arm-none-eabi/include/string.h:41:9: note: expected 'const char *' but argument is of type 'uint8_t * {aka unsigned char *}'
 size_t  strlen (const char *);
         ^~~~~~
../ioLibrary_Driver/Internet/FTPClient/ftpc.c:492:12: warning: pointer targets in passing argument 1 of 'sprintf' differ in signedness [-Wpointer-sign]
    sprintf(dat,"TYPE %c\r\n", TransferAscii);
            ^~~
In file included from ../ioLibrary_Driver/Internet/FTPClient/ftpc.h:9:0,
                 from ../ioLibrary_Driver/Internet/FTPClient/ftpc.c:1:
/opt/st/stm32cubeide_1.2.0/plugins/com.st.stm32cube.ide.mcu.externaltools.gnu-tools-for-stm32.7-2018-q2-update.linux64_1.0.0.201904181610/tools/arm-none-eabi/include/stdio.h:244:5: note: expected 'char * restrict' but argument is of type 'uint8_t * {aka unsigned char *}'
 int sprintf (char *__restrict, const char *__restrict, ...)
     ^~~~~~~
../ioLibrary_Driver/Internet/FTPClient/ftpc.c:494:43: warning: pointer targets in passing argument 1 of 'strlen' differ in signedness [-Wpointer-sign]
    send(CTRL_SOCK, (uint8_t *)dat, strlen(dat));
                                           ^~~
In file included from ../ioLibrary_Driver/Internet/FTPClient/ftpc.h:11:0,
                 from ../ioLibrary_Driver/Internet/FTPClient/ftpc.c:1:
/opt/st/stm32cubeide_1.2.0/plugins/com.st.stm32cube.ide.mcu.externaltools.gnu-tools-for-stm32.7-2018-q2-update.linux64_1.0.0.201904181610/tools/arm-none-eabi/include/string.h:41:9: note: expected 'const char *' but argument is of type 'uint8_t * {aka unsigned char *}'
 size_t  strlen (const char *);
         ^~~~~~
../ioLibrary_Driver/Internet/FTPClient/ftpc.c: In function 'pportc':
../ioLibrary_Driver/Internet/FTPClient/ftpc.c:556:32: warning: implicit declaration of function 'atoi' [-Wimplicit-function-declaration]
   remote_ip.cVal[i] = (uint8_t)atoi(tok, 10);
                                ^~~~
../ioLibrary_Driver/Internet/FTPClient/ftpc.c: In function 'User_Keyboard_MSG':
../ioLibrary_Driver/Internet/FTPClient/ftpc.c:579:16: warning: implicit declaration of function 'ftp_getc'; did you mean 'fgetc'? [-Wimplicit-function-declaration]
   gMsgBuf[i] = ftp_getc();
                ^~~~~~~~
                fgetc
../ioLibrary_Driver/Internet/FTPServer/ftpd.c:150:21: warning: unused variable 'send_byte' [-Wunused-variable]
  uint32_t blocklen, send_byte, recv_byte;
                     ^~~~~~~~~
../ioLibrary_Driver/Internet/FTPServer/ftpd.c:148:21: warning: unused variable 'i' [-Wunused-variable]
  uint16_t size = 0, i;
                     ^
../ioLibrary_Driver/Internet/FTPServer/ftpd.c: In function 'pport':
../ioLibrary_Driver/Internet/FTPServer/ftpd.c:933:32: warning: implicit declaration of function 'atoi' [-Wimplicit-function-declaration]
   remote_ip.cVal[i] = (uint8_t)atoi(tok, 10);
                                ^~~~
../ioLibrary_Driver/Internet/FTPServer/ftpd.c: In function 'proc_ftpd':
../ioLibrary_Driver/Internet/FTPServer/ftpd.c:692:33: warning: 'sprintf' may write a terminating nul past the end of the destination [-Wformat-overflow=]
     sprintf(ftp.filename, "%s/%s", ftp.workingdir, arg);
                                 ^
../ioLibrary_Driver/Internet/FTPServer/ftpd.c:692:5: note: 'sprintf' output 2 or more bytes (assuming 101) into a destination of size 100
     sprintf(ftp.filename, "%s/%s", ftp.workingdir, arg);
     ^~~~~~~~~~~~~~~~~~~~~~~~~~~~~~~~~~~~~~~~~~~~~~~~~~~
../ioLibrary_Driver/Internet/FTPServer/ftpd.c:709:33: warning: 'sprintf' may write a terminating nul past the end of the destination [-Wformat-overflow=]
     sprintf(ftp.filename, "%s/%s", ftp.workingdir, arg);
                                 ^
../ioLibrary_Driver/Internet/FTPServer/ftpd.c:709:5: note: 'sprintf' output 2 or more bytes (assuming 101) into a destination of size 100
     sprintf(ftp.filename, "%s/%s", ftp.workingdir, arg);
     ^~~~~~~~~~~~~~~~~~~~~~~~~~~~~~~~~~~~~~~~~~~~~~~~~~~
../ioLibrary_Driver/Internet/FTPServer/ftpd.c: In function 'fsprintf':
../ioLibrary_Driver/Internet/FTPServer/ftpd.c:126:9: warning: 'i' is used uninitialized in this function [-Wuninitialized]
  return i;
         ^
../ioLibrary_Driver/Internet/DNS/dns.c: In function 'DNS_run':
../ioLibrary_Driver/Internet/DNS/dns.c:542:4: warning: implicit declaration of function 'wizchip_close'; did you mean 'wizchip_init'? [-Wimplicit-function-declaration]
    wizchip_close(DNS_SOCKET);
    ^~~~~~~~~~~~~
    wizchip_init
../ioLibrary_Driver/Internet/DHCP/dhcp.c: In function 'parseDHCPMSG':
../ioLibrary_Driver/Internet/DHCP/dhcp.c:604:4: warning: this 'else' clause does not guard... [-Wmisleading-indentation]
    else return 0;
    ^~~~
../ioLibrary_Driver/Internet/DHCP/dhcp.c:605:2: note: ...this statement, but the latter is misleadingly indented as if it were guarded by the 'else'
  if (svr_port == DHCP_SERVER_PORT) {
  ^~
arm-none-eabi-gcc "../ioLibrary_Driver/Ethernet/W5100S/w5100s.c" -mcpu=cortex-m3 -std=gnu11 -g3 -DUSE_HAL_DRIVER -DSTM32F103xB -DDEBUG -c -I../Drivers/CMSIS/Device/ST/STM32F1xx/Include -I../Drivers/CMSIS/Include -I../Core/Inc -I"/home/t440/Documentos/Git/STM32_eth_client_v1/ioLibrary_Driver/Ethernet/W5500" -I../Drivers/STM32F1xx_HAL_Driver/Inc/Legacy -I../Drivers/STM32F1xx_HAL_Driver/Inc -I"/home/t440/Documentos/Git/STM32_eth_client_v1/ioLibrary_Driver/Ethernet" -O0 -ffunction-sections -fdata-sections -Wall -fstack-usage -MMD -MP -MF"ioLibrary_Driver/Ethernet/W5100S/w5100s.d" -MT"ioLibrary_Driver/Ethernet/W5100S/w5100s.o" --specs=nano.specs -mfloat-abi=soft -mthumb -o "ioLibrary_Driver/Ethernet/W5100S/w5100s.o"
arm-none-eabi-gcc "../ioLibrary_Driver/Ethernet/W5100/w5100.c" -mcpu=cortex-m3 -std=gnu11 -g3 -DUSE_HAL_DRIVER -DSTM32F103xB -DDEBUG -c -I../Drivers/CMSIS/Device/ST/STM32F1xx/Include -I../Drivers/CMSIS/Include -I../Core/Inc -I"/home/t440/Documentos/Git/STM32_eth_client_v1/ioLibrary_Driver/Ethernet/W5500" -I../Drivers/STM32F1xx_HAL_Driver/Inc/Legacy -I../Drivers/STM32F1xx_HAL_Driver/Inc -I"/home/t440/Documentos/Git/STM32_eth_client_v1/ioLibrary_Driver/Ethernet" -O0 -ffunction-sections -fdata-sections -Wall -fstack-usage -MMD -MP -MF"ioLibrary_Driver/Ethernet/W5100/w5100.d" -MT"ioLibrary_Driver/Ethernet/W5100/w5100.o" --specs=nano.specs -mfloat-abi=soft -mthumb -o "ioLibrary_Driver/Ethernet/W5100/w5100.o"
arm-none-eabi-gcc "../ioLibrary_Driver/Ethernet/socket.c" -mcpu=cortex-m3 -std=gnu11 -g3 -DUSE_HAL_DRIVER -DSTM32F103xB -DDEBUG -c -I../Drivers/CMSIS/Device/ST/STM32F1xx/Include -I../Drivers/CMSIS/Include -I../Core/Inc -I"/home/t440/Documentos/Git/STM32_eth_client_v1/ioLibrary_Driver/Ethernet/W5500" -I../Drivers/STM32F1xx_HAL_Driver/Inc/Legacy -I../Drivers/STM32F1xx_HAL_Driver/Inc -I"/home/t440/Documentos/Git/STM32_eth_client_v1/ioLibrary_Driver/Ethernet" -O0 -ffunction-sections -fdata-sections -Wall -fstack-usage -MMD -MP -MF"ioLibrary_Driver/Ethernet/socket.d" -MT"ioLibrary_Driver/Ethernet/socket.o" --specs=nano.specs -mfloat-abi=soft -mthumb -o "ioLibrary_Driver/Ethernet/socket.o"
arm-none-eabi-gcc "../ioLibrary_Driver/Ethernet/wizchip_conf.c" -mcpu=cortex-m3 -std=gnu11 -g3 -DUSE_HAL_DRIVER -DSTM32F103xB -DDEBUG -c -I../Drivers/CMSIS/Device/ST/STM32F1xx/Include -I../Drivers/CMSIS/Include -I../Core/Inc -I"/home/t440/Documentos/Git/STM32_eth_client_v1/ioLibrary_Driver/Ethernet/W5500" -I../Drivers/STM32F1xx_HAL_Driver/Inc/Legacy -I../Drivers/STM32F1xx_HAL_Driver/Inc -I"/home/t440/Documentos/Git/STM32_eth_client_v1/ioLibrary_Driver/Ethernet" -O0 -ffunction-sections -fdata-sections -Wall -fstack-usage -MMD -MP -MF"ioLibrary_Driver/Ethernet/wizchip_conf.d" -MT"ioLibrary_Driver/Ethernet/wizchip_conf.o" --specs=nano.specs -mfloat-abi=soft -mthumb -o "ioLibrary_Driver/Ethernet/wizchip_conf.o"
arm-none-eabi-gcc "../ioLibrary_Driver/Application/multicast/multicast.c" -mcpu=cortex-m3 -std=gnu11 -g3 -DUSE_HAL_DRIVER -DSTM32F103xB -DDEBUG -c -I../Drivers/CMSIS/Device/ST/STM32F1xx/Include -I../Drivers/CMSIS/Include -I../Core/Inc -I"/home/t440/Documentos/Git/STM32_eth_client_v1/ioLibrary_Driver/Ethernet/W5500" -I../Drivers/STM32F1xx_HAL_Driver/Inc/Legacy -I../Drivers/STM32F1xx_HAL_Driver/Inc -I"/home/t440/Documentos/Git/STM32_eth_client_v1/ioLibrary_Driver/Ethernet" -O0 -ffunction-sections -fdata-sections -Wall -fstack-usage -MMD -MP -MF"ioLibrary_Driver/Application/multicast/multicast.d" -MT"ioLibrary_Driver/Application/multicast/multicast.o" --specs=nano.specs -mfloat-abi=soft -mthumb -o "ioLibrary_Driver/Application/multicast/multicast.o"
arm-none-eabi-gcc "../ioLibrary_Driver/Application/loopback/loopback.c" -mcpu=cortex-m3 -std=gnu11 -g3 -DUSE_HAL_DRIVER -DSTM32F103xB -DDEBUG -c -I../Drivers/CMSIS/Device/ST/STM32F1xx/Include -I../Drivers/CMSIS/Include -I../Core/Inc -I"/home/t440/Documentos/Git/STM32_eth_client_v1/ioLibrary_Driver/Ethernet/W5500" -I../Drivers/STM32F1xx_HAL_Driver/Inc/Legacy -I../Drivers/STM32F1xx_HAL_Driver/Inc -I"/home/t440/Documentos/Git/STM32_eth_client_v1/ioLibrary_Driver/Ethernet" -O0 -ffunction-sections -fdata-sections -Wall -fstack-usage -MMD -MP -MF"ioLibrary_Driver/Application/loopback/loopback.d" -MT"ioLibrary_Driver/Application/loopback/loopback.o" --specs=nano.specs -mfloat-abi=soft -mthumb -o "ioLibrary_Driver/Application/loopback/loopback.o"
arm-none-eabi-gcc "../Drivers/STM32F1xx_HAL_Driver/Src/stm32f1xx_hal.c" -mcpu=cortex-m3 -std=gnu11 -g3 -DUSE_HAL_DRIVER -DSTM32F103xB -DDEBUG -c -I../Drivers/CMSIS/Device/ST/STM32F1xx/Include -I../Drivers/CMSIS/Include -I../Core/Inc -I"/home/t440/Documentos/Git/STM32_eth_client_v1/ioLibrary_Driver/Ethernet/W5500" -I../Drivers/STM32F1xx_HAL_Driver/Inc/Legacy -I../Drivers/STM32F1xx_HAL_Driver/Inc -I"/home/t440/Documentos/Git/STM32_eth_client_v1/ioLibrary_Driver/Ethernet" -O0 -ffunction-sections -fdata-sections -Wall -fstack-usage -MMD -MP -MF"Drivers/STM32F1xx_HAL_Driver/Src/stm32f1xx_hal.d" -MT"Drivers/STM32F1xx_HAL_Driver/Src/stm32f1xx_hal.o" --specs=nano.specs -mfloat-abi=soft -mthumb -o "Drivers/STM32F1xx_HAL_Driver/Src/stm32f1xx_hal.o"
arm-none-eabi-gcc "../Drivers/STM32F1xx_HAL_Driver/Src/stm32f1xx_hal_cortex.c" -mcpu=cortex-m3 -std=gnu11 -g3 -DUSE_HAL_DRIVER -DSTM32F103xB -DDEBUG -c -I../Drivers/CMSIS/Device/ST/STM32F1xx/Include -I../Drivers/CMSIS/Include -I../Core/Inc -I"/home/t440/Documentos/Git/STM32_eth_client_v1/ioLibrary_Driver/Ethernet/W5500" -I../Drivers/STM32F1xx_HAL_Driver/Inc/Legacy -I../Drivers/STM32F1xx_HAL_Driver/Inc -I"/home/t440/Documentos/Git/STM32_eth_client_v1/ioLibrary_Driver/Ethernet" -O0 -ffunction-sections -fdata-sections -Wall -fstack-usage -MMD -MP -MF"Drivers/STM32F1xx_HAL_Driver/Src/stm32f1xx_hal_cortex.d" -MT"Drivers/STM32F1xx_HAL_Driver/Src/stm32f1xx_hal_cortex.o" --specs=nano.specs -mfloat-abi=soft -mthumb -o "Drivers/STM32F1xx_HAL_Driver/Src/stm32f1xx_hal_cortex.o"
arm-none-eabi-gcc "../Drivers/STM32F1xx_HAL_Driver/Src/stm32f1xx_hal_dma.c" -mcpu=cortex-m3 -std=gnu11 -g3 -DUSE_HAL_DRIVER -DSTM32F103xB -DDEBUG -c -I../Drivers/CMSIS/Device/ST/STM32F1xx/Include -I../Drivers/CMSIS/Include -I../Core/Inc -I"/home/t440/Documentos/Git/STM32_eth_client_v1/ioLibrary_Driver/Ethernet/W5500" -I../Drivers/STM32F1xx_HAL_Driver/Inc/Legacy -I../Drivers/STM32F1xx_HAL_Driver/Inc -I"/home/t440/Documentos/Git/STM32_eth_client_v1/ioLibrary_Driver/Ethernet" -O0 -ffunction-sections -fdata-sections -Wall -fstack-usage -MMD -MP -MF"Drivers/STM32F1xx_HAL_Driver/Src/stm32f1xx_hal_dma.d" -MT"Drivers/STM32F1xx_HAL_Driver/Src/stm32f1xx_hal_dma.o" --specs=nano.specs -mfloat-abi=soft -mthumb -o "Drivers/STM32F1xx_HAL_Driver/Src/stm32f1xx_hal_dma.o"
arm-none-eabi-gcc "../Drivers/STM32F1xx_HAL_Driver/Src/stm32f1xx_hal_exti.c" -mcpu=cortex-m3 -std=gnu11 -g3 -DUSE_HAL_DRIVER -DSTM32F103xB -DDEBUG -c -I../Drivers/CMSIS/Device/ST/STM32F1xx/Include -I../Drivers/CMSIS/Include -I../Core/Inc -I"/home/t440/Documentos/Git/STM32_eth_client_v1/ioLibrary_Driver/Ethernet/W5500" -I../Drivers/STM32F1xx_HAL_Driver/Inc/Legacy -I../Drivers/STM32F1xx_HAL_Driver/Inc -I"/home/t440/Documentos/Git/STM32_eth_client_v1/ioLibrary_Driver/Ethernet" -O0 -ffunction-sections -fdata-sections -Wall -fstack-usage -MMD -MP -MF"Drivers/STM32F1xx_HAL_Driver/Src/stm32f1xx_hal_exti.d" -MT"Drivers/STM32F1xx_HAL_Driver/Src/stm32f1xx_hal_exti.o" --specs=nano.specs -mfloat-abi=soft -mthumb -o "Drivers/STM32F1xx_HAL_Driver/Src/stm32f1xx_hal_exti.o"
arm-none-eabi-gcc "../Drivers/STM32F1xx_HAL_Driver/Src/stm32f1xx_hal_flash.c" -mcpu=cortex-m3 -std=gnu11 -g3 -DUSE_HAL_DRIVER -DSTM32F103xB -DDEBUG -c -I../Drivers/CMSIS/Device/ST/STM32F1xx/Include -I../Drivers/CMSIS/Include -I../Core/Inc -I"/home/t440/Documentos/Git/STM32_eth_client_v1/ioLibrary_Driver/Ethernet/W5500" -I../Drivers/STM32F1xx_HAL_Driver/Inc/Legacy -I../Drivers/STM32F1xx_HAL_Driver/Inc -I"/home/t440/Documentos/Git/STM32_eth_client_v1/ioLibrary_Driver/Ethernet" -O0 -ffunction-sections -fdata-sections -Wall -fstack-usage -MMD -MP -MF"Drivers/STM32F1xx_HAL_Driver/Src/stm32f1xx_hal_flash.d" -MT"Drivers/STM32F1xx_HAL_Driver/Src/stm32f1xx_hal_flash.o" --specs=nano.specs -mfloat-abi=soft -mthumb -o "Drivers/STM32F1xx_HAL_Driver/Src/stm32f1xx_hal_flash.o"
arm-none-eabi-gcc "../Drivers/STM32F1xx_HAL_Driver/Src/stm32f1xx_hal_flash_ex.c" -mcpu=cortex-m3 -std=gnu11 -g3 -DUSE_HAL_DRIVER -DSTM32F103xB -DDEBUG -c -I../Drivers/CMSIS/Device/ST/STM32F1xx/Include -I../Drivers/CMSIS/Include -I../Core/Inc -I"/home/t440/Documentos/Git/STM32_eth_client_v1/ioLibrary_Driver/Ethernet/W5500" -I../Drivers/STM32F1xx_HAL_Driver/Inc/Legacy -I../Drivers/STM32F1xx_HAL_Driver/Inc -I"/home/t440/Documentos/Git/STM32_eth_client_v1/ioLibrary_Driver/Ethernet" -O0 -ffunction-sections -fdata-sections -Wall -fstack-usage -MMD -MP -MF"Drivers/STM32F1xx_HAL_Driver/Src/stm32f1xx_hal_flash_ex.d" -MT"Drivers/STM32F1xx_HAL_Driver/Src/stm32f1xx_hal_flash_ex.o" --specs=nano.specs -mfloat-abi=soft -mthumb -o "Drivers/STM32F1xx_HAL_Driver/Src/stm32f1xx_hal_flash_ex.o"
arm-none-eabi-gcc "../Drivers/STM32F1xx_HAL_Driver/Src/stm32f1xx_hal_gpio.c" -mcpu=cortex-m3 -std=gnu11 -g3 -DUSE_HAL_DRIVER -DSTM32F103xB -DDEBUG -c -I../Drivers/CMSIS/Device/ST/STM32F1xx/Include -I../Drivers/CMSIS/Include -I../Core/Inc -I"/home/t440/Documentos/Git/STM32_eth_client_v1/ioLibrary_Driver/Ethernet/W5500" -I../Drivers/STM32F1xx_HAL_Driver/Inc/Legacy -I../Drivers/STM32F1xx_HAL_Driver/Inc -I"/home/t440/Documentos/Git/STM32_eth_client_v1/ioLibrary_Driver/Ethernet" -O0 -ffunction-sections -fdata-sections -Wall -fstack-usage -MMD -MP -MF"Drivers/STM32F1xx_HAL_Driver/Src/stm32f1xx_hal_gpio.d" -MT"Drivers/STM32F1xx_HAL_Driver/Src/stm32f1xx_hal_gpio.o" --specs=nano.specs -mfloat-abi=soft -mthumb -o "Drivers/STM32F1xx_HAL_Driver/Src/stm32f1xx_hal_gpio.o"
arm-none-eabi-gcc "../Drivers/STM32F1xx_HAL_Driver/Src/stm32f1xx_hal_gpio_ex.c" -mcpu=cortex-m3 -std=gnu11 -g3 -DUSE_HAL_DRIVER -DSTM32F103xB -DDEBUG -c -I../Drivers/CMSIS/Device/ST/STM32F1xx/Include -I../Drivers/CMSIS/Include -I../Core/Inc -I"/home/t440/Documentos/Git/STM32_eth_client_v1/ioLibrary_Driver/Ethernet/W5500" -I../Drivers/STM32F1xx_HAL_Driver/Inc/Legacy -I../Drivers/STM32F1xx_HAL_Driver/Inc -I"/home/t440/Documentos/Git/STM32_eth_client_v1/ioLibrary_Driver/Ethernet" -O0 -ffunction-sections -fdata-sections -Wall -fstack-usage -MMD -MP -MF"Drivers/STM32F1xx_HAL_Driver/Src/stm32f1xx_hal_gpio_ex.d" -MT"Drivers/STM32F1xx_HAL_Driver/Src/stm32f1xx_hal_gpio_ex.o" --specs=nano.specs -mfloat-abi=soft -mthumb -o "Drivers/STM32F1xx_HAL_Driver/Src/stm32f1xx_hal_gpio_ex.o"
arm-none-eabi-gcc "../Drivers/STM32F1xx_HAL_Driver/Src/stm32f1xx_hal_pwr.c" -mcpu=cortex-m3 -std=gnu11 -g3 -DUSE_HAL_DRIVER -DSTM32F103xB -DDEBUG -c -I../Drivers/CMSIS/Device/ST/STM32F1xx/Include -I../Drivers/CMSIS/Include -I../Core/Inc -I"/home/t440/Documentos/Git/STM32_eth_client_v1/ioLibrary_Driver/Ethernet/W5500" -I../Drivers/STM32F1xx_HAL_Driver/Inc/Legacy -I../Drivers/STM32F1xx_HAL_Driver/Inc -I"/home/t440/Documentos/Git/STM32_eth_client_v1/ioLibrary_Driver/Ethernet" -O0 -ffunction-sections -fdata-sections -Wall -fstack-usage -MMD -MP -MF"Drivers/STM32F1xx_HAL_Driver/Src/stm32f1xx_hal_pwr.d" -MT"Drivers/STM32F1xx_HAL_Driver/Src/stm32f1xx_hal_pwr.o" --specs=nano.specs -mfloat-abi=soft -mthumb -o "Drivers/STM32F1xx_HAL_Driver/Src/stm32f1xx_hal_pwr.o"
arm-none-eabi-gcc "../Drivers/STM32F1xx_HAL_Driver/Src/stm32f1xx_hal_rcc.c" -mcpu=cortex-m3 -std=gnu11 -g3 -DUSE_HAL_DRIVER -DSTM32F103xB -DDEBUG -c -I../Drivers/CMSIS/Device/ST/STM32F1xx/Include -I../Drivers/CMSIS/Include -I../Core/Inc -I"/home/t440/Documentos/Git/STM32_eth_client_v1/ioLibrary_Driver/Ethernet/W5500" -I../Drivers/STM32F1xx_HAL_Driver/Inc/Legacy -I../Drivers/STM32F1xx_HAL_Driver/Inc -I"/home/t440/Documentos/Git/STM32_eth_client_v1/ioLibrary_Driver/Ethernet" -O0 -ffunction-sections -fdata-sections -Wall -fstack-usage -MMD -MP -MF"Drivers/STM32F1xx_HAL_Driver/Src/stm32f1xx_hal_rcc.d" -MT"Drivers/STM32F1xx_HAL_Driver/Src/stm32f1xx_hal_rcc.o" --specs=nano.specs -mfloat-abi=soft -mthumb -o "Drivers/STM32F1xx_HAL_Driver/Src/stm32f1xx_hal_rcc.o"
arm-none-eabi-gcc "../Drivers/STM32F1xx_HAL_Driver/Src/stm32f1xx_hal_rcc_ex.c" -mcpu=cortex-m3 -std=gnu11 -g3 -DUSE_HAL_DRIVER -DSTM32F103xB -DDEBUG -c -I../Drivers/CMSIS/Device/ST/STM32F1xx/Include -I../Drivers/CMSIS/Include -I../Core/Inc -I"/home/t440/Documentos/Git/STM32_eth_client_v1/ioLibrary_Driver/Ethernet/W5500" -I../Drivers/STM32F1xx_HAL_Driver/Inc/Legacy -I../Drivers/STM32F1xx_HAL_Driver/Inc -I"/home/t440/Documentos/Git/STM32_eth_client_v1/ioLibrary_Driver/Ethernet" -O0 -ffunction-sections -fdata-sections -Wall -fstack-usage -MMD -MP -MF"Drivers/STM32F1xx_HAL_Driver/Src/stm32f1xx_hal_rcc_ex.d" -MT"Drivers/STM32F1xx_HAL_Driver/Src/stm32f1xx_hal_rcc_ex.o" --specs=nano.specs -mfloat-abi=soft -mthumb -o "Drivers/STM32F1xx_HAL_Driver/Src/stm32f1xx_hal_rcc_ex.o"
arm-none-eabi-gcc "../Drivers/STM32F1xx_HAL_Driver/Src/stm32f1xx_hal_spi.c" -mcpu=cortex-m3 -std=gnu11 -g3 -DUSE_HAL_DRIVER -DSTM32F103xB -DDEBUG -c -I../Drivers/CMSIS/Device/ST/STM32F1xx/Include -I../Drivers/CMSIS/Include -I../Core/Inc -I"/home/t440/Documentos/Git/STM32_eth_client_v1/ioLibrary_Driver/Ethernet/W5500" -I../Drivers/STM32F1xx_HAL_Driver/Inc/Legacy -I../Drivers/STM32F1xx_HAL_Driver/Inc -I"/home/t440/Documentos/Git/STM32_eth_client_v1/ioLibrary_Driver/Ethernet" -O0 -ffunction-sections -fdata-sections -Wall -fstack-usage -MMD -MP -MF"Drivers/STM32F1xx_HAL_Driver/Src/stm32f1xx_hal_spi.d" -MT"Drivers/STM32F1xx_HAL_Driver/Src/stm32f1xx_hal_spi.o" --specs=nano.specs -mfloat-abi=soft -mthumb -o "Drivers/STM32F1xx_HAL_Driver/Src/stm32f1xx_hal_spi.o"
arm-none-eabi-gcc "../Drivers/STM32F1xx_HAL_Driver/Src/stm32f1xx_hal_tim.c" -mcpu=cortex-m3 -std=gnu11 -g3 -DUSE_HAL_DRIVER -DSTM32F103xB -DDEBUG -c -I../Drivers/CMSIS/Device/ST/STM32F1xx/Include -I../Drivers/CMSIS/Include -I../Core/Inc -I"/home/t440/Documentos/Git/STM32_eth_client_v1/ioLibrary_Driver/Ethernet/W5500" -I../Drivers/STM32F1xx_HAL_Driver/Inc/Legacy -I../Drivers/STM32F1xx_HAL_Driver/Inc -I"/home/t440/Documentos/Git/STM32_eth_client_v1/ioLibrary_Driver/Ethernet" -O0 -ffunction-sections -fdata-sections -Wall -fstack-usage -MMD -MP -MF"Drivers/STM32F1xx_HAL_Driver/Src/stm32f1xx_hal_tim.d" -MT"Drivers/STM32F1xx_HAL_Driver/Src/stm32f1xx_hal_tim.o" --specs=nano.specs -mfloat-abi=soft -mthumb -o "Drivers/STM32F1xx_HAL_Driver/Src/stm32f1xx_hal_tim.o"
arm-none-eabi-gcc "../Drivers/STM32F1xx_HAL_Driver/Src/stm32f1xx_hal_tim_ex.c" -mcpu=cortex-m3 -std=gnu11 -g3 -DUSE_HAL_DRIVER -DSTM32F103xB -DDEBUG -c -I../Drivers/CMSIS/Device/ST/STM32F1xx/Include -I../Drivers/CMSIS/Include -I../Core/Inc -I"/home/t440/Documentos/Git/STM32_eth_client_v1/ioLibrary_Driver/Ethernet/W5500" -I../Drivers/STM32F1xx_HAL_Driver/Inc/Legacy -I../Drivers/STM32F1xx_HAL_Driver/Inc -I"/home/t440/Documentos/Git/STM32_eth_client_v1/ioLibrary_Driver/Ethernet" -O0 -ffunction-sections -fdata-sections -Wall -fstack-usage -MMD -MP -MF"Drivers/STM32F1xx_HAL_Driver/Src/stm32f1xx_hal_tim_ex.d" -MT"Drivers/STM32F1xx_HAL_Driver/Src/stm32f1xx_hal_tim_ex.o" --specs=nano.specs -mfloat-abi=soft -mthumb -o "Drivers/STM32F1xx_HAL_Driver/Src/stm32f1xx_hal_tim_ex.o"
arm-none-eabi-gcc "../Drivers/STM32F1xx_HAL_Driver/Src/stm32f1xx_hal_uart.c" -mcpu=cortex-m3 -std=gnu11 -g3 -DUSE_HAL_DRIVER -DSTM32F103xB -DDEBUG -c -I../Drivers/CMSIS/Device/ST/STM32F1xx/Include -I../Drivers/CMSIS/Include -I../Core/Inc -I"/home/t440/Documentos/Git/STM32_eth_client_v1/ioLibrary_Driver/Ethernet/W5500" -I../Drivers/STM32F1xx_HAL_Driver/Inc/Legacy -I../Drivers/STM32F1xx_HAL_Driver/Inc -I"/home/t440/Documentos/Git/STM32_eth_client_v1/ioLibrary_Driver/Ethernet" -O0 -ffunction-sections -fdata-sections -Wall -fstack-usage -MMD -MP -MF"Drivers/STM32F1xx_HAL_Driver/Src/stm32f1xx_hal_uart.d" -MT"Drivers/STM32F1xx_HAL_Driver/Src/stm32f1xx_hal_uart.o" --specs=nano.specs -mfloat-abi=soft -mthumb -o "Drivers/STM32F1xx_HAL_Driver/Src/stm32f1xx_hal_uart.o"
arm-none-eabi-gcc -mcpu=cortex-m3 -g3 -c -x assembler-with-cpp --specs=nano.specs -mfloat-abi=soft -mthumb -o "Core/Startup/startup_stm32f103c8tx.o" "../Core/Startup/startup_stm32f103c8tx.s"
arm-none-eabi-gcc "../Core/Src/main.c" -mcpu=cortex-m3 -std=gnu11 -g3 -DUSE_HAL_DRIVER -DSTM32F103xB -DDEBUG -c -I../Drivers/CMSIS/Device/ST/STM32F1xx/Include -I../Drivers/CMSIS/Include -I../Core/Inc -I"/home/t440/Documentos/Git/STM32_eth_client_v1/ioLibrary_Driver/Ethernet/W5500" -I../Drivers/STM32F1xx_HAL_Driver/Inc/Legacy -I../Drivers/STM32F1xx_HAL_Driver/Inc -I"/home/t440/Documentos/Git/STM32_eth_client_v1/ioLibrary_Driver/Ethernet" -O0 -ffunction-sections -fdata-sections -Wall -fstack-usage -MMD -MP -MF"Core/Src/main.d" -MT"Core/Src/main.o" --specs=nano.specs -mfloat-abi=soft -mthumb -o "Core/Src/main.o"
arm-none-eabi-gcc "../Core/Src/stm32f1xx_hal_msp.c" -mcpu=cortex-m3 -std=gnu11 -g3 -DUSE_HAL_DRIVER -DSTM32F103xB -DDEBUG -c -I../Drivers/CMSIS/Device/ST/STM32F1xx/Include -I../Drivers/CMSIS/Include -I../Core/Inc -I"/home/t440/Documentos/Git/STM32_eth_client_v1/ioLibrary_Driver/Ethernet/W5500" -I../Drivers/STM32F1xx_HAL_Driver/Inc/Legacy -I../Drivers/STM32F1xx_HAL_Driver/Inc -I"/home/t440/Documentos/Git/STM32_eth_client_v1/ioLibrary_Driver/Ethernet" -O0 -ffunction-sections -fdata-sections -Wall -fstack-usage -MMD -MP -MF"Core/Src/stm32f1xx_hal_msp.d" -MT"Core/Src/stm32f1xx_hal_msp.o" --specs=nano.specs -mfloat-abi=soft -mthumb -o "Core/Src/stm32f1xx_hal_msp.o"
arm-none-eabi-gcc "../Core/Src/stm32f1xx_it.c" -mcpu=cortex-m3 -std=gnu11 -g3 -DUSE_HAL_DRIVER -DSTM32F103xB -DDEBUG -c -I../Drivers/CMSIS/Device/ST/STM32F1xx/Include -I../Drivers/CMSIS/Include -I../Core/Inc -I"/home/t440/Documentos/Git/STM32_eth_client_v1/ioLibrary_Driver/Ethernet/W5500" -I../Drivers/STM32F1xx_HAL_Driver/Inc/Legacy -I../Drivers/STM32F1xx_HAL_Driver/Inc -I"/home/t440/Documentos/Git/STM32_eth_client_v1/ioLibrary_Driver/Ethernet" -O0 -ffunction-sections -fdata-sections -Wall -fstack-usage -MMD -MP -MF"Core/Src/stm32f1xx_it.d" -MT"Core/Src/stm32f1xx_it.o" --specs=nano.specs -mfloat-abi=soft -mthumb -o "Core/Src/stm32f1xx_it.o"
../Core/Src/main.c: In function 'main':
../Core/Src/main.c:213:22: warning: pointer targets in passing argument 1 of 'strlen' differ in signedness [-Wpointer-sign]
            PRINT_STR(rcvBuf);
                      ^
../Core/Src/main.c:58:52: note: in definition of macro 'PRINT_STR'
   HAL_UART_Transmit(&huart1, (uint8_t*)msg, strlen(msg), 100);  \
                                                    ^~~
In file included from ../Core/Inc/main.h:39:0,
                 from ../Core/Src/main.c:22:
/opt/st/stm32cubeide_1.2.0/plugins/com.st.stm32cube.ide.mcu.externaltools.gnu-tools-for-stm32.7-2018-q2-update.linux64_1.0.0.201904181610/tools/arm-none-eabi/include/string.h:41:9: note: expected 'const char *' but argument is of type 'uint8_t * {aka unsigned char *}'
 size_t  strlen (const char *);
         ^~~~~~
../Core/Src/main.c:138:10: warning: unused variable 'rcvLen' [-Wunused-variable]
  int16_t rcvLen;
          ^~~~~~
arm-none-eabi-gcc "../Core/Src/syscalls.c" -mcpu=cortex-m3 -std=gnu11 -g3 -DUSE_HAL_DRIVER -DSTM32F103xB -DDEBUG -c -I../Drivers/CMSIS/Device/ST/STM32F1xx/Include -I../Drivers/CMSIS/Include -I../Core/Inc -I"/home/t440/Documentos/Git/STM32_eth_client_v1/ioLibrary_Driver/Ethernet/W5500" -I../Drivers/STM32F1xx_HAL_Driver/Inc/Legacy -I../Drivers/STM32F1xx_HAL_Driver/Inc -I"/home/t440/Documentos/Git/STM32_eth_client_v1/ioLibrary_Driver/Ethernet" -O0 -ffunction-sections -fdata-sections -Wall -fstack-usage -MMD -MP -MF"Core/Src/syscalls.d" -MT"Core/Src/syscalls.o" --specs=nano.specs -mfloat-abi=soft -mthumb -o "Core/Src/syscalls.o"
arm-none-eabi-gcc "../Core/Src/sysmem.c" -mcpu=cortex-m3 -std=gnu11 -g3 -DUSE_HAL_DRIVER -DSTM32F103xB -DDEBUG -c -I../Drivers/CMSIS/Device/ST/STM32F1xx/Include -I../Drivers/CMSIS/Include -I../Core/Inc -I"/home/t440/Documentos/Git/STM32_eth_client_v1/ioLibrary_Driver/Ethernet/W5500" -I../Drivers/STM32F1xx_HAL_Driver/Inc/Legacy -I../Drivers/STM32F1xx_HAL_Driver/Inc -I"/home/t440/Documentos/Git/STM32_eth_client_v1/ioLibrary_Driver/Ethernet" -O0 -ffunction-sections -fdata-sections -Wall -fstack-usage -MMD -MP -MF"Core/Src/sysmem.d" -MT"Core/Src/sysmem.o" --specs=nano.specs -mfloat-abi=soft -mthumb -o "Core/Src/sysmem.o"
arm-none-eabi-gcc "../Core/Src/system_stm32f1xx.c" -mcpu=cortex-m3 -std=gnu11 -g3 -DUSE_HAL_DRIVER -DSTM32F103xB -DDEBUG -c -I../Drivers/CMSIS/Device/ST/STM32F1xx/Include -I../Drivers/CMSIS/Include -I../Core/Inc -I"/home/t440/Documentos/Git/STM32_eth_client_v1/ioLibrary_Driver/Ethernet/W5500" -I../Drivers/STM32F1xx_HAL_Driver/Inc/Legacy -I../Drivers/STM32F1xx_HAL_Driver/Inc -I"/home/t440/Documentos/Git/STM32_eth_client_v1/ioLibrary_Driver/Ethernet" -O0 -ffunction-sections -fdata-sections -Wall -fstack-usage -MMD -MP -MF"Core/Src/system_stm32f1xx.d" -MT"Core/Src/system_stm32f1xx.o" --specs=nano.specs -mfloat-abi=soft -mthumb -o "Core/Src/system_stm32f1xx.o"
arm-none-eabi-gcc -o "STM32_eth_client_v1.elf" @"objects.list"   -mcpu=cortex-m3 -T"/home/t440/Documentos/Git/STM32_eth_client_v1/STM32F103C8TX_FLASH.ld" --specs=nosys.specs -Wl,-Map="STM32_eth_client_v1.map" -Wl,--gc-sections -static --specs=nano.specs -mfloat-abi=soft -mthumb -Wl,--start-group -lc -lm -Wl,--end-group
Finished building target: STM32_eth_client_v1.elf
 
arm-none-eabi-size   STM32_eth_client_v1.elf 
arm-none-eabi-objdump -h -S  STM32_eth_client_v1.elf  > "STM32_eth_client_v1.list"
arm-none-eabi-objcopy  -O binary  STM32_eth_client_v1.elf  "STM32_eth_client_v1.bin"
   text	   data	    bss	    dec	    hex	filename
  17228	    164	   1836	  19228	   4b1c	STM32_eth_client_v1.elf
Finished building: default.size.stdout
 
Finished building: STM32_eth_client_v1.bin
 
Finished building: STM32_eth_client_v1.list
 

09:56:56 Build Finished. 0 errors, 61 warnings. (took 4s.206ms)

